Archive member included to satisfy reference by file (symbol)

/Pace-2024-ectf/msdk/Libraries/PeriphDrivers/bin/MAX78000/softfp/libPeriphDriver_softfp.a(mxc_delay.o)
                              /Pace-2024-ectf/application_processor/build/application_processor.o (MXC_Delay)
/Pace-2024-ectf/msdk/Libraries/PeriphDrivers/bin/MAX78000/softfp/libPeriphDriver_softfp.a(nvic_table.o)
                              /Pace-2024-ectf/application_processor/build/simple_flash.o (MXC_NVIC_SetVector)
/Pace-2024-ectf/msdk/Libraries/PeriphDrivers/bin/MAX78000/softfp/libPeriphDriver_softfp.a(pins_ai85.o)
                              /Pace-2024-ectf/application_processor/build/camera.o (gpio_cfg_pcif_xclk)
/Pace-2024-ectf/msdk/Libraries/PeriphDrivers/bin/MAX78000/softfp/libPeriphDriver_softfp.a(sys_ai85.o)
                              /Pace-2024-ectf/application_processor/build/board.o (MXC_SYS_ClockEnable)
/Pace-2024-ectf/msdk/Libraries/PeriphDrivers/bin/MAX78000/softfp/libPeriphDriver_softfp.a(cameraif_ai85.o)
                              /Pace-2024-ectf/application_processor/build/camera.o (MXC_PCIF_Init)
/Pace-2024-ectf/msdk/Libraries/PeriphDrivers/bin/MAX78000/softfp/libPeriphDriver_softfp.a(cameraif_reva.o)
                              /Pace-2024-ectf/msdk/Libraries/PeriphDrivers/bin/MAX78000/softfp/libPeriphDriver_softfp.a(cameraif_ai85.o) (MXC_PCIF_RevA_SetDatawidth)
/Pace-2024-ectf/msdk/Libraries/PeriphDrivers/bin/MAX78000/softfp/libPeriphDriver_softfp.a(dma_me17.o)
                              /Pace-2024-ectf/application_processor/build/camera.o (MXC_DMA_SetCallback)
/Pace-2024-ectf/msdk/Libraries/PeriphDrivers/bin/MAX78000/softfp/libPeriphDriver_softfp.a(dma_reva.o)
                              /Pace-2024-ectf/msdk/Libraries/PeriphDrivers/bin/MAX78000/softfp/libPeriphDriver_softfp.a(dma_me17.o) (MXC_DMA_RevA_Init)
/Pace-2024-ectf/msdk/Libraries/PeriphDrivers/bin/MAX78000/softfp/libPeriphDriver_softfp.a(flc_me17.o)
                              /Pace-2024-ectf/application_processor/build/simple_flash.o (MXC_FLC_PageErase)
/Pace-2024-ectf/msdk/Libraries/PeriphDrivers/bin/MAX78000/softfp/libPeriphDriver_softfp.a(flc_reva.o)
                              /Pace-2024-ectf/msdk/Libraries/PeriphDrivers/bin/MAX78000/softfp/libPeriphDriver_softfp.a(flc_me17.o) (MXC_FLC_RevA_Busy)
/Pace-2024-ectf/msdk/Libraries/PeriphDrivers/bin/MAX78000/softfp/libPeriphDriver_softfp.a(gpio_ai85.o)
                              /Pace-2024-ectf/application_processor/build/led.o (MXC_GPIO_Config)
/Pace-2024-ectf/msdk/Libraries/PeriphDrivers/bin/MAX78000/softfp/libPeriphDriver_softfp.a(gpio_reva.o)
                              /Pace-2024-ectf/msdk/Libraries/PeriphDrivers/bin/MAX78000/softfp/libPeriphDriver_softfp.a(gpio_ai85.o) (MXC_GPIO_RevA_InGet)
/Pace-2024-ectf/msdk/Libraries/PeriphDrivers/bin/MAX78000/softfp/libPeriphDriver_softfp.a(i2c_me17.o)
                              /Pace-2024-ectf/application_processor/build/simple_i2c_controller.o (MXC_I2C_Init)
/Pace-2024-ectf/msdk/Libraries/PeriphDrivers/bin/MAX78000/softfp/libPeriphDriver_softfp.a(i2c_reva.o)
                              /Pace-2024-ectf/msdk/Libraries/PeriphDrivers/bin/MAX78000/softfp/libPeriphDriver_softfp.a(i2c_me17.o) (MXC_I2C_RevA_DMACallback)
/Pace-2024-ectf/msdk/Libraries/PeriphDrivers/bin/MAX78000/softfp/libPeriphDriver_softfp.a(icc_me17.o)
                              /Pace-2024-ectf/application_processor/build/system_max78000.o (MXC_ICC_Enable)
/Pace-2024-ectf/msdk/Libraries/PeriphDrivers/bin/MAX78000/softfp/libPeriphDriver_softfp.a(icc_reva.o)
                              /Pace-2024-ectf/msdk/Libraries/PeriphDrivers/bin/MAX78000/softfp/libPeriphDriver_softfp.a(icc_me17.o) (MXC_ICC_RevA_ID)
/Pace-2024-ectf/msdk/Libraries/PeriphDrivers/bin/MAX78000/softfp/libPeriphDriver_softfp.a(pt_ai85.o)
                              /Pace-2024-ectf/application_processor/build/camera.o (MXC_PT_Init)
/Pace-2024-ectf/msdk/Libraries/PeriphDrivers/bin/MAX78000/softfp/libPeriphDriver_softfp.a(pt_reva.o)
                              /Pace-2024-ectf/msdk/Libraries/PeriphDrivers/bin/MAX78000/softfp/libPeriphDriver_softfp.a(pt_ai85.o) (MXC_PT_RevA_Init)
/Pace-2024-ectf/msdk/Libraries/PeriphDrivers/bin/MAX78000/softfp/libPeriphDriver_softfp.a(spi_me17.o)
                              /Pace-2024-ectf/application_processor/build/tft_ili9341.o (MXC_SPI_Init)
/Pace-2024-ectf/msdk/Libraries/PeriphDrivers/bin/MAX78000/softfp/libPeriphDriver_softfp.a(spi_reva.o)
                              /Pace-2024-ectf/msdk/Libraries/PeriphDrivers/bin/MAX78000/softfp/libPeriphDriver_softfp.a(spi_me17.o) (MXC_SPI_RevA_Init)
/Pace-2024-ectf/msdk/Libraries/PeriphDrivers/bin/MAX78000/softfp/libPeriphDriver_softfp.a(uart_ai85.o)
                              /Pace-2024-ectf/application_processor/build/board.o (MXC_UART_Shutdown)
/Pace-2024-ectf/msdk/Libraries/PeriphDrivers/bin/MAX78000/softfp/libPeriphDriver_softfp.a(uart_common.o)
[...]
Memory Configuration

Name             Origin             Length             Attributes
ROM              0x00000000         0x00010000         xr
BOOTLOADER       0x10000000         0x0000e000         xr
FLASH            0x1000e000         0x00038000         xr
RESERVED         0x10046000         0x00038000         rw
ROM_BL_PAGE      0x1007e000         0x00002000         rw
SRAM             0x20000000         0x00020000         xrw
*default*        0x00000000         0xffffffff

Linker script and memory map

LOAD /nix/store/shci5ykbsfws7kcxpqnn2qqxfw761haw-gcc-arm-embedded-12.3.rel1/bin/../lib/gcc/arm-none-eabi/12.3.1/thumb/v7e-m/nofp/crti.o
LOAD /nix/store/shci5ykbsfws7kcxpqnn2qqxfw761haw-gcc-arm-embedded-12.3.rel1/bin/../lib/gcc/arm-none-eabi/12.3.1/thumb/v7e-m/nofp/crtbegin.o
LOAD /nix/store/shci5ykbsfws7kcxpqnn2qqxfw761haw-gcc-arm-embedded-12.3.rel1/bin/../lib/gcc/arm-none-eabi/12.3.1/../../../../arm-none-eabi/lib/thumb/v7e-m/nofp/crt0.o
LOAD /Pace-2024-ectf/application_processor/build/application_processor.o
LOAD /Pace-2024-ectf/application_processor/build/board_link.o
LOAD /Pace-2024-ectf/application_processor/build/host_messaging.o
LOAD /Pace-2024-ectf/application_processor/build/simple_crypto.o
LOAD /Pace-2024-ectf/application_processor/build/simple_flash.o
LOAD /Pace-2024-ectf/application_processor/build/simple_i2c_controller.o
LOAD /Pace-2024-ectf/application_processor/build/board.o
LOAD /Pace-2024-ectf/application_processor/build/stdio.o
LOAD /Pace-2024-ectf/application_processor/build/led.o
LOAD /Pace-2024-ectf/application_processor/build/pb.o
LOAD /Pace-2024-ectf/application_processor/build/tft_ili9341.o
LOAD /Pace-2024-ectf/application_processor/build/camera.o
LOAD /Pace-2024-ectf/application_processor/build/ov7692.o
LOAD /Pace-2024-ectf/application_processor/build/sccb.o
LOAD /Pace-2024-ectf/application_processor/build/max20303.o
LOAD /Pace-2024-ectf/application_processor/build/max9867.o
LOAD /Pace-2024-ectf/application_processor/build/startup_firmware.o
LOAD /Pace-2024-ectf/application_processor/build/heap.o
LOAD /Pace-2024-ectf/application_processor/build/system_max78000.o
START GROUP
LOAD /Pace-2024-ectf/msdk/Libraries/PeriphDrivers/bin/MAX78000/softfp/libPeriphDriver_softfp.a
LOAD /nix/store/shci5ykbsfws7kcxpqnn2qqxfw761haw-gcc-arm-embedded-12.3.rel1/bin/../lib/gcc/arm-none-eabi/12.3.1/../../../../arm-none-eabi/lib/thumb/v7e-m/nofp/libc.a
LOAD /nix/store/shci5ykbsfws7kcxpqnn2qqxfw761haw-gcc-arm-embedded-12.3.rel1/bin/../lib/gcc/arm-none-eabi/12.3.1/../../../../arm-none-eabi/lib/thumb/v7e-m/nofp/libm.a
LOAD /nix/store/shci5ykbsfws7kcxpqnn2qqxfw761haw-gcc-arm-embedded-12.3.rel1/bin/../lib/gcc/arm-none-eabi/12.3.1/../../../../arm-none-eabi/lib/thumb/v7e-m/nofp/libnosys.a
END GROUP
START GROUP
LOAD /nix/store/shci5ykbsfws7kcxpqnn2qqxfw761haw-gcc-arm-embedded-12.3.rel1/bin/../lib/gcc/arm-none-eabi/12.3.1/thumb/v7e-m/nofp/libgcc.a
LOAD /nix/store/shci5ykbsfws7kcxpqnn2qqxfw761haw-gcc-arm-embedded-12.3.rel1/bin/../lib/gcc/arm-none-eabi/12.3.1/../../../../arm-none-eabi/lib/thumb/v7e-m/nofp/libc.a
END GROUP
LOAD /nix/store/shci5ykbsfws7kcxpqnn2qqxfw761haw-gcc-arm-embedded-12.3.rel1/bin/../lib/gcc/arm-none-eabi/12.3.1/thumb/v7e-m/nofp/crtend.o
LOAD /nix/store/shci5ykbsfws7kcxpqnn2qqxfw761haw-gcc-arm-embedded-12.3.rel1/bin/../lib/gcc/arm-none-eabi/12.3.1/thumb/v7e-m/nofp/crtn.o

.rom
 *(.rom_vector)
 *(.rom_handlers*)

.text           0x1000e000    0x17a54
                0x1000e000                        _text = .
 *(.isr_vector)
 .isr_vector    0x1000e000      0x1e0 /Pace-2024-ectf/application_processor/build/startup_firmware.o
                0x1000e000                __isr_vector
 *(.firmware_startup)
 *fill*         0x1000e1e0       0x20 
 .firmware_startup
                0x1000e200        0x8 /Pace-2024-ectf/application_processor/build/startup_firmware.o
                0x1000e200                firmware_startup
 *(.text*)
 .text.deregister_tm_clones
                0x1000e208       0x1c /nix/store/shci5ykbsfws7kcxpqnn2qqxfw761haw-gcc-arm-embedded-12.3.rel1/bin/../lib/gcc/arm-none-eabi/12.3.1/thumb/v7e-m/nofp/crtbegin.o
 .text.register_tm_clones
                0x1000e224       0x24 /nix/store/shci5ykbsfws7kcxpqnn2qqxfw761haw-gcc-arm-embedded-12.3.rel1/bin/../lib/gcc/arm-none-eabi/12.3.1/thumb/v7e-m/nofp/crtbegin.o
 .text.__do_global_dtors_aux
                0x1000e248       0x28 /nix/store/shci5ykbsfws7kcxpqnn2qqxfw761haw-gcc-arm-embedded-12.3.rel1/bin/../lib/gcc/arm-none-eabi/12.3.1/thumb/v7e-m/nofp/crtbegin.o
 .text.frame_dummy
                0x1000e270       0x24 /nix/store/shci5ykbsfws7kcxpqnn2qqxfw761haw-gcc-arm-embedded-12.3.rel1/bin/../lib/gcc/arm-none-eabi/12.3.1/thumb/v7e-m/nofp/crtbegin.o
 *fill*         0x1000e294        0x4 
 .text.init     0x1000e298       0x8c /Pace-2024-ectf/application_processor/build/application_processor.o
                0x1000e298                init
 .text.scan_components
                0x1000e324      0x108 /Pace-2024-ectf/application_processor/build/application_processor.o
                0x1000e324                scan_components
 .text.validate_components
                0x1000e42c       0xb0 /Pace-2024-ectf/application_processor/build/application_processor.o
                0x1000e42c                validate_components
 .text.boot_components
                0x1000e4dc       0xc8 /Pace-2024-ectf/application_processor/build/application_processor.o
                0x1000e4dc                boot_components
 .text.attest_component
                0x1000e5a4       0xac /Pace-2024-ectf/application_processor/build/application_processor.o
                0x1000e5a4                attest_component
 .text.attempt_attest.part.0
                0x1000e650       0x60 /Pace-2024-ectf/application_processor/build/application_processor.o
 .text.boot     0x1000e6b0       0x54 /Pace-2024-ectf/application_processor/build/application_processor.o
                0x1000e6b0                boot
 .text.validate_pin
                0x1000e704       0x8c /Pace-2024-ectf/application_processor/build/application_processor.o
                0x1000e704                validate_pin
 .text.validate_token
                0x1000e790       0x7c /Pace-2024-ectf/application_processor/build/application_processor.o
                0x1000e790                validate_token
 .text.attempt_boot
                0x1000e80c       0xd4 /Pace-2024-ectf/application_processor/build/application_processor.o
                0x1000e80c                attempt_boot
 .text.attempt_replace
                0x1000e8e0      0x104 /Pace-2024-ectf/application_processor/build/application_processor.o
                0x1000e8e0                attempt_replace
 .text.startup.main
                0x1000e9e4       0xf4 /Pace-2024-ectf/application_processor/build/application_processor.o
                0x1000e9e4                main
 .text.board_link_init
                0x1000ead8        0x4 /Pace-2024-ectf/application_processor/build/board_link.o
                0x1000ead8                board_link_init
 .text.component_id_to_i2c_addr
                0x1000eadc        0x4 /Pace-2024-ectf/application_processor/build/board_link.o
                0x1000eadc                component_id_to_i2c_addr
 .text.send_packet
                0x1000eae0       0x34 /Pace-2024-ectf/application_processor/build/board_link.o
                0x1000eae0                send_packet
 .text.poll_and_receive_packet
                0x1000eb14       0x50 /Pace-2024-ectf/application_processor/build/board_link.o
                0x1000eb14                poll_and_receive_packet
 .text.recv_input
                0x1000eb64       0x5c /Pace-2024-ectf/application_processor/build/host_messaging.o
                0x1000eb64                recv_input
 .text.flash_simple_irq
                0x1000ebc0       0x30 /Pace-2024-ectf/application_processor/build/simple_flash.o
                0x1000ebc0                flash_simple_irq
 .text.flash_simple_init
                0x1000ebf0       0x30 /Pace-2024-ectf/application_processor/build/simple_flash.o
                0x1000ebf0                flash_simple_init
 .text.flash_simple_erase_page
                0x1000ec20        0x4 /Pace-2024-ectf/application_processor/build/simple_flash.o
                0x1000ec20                flash_simple_erase_page
 .text.flash_simple_read
                0x1000ec24        0x4 /Pace-2024-ectf/application_processor/build/simple_flash.o
                0x1000ec24                flash_simple_read
 .text.flash_simple_write
                0x1000ec28        0xc /Pace-2024-ectf/application_processor/build/simple_flash.o
                0x1000ec28                flash_simple_write
 .text.I2C_Handler
                0x1000ec34        0xc /Pace-2024-ectf/application_processor/build/simple_i2c_controller.o
 .text.i2c_simple_controller_init
                0x1000ec40       0x48 /Pace-2024-ectf/application_processor/build/simple_i2c_controller.o
                0x1000ec40                i2c_simple_controller_init
 .text.i2c_simple_read_transmit_done
                0x1000ec88       0x44 /Pace-2024-ectf/application_processor/build/simple_i2c_controller.o
                0x1000ec88                i2c_simple_read_transmit_done
 .text.i2c_simple_read_transmit_len
                0x1000eccc       0x44 /Pace-2024-ectf/application_processor/build/simple_i2c_controller.o
                0x1000eccc                i2c_simple_read_transmit_len
 .text.i2c_simple_write_receive_done
                0x1000ed10       0x38 /Pace-2024-ectf/application_processor/build/simple_i2c_controller.o
                0x1000ed10                i2c_simple_write_receive_done
 .text.i2c_simple_write_receive_len
                0x1000ed48       0x34 /Pace-2024-ectf/application_processor/build/simple_i2c_controller.o
                0x1000ed48                i2c_simple_write_receive_len
 .text.i2c_simple_write_transmit_done
                0x1000ed7c       0x38 /Pace-2024-ectf/application_processor/build/simple_i2c_controller.o
                0x1000ed7c                i2c_simple_write_transmit_done
 .text.i2c_simple_read_data_generic
                0x1000edb4       0x30 /Pace-2024-ectf/application_processor/build/simple_i2c_controller.o
                0x1000edb4                i2c_simple_read_data_generic
 .text.i2c_simple_write_data_generic
                0x1000ede4       0x40 /Pace-2024-ectf/application_processor/build/simple_i2c_controller.o
                0x1000ede4                i2c_simple_write_data_generic
 .text.mxc_assert
                0x1000ee24       0x10 /Pace-2024-ectf/application_processor/build/board.o
                0x1000ee24                mxc_assert
 .text.GPIO0_IRQHandler
                0x1000ee34        0x8 /Pace-2024-ectf/application_processor/build/board.o
                0x1000ee34                GPIO0_IRQHandler
 .text.GPIO1_IRQHandler
                0x1000ee3c        0x8 /Pace-2024-ectf/application_processor/build/board.o
                0x1000ee3c                GPIO1_IRQHandler
 .text.Board_Init
                0x1000ee44       0x58 /Pace-2024-ectf/application_processor/build/board.o
                0x1000ee44                Board_Init
 .text.NMI_Handler
                0x1000ee9c        0x4 /Pace-2024-ectf/application_processor/build/board.o
                0x1000ee9c                NMI_Handler
 .text._close   0x1000eea0        0x8 /Pace-2024-ectf/application_processor/build/stdio.o
                0x1000eea0                _close
 .text._isatty  0x1000eea8        0x8 /Pace-2024-ectf/application_processor/build/stdio.o
                0x1000eea8                _isatty
 .text._lseek   0x1000eeb0        0x8 /Pace-2024-ectf/application_processor/build/stdio.o
                0x1000eeb0                _lseek
 .text._fstat   0x1000eeb8        0x8 /Pace-2024-ectf/application_processor/build/stdio.o
                0x1000eeb8                _fstat
 .text._read    0x1000eec0       0x50 /Pace-2024-ectf/application_processor/build/stdio.o
                0x1000eec0                _read
 .text._write   0x1000ef10       0x60 /Pace-2024-ectf/application_processor/build/stdio.o
                0x1000ef10                _write
 .text.LED_Init
                0x1000ef70       0x40 /Pace-2024-ectf/application_processor/build/led.o
                0x1000ef70                LED_Init
 .text.LED_On   0x1000efb0       0x18 /Pace-2024-ectf/application_processor/build/led.o
                0x1000efb0                LED_On
 .text.LED_Off  0x1000efc8       0x18 /Pace-2024-ectf/application_processor/build/led.o
                0x1000efc8                LED_Off
 .text.PB_Init  0x1000efe0       0x38 /Pace-2024-ectf/application_processor/build/pb.o
                0x1000efe0                PB_Init
 .text          0x1000f018      0x148 /Pace-2024-ectf/application_processor/build/startup_firmware.o
                0x1000f018                Reset_Handler
                0x1000f056                HardFault_Handler
                0x1000f058                MemManage_Handler
                0x1000f05a                BusFault_Handler
                0x1000f05c                UsageFault_Handler
                0x1000f05e                SVC_Handler
                0x1000f060                DebugMon_Handler
                0x1000f062                PendSV_Handler
                0x1000f064                SysTick_Handler
                0x1000f066                Default_Handler
                0x1000f068                PF_IRQHandler
                0x1000f06a                WDT0_IRQHandler
                0x1000f06c                RSV02_IRQHandler
                0x1000f06e                RTC_IRQHandler
                0x1000f070                TRNG_IRQHandler
                0x1000f072                TMR0_IRQHandler
                0x1000f074                TMR1_IRQHandler
                0x1000f076                TMR2_IRQHandler
                0x1000f078                TMR3_IRQHandler
                0x1000f07a                TMR4_IRQHandler
                0x1000f07c                TMR5_IRQHandler
                0x1000f07e                RSV11_IRQHandler
                0x1000f080                RSV12_IRQHandler
                0x1000f082                I2C0_IRQHandler
                0x1000f084                UART0_IRQHandler
                0x1000f086                UART1_IRQHandler
                0x1000f088                SPI1_IRQHandler
                0x1000f08a                RSV17_IRQHandler
                0x1000f08c                RSV18_IRQHandler
                0x1000f08e                RSV19_IRQHandler
                0x1000f090                ADC_IRQHandler
                0x1000f092                RSV21_IRQHandler
                0x1000f094                RSV22_IRQHandler
                0x1000f096                FLC0_IRQHandler
                0x1000f09c                GPIO2_IRQHandler
                0x1000f09e                RSV27_IRQHandler
                0x1000f0a0                DMA0_IRQHandler
                0x1000f0a2                DMA1_IRQHandler
                0x1000f0a4                DMA2_IRQHandler
                0x1000f0a6                DMA3_IRQHandler
                0x1000f0a8                RSV32_IRQHandler
                0x1000f0aa                RSV33_IRQHandler
                0x1000f0ac                UART2_IRQHandler
                0x1000f0ae                RSV35_IRQHandler
                0x1000f0b0                I2C1_IRQHandler
                0x1000f0b2                RSV37_IRQHandler
                0x1000f0b4                RSV38_IRQHandler
                0x1000f0b6                RSV39_IRQHandler
                0x1000f0b8                RSV40_IRQHandler
                0x1000f0ba                RSV41_IRQHandler
                0x1000f0bc                RSV42_IRQHandler
                0x1000f0be                RSV43_IRQHandler
                0x1000f0c0                RSV44_IRQHandler
                0x1000f0c2                RSV45_IRQHandler
                0x1000f0c4                RSV46_IRQHandler
                0x1000f0c6                RSV47_IRQHandler
                0x1000f0c8                RSV48_IRQHandler
                0x1000f0ca                RSV49_IRQHandler
                0x1000f0cc                RSV50_IRQHandler
                0x1000f0ce                RSV51_IRQHandler
                0x1000f0d0                RSV52_IRQHandler
                0x1000f0d2                WUT_IRQHandler
                0x1000f0d4                GPIOWAKE_IRQHandler
                0x1000f0d6                RSV55_IRQHandler
                0x1000f0d8                SPI0_IRQHandler
                0x1000f0da                WDT1_IRQHandler
                0x1000f0dc                RSV58_IRQHandler
                0x1000f0de                PT_IRQHandler
                0x1000f0e0                RSV60_IRQHandler
                0x1000f0e2                RSV61_IRQHandler
                0x1000f0e4                I2C2_IRQHandler
                0x1000f0e6                RISCV_IRQHandler
                0x1000f0e8                RSV64_IRQHandler
                0x1000f0ea                RSV65_IRQHandler
                0x1000f0ec                RSV66_IRQHandler
                0x1000f0ee                OWM_IRQHandler
                0x1000f0f0                RSV68_IRQHandler
                0x1000f0f2                RSV69_IRQHandler
                0x1000f0f4                RSV70_IRQHandler
                0x1000f0f6                RSV71_IRQHandler
                0x1000f0f8                RSV72_IRQHandler
                0x1000f0fa                RSV73_IRQHandler
                0x1000f0fc                RSV74_IRQHandler
                0x1000f0fe                RSV75_IRQHandler
                0x1000f100                RSV76_IRQHandler
                0x1000f102                RSV77_IRQHandler
                0x1000f104                RSV78_IRQHandler
                0x1000f106                RSV79_IRQHandler
                0x1000f108                RSV80_IRQHandler
                0x1000f10a                RSV81_IRQHandler
                0x1000f10c                ECC_IRQHandler
                0x1000f10e                DVS_IRQHandler
                0x1000f110                SIMO_IRQHandler
                0x1000f112                RSV85_IRQHandler
                0x1000f114                RSV86_IRQHandler
                0x1000f116                RSV87_IRQHandler
                0x1000f118                UART3_IRQHandler
                0x1000f11a                RSV89_IRQHandler
                0x1000f11c                RSV90_IRQHandler
                0x1000f11e                PCIF_IRQHandler
                0x1000f120                RSV92_IRQHandler
                0x1000f122                RSV93_IRQHandler
                0x1000f124                RSV94_IRQHandler
                0x1000f126                RSV95_IRQHandler
                0x1000f128                RSV96_IRQHandler
                0x1000f12a                AES_IRQHandler
                0x1000f12c                RSV98_IRQHandler
                0x1000f12e                I2S_IRQHandler
                0x1000f130                CNN_FIFO_IRQHandler
                0x1000f132                CNN_IRQHandler
                0x1000f134                RSV102_IRQHandler
                0x1000f136                LPCMP_IRQHandler
 .text._sbrk    0x1000f160       0x3c /Pace-2024-ectf/application_processor/build/heap.o
                0x1000f160                _sbrk
 .text.SystemCoreClockUpdate
                0x1000f19c       0x68 /Pace-2024-ectf/application_processor/build/system_max78000.o
                0x1000f19c                SystemCoreClockUpdate
 .text.PreInit  0x1000f204        0x4 /Pace-2024-ectf/application_processor/build/system_max78000.o
                0x1000f204                PreInit
 .text.SystemInit
                0x1000f208       0x38 /Pace-2024-ectf/application_processor/build/system_max78000.o
                0x1000f208                SystemInit
 .text.MXC_DelayInit
                0x1000f240       0x7c /Pace-2024-ectf/msdk/Libraries/PeriphDrivers/bin/MAX78000/softfp/libPeriphDriver_softfp.a(mxc_delay.o)
 .text.MXC_DelayAsync
                0x1000f2bc       0x3c /Pace-2024-ectf/msdk/Libraries/PeriphDrivers/bin/MAX78000/softfp/libPeriphDriver_softfp.a(mxc_delay.o)
                0x1000f2bc                MXC_DelayAsync
 .text.MXC_DelayCheck
                0x1000f2f8       0x70 /Pace-2024-ectf/msdk/Libraries/PeriphDrivers/bin/MAX78000/softfp/libPeriphDriver_softfp.a(mxc_delay.o)
                0x1000f2f8                MXC_DelayCheck
 .text.MXC_DelayAbort
                0x1000f368       0x34 /Pace-2024-ectf/msdk/Libraries/PeriphDrivers/bin/MAX78000/softfp/libPeriphDriver_softfp.a(mxc_delay.o)
                0x1000f368                MXC_DelayAbort
 .text.MXC_Delay
                0x1000f39c       0x74 /Pace-2024-ectf/msdk/Libraries/PeriphDrivers/bin/MAX78000/softfp/libPeriphDriver_softfp.a(mxc_delay.o)
                0x1000f39c                MXC_Delay
 .text.MXC_NVIC_SetVector
                0x1000f410       0x50 /Pace-2024-ectf/msdk/Libraries/PeriphDrivers/bin/MAX78000/softfp/libPeriphDriver_softfp.a(nvic_table.o)
                0x1000f410                MXC_NVIC_SetVector
 .text.MXC_SYS_ClockDisable
                0x1000f460       0x44 /Pace-2024-ectf/msdk/Libraries/PeriphDrivers/bin/MAX78000/softfp/libPeriphDriver_softfp.a(sys_ai85.o)
                0x1000f460                MXC_SYS_ClockDisable
 .text.MXC_SYS_ClockEnable
                0x1000f4a4       0x4c /Pace-2024-ectf/msdk/Libraries/PeriphDrivers/bin/MAX78000/softfp/libPeriphDriver_softfp.a(sys_ai85.o)
                0x1000f4a4                MXC_SYS_ClockEnable
 .text.MXC_SYS_ClockSourceEnable
                0x1000f4f0       0xf4 /Pace-2024-ectf/msdk/Libraries/PeriphDrivers/bin/MAX78000/softfp/libPeriphDriver_softfp.a(sys_ai85.o)
                0x1000f4f0                MXC_SYS_ClockSourceEnable
 .text.MXC_SYS_Reset_Periph
                0x1000f5e4       0x50 /Pace-2024-ectf/msdk/Libraries/PeriphDrivers/bin/MAX78000/softfp/libPeriphDriver_softfp.a(sys_ai85.o)
                0x1000f5e4                MXC_SYS_Reset_Periph
 .text.MXC_FLC_Write32
                0x1000f634       0x8c /Pace-2024-ectf/msdk/Libraries/PeriphDrivers/bin/MAX78000/softfp/libPeriphDriver_softfp.a(flc_me17.o)
                0x1000f634                MXC_FLC_Write32
 .text.MXC_FLC_Write
                0x1000f6c0        0x4 /Pace-2024-ectf/msdk/Libraries/PeriphDrivers/bin/MAX78000/softfp/libPeriphDriver_softfp.a(flc_me17.o)
                0x1000f6c0                MXC_FLC_Write
 .text.MXC_FLC_Read
                0x1000f6c4        0x4 /Pace-2024-ectf/msdk/Libraries/PeriphDrivers/bin/MAX78000/softfp/libPeriphDriver_softfp.a(flc_me17.o)
                0x1000f6c4                MXC_FLC_Read
 .text.MXC_FLC_EnableInt
                0x1000f6c8        0x4 /Pace-2024-ectf/msdk/Libraries/PeriphDrivers/bin/MAX78000/softfp/libPeriphDriver_softfp.a(flc_me17.o)
                0x1000f6c8                MXC_FLC_EnableInt
 .text.MXC_FLC_RevA_EnableInt
                0x1000f6cc       0x20 /Pace-2024-ectf/msdk/Libraries/PeriphDrivers/bin/MAX78000/softfp/libPeriphDriver_softfp.a(flc_reva.o)
                0x1000f6cc                MXC_FLC_RevA_EnableInt
 .text.MXC_GPIO_Init
                0x1000f6ec       0x40 /Pace-2024-ectf/msdk/Libraries/PeriphDrivers/bin/MAX78000/softfp/libPeriphDriver_softfp.a(gpio_ai85.o)
                0x1000f6ec                MXC_GPIO_Init
 .text.MXC_GPIO_Config
                0x1000f72c      0x1f4 /Pace-2024-ectf/msdk/Libraries/PeriphDrivers/bin/MAX78000/softfp/libPeriphDriver_softfp.a(gpio_ai85.o)
                0x1000f72c                MXC_GPIO_Config
 .text.MXC_GPIO_OutSet
                0x1000f920       0x34 /Pace-2024-ectf/msdk/Libraries/PeriphDrivers/bin/MAX78000/softfp/libPeriphDriver_softfp.a(gpio_ai85.o)
                0x1000f920                MXC_GPIO_OutSet
 .text.MXC_GPIO_OutClr
                0x1000f954       0x34 /Pace-2024-ectf/msdk/Libraries/PeriphDrivers/bin/MAX78000/softfp/libPeriphDriver_softfp.a(gpio_ai85.o)
                0x1000f954                MXC_GPIO_OutClr
 .text.MXC_GPIO_Handler
                0x1000f988        0x4 /Pace-2024-ectf/msdk/Libraries/PeriphDrivers/bin/MAX78000/softfp/libPeriphDriver_softfp.a(gpio_ai85.o)
                0x1000f988                MXC_GPIO_Handler
 .text.MXC_GPIO_ClearFlags
                0x1000f98c        0x4 /Pace-2024-ectf/msdk/Libraries/PeriphDrivers/bin/MAX78000/softfp/libPeriphDriver_softfp.a(gpio_ai85.o)
                0x1000f98c                MXC_GPIO_ClearFlags
 .text.MXC_GPIO_GetFlags
                0x1000f990        0x4 /Pace-2024-ectf/msdk/Libraries/PeriphDrivers/bin/MAX78000/softfp/libPeriphDriver_softfp.a(gpio_ai85.o)
                0x1000f990                MXC_GPIO_GetFlags
 .text.MXC_GPIO_RevA_OutSet
                0x1000f994        0x4 /Pace-2024-ectf/msdk/Libraries/PeriphDrivers/bin/MAX78000/softfp/libPeriphDriver_softfp.a(gpio_reva.o)
                0x1000f994                MXC_GPIO_RevA_OutSet
 .text.MXC_GPIO_RevA_OutClr
                0x1000f998        0x4 /Pace-2024-ectf/msdk/Libraries/PeriphDrivers/bin/MAX78000/softfp/libPeriphDriver_softfp.a(gpio_reva.o)
                0x1000f998                MXC_GPIO_RevA_OutClr
 .text.MXC_GPIO_RevA_ClearFlags
                0x1000f99c        0x4 /Pace-2024-ectf/msdk/Libraries/PeriphDrivers/bin/MAX78000/softfp/libPeriphDriver_softfp.a(gpio_reva.o)
                0x1000f99c                MXC_GPIO_RevA_ClearFlags
 .text.MXC_GPIO_RevA_GetFlags
                0x1000f9a0        0x4 /Pace-2024-ectf/msdk/Libraries/PeriphDrivers/bin/MAX78000/softfp/libPeriphDriver_softfp.a(gpio_reva.o)
                0x1000f9a0                MXC_GPIO_RevA_GetFlags
 .text.MXC_GPIO_RevA_SetVSSEL
                0x1000f9a4       0x30 /Pace-2024-ectf/msdk/Libraries/PeriphDrivers/bin/MAX78000/softfp/libPeriphDriver_softfp.a(gpio_reva.o)
                0x1000f9a4                MXC_GPIO_RevA_SetVSSEL
 .text.MXC_GPIO_RevA_SetAF
                0x1000f9d4       0x6c /Pace-2024-ectf/msdk/Libraries/PeriphDrivers/bin/MAX78000/softfp/libPeriphDriver_softfp.a(gpio_reva.o)
                0x1000f9d4                MXC_GPIO_RevA_SetAF
 .text.MXC_I2C_SetSlaveAddr
                0x1000fa40        0x4 /Pace-2024-ectf/msdk/Libraries/PeriphDrivers/bin/MAX78000/softfp/libPeriphDriver_softfp.a(i2c_me17.o)
                0x1000fa40                MXC_I2C_SetSlaveAddr
 .text.MXC_I2C_Shutdown
                0x1000fa44       0x58 /Pace-2024-ectf/msdk/Libraries/PeriphDrivers/bin/MAX78000/softfp/libPeriphDriver_softfp.a(i2c_me17.o)
                0x1000fa44                MXC_I2C_Shutdown
 .text.MXC_I2C_Init
                0x1000fa9c       0x94 /Pace-2024-ectf/msdk/Libraries/PeriphDrivers/bin/MAX78000/softfp/libPeriphDriver_softfp.a(i2c_me17.o)
                0x1000fa9c                MXC_I2C_Init
 .text.MXC_I2C_SetFrequency
                0x1000fb30       0x14 /Pace-2024-ectf/msdk/Libraries/PeriphDrivers/bin/MAX78000/softfp/libPeriphDriver_softfp.a(i2c_me17.o)
                0x1000fb30                MXC_I2C_SetFrequency
 .text.MXC_I2C_GetFrequency
                0x1000fb44        0x4 /Pace-2024-ectf/msdk/Libraries/PeriphDrivers/bin/MAX78000/softfp/libPeriphDriver_softfp.a(i2c_me17.o)
                0x1000fb44                MXC_I2C_GetFrequency
 .text.MXC_I2C_Start
                0x1000fb48        0x4 /Pace-2024-ectf/msdk/Libraries/PeriphDrivers/bin/MAX78000/softfp/libPeriphDriver_softfp.a(i2c_me17.o)
                0x1000fb48                MXC_I2C_Start
 .text.MXC_I2C_Stop
                0x1000fb4c        0x4 /Pace-2024-ectf/msdk/Libraries/PeriphDrivers/bin/MAX78000/softfp/libPeriphDriver_softfp.a(i2c_me17.o)
                0x1000fb4c                MXC_I2C_Stop
 .text.MXC_I2C_ReadRXFIFO
                0x1000fb50        0x4 /Pace-2024-ectf/msdk/Libraries/PeriphDrivers/bin/MAX78000/softfp/libPeriphDriver_softfp.a(i2c_me17.o)
                0x1000fb50                MXC_I2C_ReadRXFIFO
 .text.MXC_I2C_WriteTXFIFO
                0x1000fb54        0x4 /Pace-2024-ectf/msdk/Libraries/PeriphDrivers/bin/MAX78000/softfp/libPeriphDriver_softfp.a(i2c_me17.o)
                0x1000fb54                MXC_I2C_WriteTXFIFO
 .text.MXC_I2C_ClearRXFIFO
                0x1000fb58        0x4 /Pace-2024-ectf/msdk/Libraries/PeriphDrivers/bin/MAX78000/softfp/libPeriphDriver_softfp.a(i2c_me17.o)
                0x1000fb58                MXC_I2C_ClearRXFIFO
 .text.MXC_I2C_ClearTXFIFO
                0x1000fb5c        0x4 /Pace-2024-ectf/msdk/Libraries/PeriphDrivers/bin/MAX78000/softfp/libPeriphDriver_softfp.a(i2c_me17.o)
                0x1000fb5c                MXC_I2C_ClearTXFIFO
 .text.MXC_I2C_ClearFlags
                0x1000fb60        0x4 /Pace-2024-ectf/msdk/Libraries/PeriphDrivers/bin/MAX78000/softfp/libPeriphDriver_softfp.a(i2c_me17.o)
                0x1000fb60                MXC_I2C_ClearFlags
 .text.MXC_I2C_Recover
                0x1000fb64        0x4 /Pace-2024-ectf/msdk/Libraries/PeriphDrivers/bin/MAX78000/softfp/libPeriphDriver_softfp.a(i2c_me17.o)
                0x1000fb64                MXC_I2C_Recover
 .text.MXC_I2C_MasterTransaction
                0x1000fb68        0x4 /Pace-2024-ectf/msdk/Libraries/PeriphDrivers/bin/MAX78000/softfp/libPeriphDriver_softfp.a(i2c_me17.o)
                0x1000fb68                MXC_I2C_MasterTransaction
 .text.MXC_I2C_SetRXThreshold
                0x1000fb6c        0x4 /Pace-2024-ectf/msdk/Libraries/PeriphDrivers/bin/MAX78000/softfp/libPeriphDriver_softfp.a(i2c_me17.o)
                0x1000fb6c                MXC_I2C_SetRXThreshold
 .text.MXC_I2C_SetTXThreshold
                0x1000fb70        0x4 /Pace-2024-ectf/msdk/Libraries/PeriphDrivers/bin/MAX78000/softfp/libPeriphDriver_softfp.a(i2c_me17.o)
                0x1000fb70                MXC_I2C_SetTXThreshold
 .text.MXC_I2C_AsyncHandler
                0x1000fb74        0xc /Pace-2024-ectf/msdk/Libraries/PeriphDrivers/bin/MAX78000/softfp/libPeriphDriver_softfp.a(i2c_me17.o)
                0x1000fb74                MXC_I2C_AsyncHandler
 .text.MXC_I2C_RevA_Init
                0x1000fb80       0xd0 /Pace-2024-ectf/msdk/Libraries/PeriphDrivers/bin/MAX78000/softfp/libPeriphDriver_softfp.a(i2c_reva.o)
                0x1000fb80                MXC_I2C_RevA_Init
 .text.MXC_I2C_RevA_SetSlaveAddr
                0x1000fc50       0x34 /Pace-2024-ectf/msdk/Libraries/PeriphDrivers/bin/MAX78000/softfp/libPeriphDriver_softfp.a(i2c_reva.o)
                0x1000fc50                MXC_I2C_RevA_SetSlaveAddr
 .text.MXC_I2C_RevA_SetFrequency
                0x1000fc84       0xa4 /Pace-2024-ectf/msdk/Libraries/PeriphDrivers/bin/MAX78000/softfp/libPeriphDriver_softfp.a(i2c_reva.o)
                0x1000fc84                MXC_I2C_RevA_SetFrequency
 .text.MXC_I2C_RevA_GetFrequency
                0x1000fd28       0x20 /Pace-2024-ectf/msdk/Libraries/PeriphDrivers/bin/MAX78000/softfp/libPeriphDriver_softfp.a(i2c_reva.o)
                0x1000fd28                MXC_I2C_RevA_GetFrequency
 .text.MXC_I2C_RevA_Start
                0x1000fd48       0x24 /Pace-2024-ectf/msdk/Libraries/PeriphDrivers/bin/MAX78000/softfp/libPeriphDriver_softfp.a(i2c_reva.o)
                0x1000fd48                MXC_I2C_RevA_Start
 .text.MXC_I2C_RevA_Stop
                0x1000fd6c       0x1c /Pace-2024-ectf/msdk/Libraries/PeriphDrivers/bin/MAX78000/softfp/libPeriphDriver_softfp.a(i2c_reva.o)
                0x1000fd6c                MXC_I2C_RevA_Stop
 .text.MXC_I2C_RevA_ReadRXFIFO
                0x1000fd88       0x30 /Pace-2024-ectf/msdk/Libraries/PeriphDrivers/bin/MAX78000/softfp/libPeriphDriver_softfp.a(i2c_reva.o)
                0x1000fd88                MXC_I2C_RevA_ReadRXFIFO
 .text.MXC_I2C_RevA_WriteTXFIFO
                0x1000fdb8       0x30 /Pace-2024-ectf/msdk/Libraries/PeriphDrivers/bin/MAX78000/softfp/libPeriphDriver_softfp.a(i2c_reva.o)
                0x1000fdb8                MXC_I2C_RevA_WriteTXFIFO
 .text.MXC_I2C_RevA_ClearRXFIFO
                0x1000fde8       0x10 /Pace-2024-ectf/msdk/Libraries/PeriphDrivers/bin/MAX78000/softfp/libPeriphDriver_softfp.a(i2c_reva.o)
                0x1000fde8                MXC_I2C_RevA_ClearRXFIFO
 .text.MXC_I2C_RevA_ClearTXFIFO
                0x1000fdf8       0x10 /Pace-2024-ectf/msdk/Libraries/PeriphDrivers/bin/MAX78000/softfp/libPeriphDriver_softfp.a(i2c_reva.o)
                0x1000fdf8                MXC_I2C_RevA_ClearTXFIFO
 .text.MXC_I2C_RevA_ClearFlags
                0x1000fe08        0x8 /Pace-2024-ectf/msdk/Libraries/PeriphDrivers/bin/MAX78000/softfp/libPeriphDriver_softfp.a(i2c_reva.o)
                0x1000fe08                MXC_I2C_RevA_ClearFlags
 .text.MXC_I2C_RevA_Recover
                0x1000fe10       0xd8 /Pace-2024-ectf/msdk/Libraries/PeriphDrivers/bin/MAX78000/softfp/libPeriphDriver_softfp.a(i2c_reva.o)
                0x1000fe10                MXC_I2C_RevA_Recover
 .text.MXC_I2C_RevA_MasterTransaction
                0x1000fee8      0x1ac /Pace-2024-ectf/msdk/Libraries/PeriphDrivers/bin/MAX78000/softfp/libPeriphDriver_softfp.a(i2c_reva.o)
                0x1000fee8                MXC_I2C_RevA_MasterTransaction
 .text.MXC_I2C_RevA_SetRXThreshold
                0x10010094       0x20 /Pace-2024-ectf/msdk/Libraries/PeriphDrivers/bin/MAX78000/softfp/libPeriphDriver_softfp.a(i2c_reva.o)
                0x10010094                MXC_I2C_RevA_SetRXThreshold
 .text.MXC_I2C_RevA_SetTXThreshold
                0x100100b4       0x24 /Pace-2024-ectf/msdk/Libraries/PeriphDrivers/bin/MAX78000/softfp/libPeriphDriver_softfp.a(i2c_reva.o)
                0x100100b4                MXC_I2C_RevA_SetTXThreshold
 .text.MXC_I2C_RevA_MasterAsyncHandler
                0x100100d8      0x34c /Pace-2024-ectf/msdk/Libraries/PeriphDrivers/bin/MAX78000/softfp/libPeriphDriver_softfp.a(i2c_reva.o)
                0x100100d8                MXC_I2C_RevA_MasterAsyncHandler
 .text.MXC_I2C_RevA_SlaveAsyncHandler
                0x10010424      0x298 /Pace-2024-ectf/msdk/Libraries/PeriphDrivers/bin/MAX78000/softfp/libPeriphDriver_softfp.a(i2c_reva.o)
                0x10010424                MXC_I2C_RevA_SlaveAsyncHandler
 .text.MXC_I2C_RevA_AsyncHandler
                0x100106bc       0x68 /Pace-2024-ectf/msdk/Libraries/PeriphDrivers/bin/MAX78000/softfp/libPeriphDriver_softfp.a(i2c_reva.o)
                0x100106bc                MXC_I2C_RevA_AsyncHandler
 .text.MXC_ICC_Enable
                0x10010724        0x4 /Pace-2024-ectf/msdk/Libraries/PeriphDrivers/bin/MAX78000/softfp/libPeriphDriver_softfp.a(icc_me17.o)
                0x10010724                MXC_ICC_Enable
 .text.MXC_ICC_Disable
                0x10010728        0x4 /Pace-2024-ectf/msdk/Libraries/PeriphDrivers/bin/MAX78000/softfp/libPeriphDriver_softfp.a(icc_me17.o)
                0x10010728                MXC_ICC_Disable
 .text.MXC_ICC_RevA_Enable
                0x1001072c       0x30 /Pace-2024-ectf/msdk/Libraries/PeriphDrivers/bin/MAX78000/softfp/libPeriphDriver_softfp.a(icc_reva.o)
                0x1001072c                MXC_ICC_RevA_Enable
 .text.MXC_ICC_RevA_Disable
                0x1001075c       0x10 /Pace-2024-ectf/msdk/Libraries/PeriphDrivers/bin/MAX78000/softfp/libPeriphDriver_softfp.a(icc_reva.o)
                0x1001075c                MXC_ICC_RevA_Disable
 .text.MXC_UART_Shutdown
                0x1001076c       0x70 /Pace-2024-ectf/msdk/Libraries/PeriphDrivers/bin/MAX78000/softfp/libPeriphDriver_softfp.a(uart_ai85.o)
                0x1001076c                MXC_UART_Shutdown
 .text.MXC_UART_Init
                0x100107dc       0xb8 /Pace-2024-ectf/msdk/Libraries/PeriphDrivers/bin/MAX78000/softfp/libPeriphDriver_softfp.a(uart_ai85.o)
                0x100107dc                MXC_UART_Init
 .text.MXC_UART_SetFrequency
                0x10010894       0xcc /Pace-2024-ectf/msdk/Libraries/PeriphDrivers/bin/MAX78000/softfp/libPeriphDriver_softfp.a(uart_ai85.o)
                0x10010894                MXC_UART_SetFrequency
 .text.MXC_UART_GetFrequency
                0x10010960       0x54 /Pace-2024-ectf/msdk/Libraries/PeriphDrivers/bin/MAX78000/softfp/libPeriphDriver_softfp.a(uart_ai85.o)
                0x10010960                MXC_UART_GetFrequency
 .text.MXC_UART_SetDataSize
                0x100109b4        0x4 /Pace-2024-ectf/msdk/Libraries/PeriphDrivers/bin/MAX78000/softfp/libPeriphDriver_softfp.a(uart_ai85.o)
                0x100109b4                MXC_UART_SetDataSize
 .text.MXC_UART_SetStopBits
                0x100109b8        0x4 /Pace-2024-ectf/msdk/Libraries/PeriphDrivers/bin/MAX78000/softfp/libPeriphDriver_softfp.a(uart_ai85.o)
                0x100109b8                MXC_UART_SetStopBits
 .text.MXC_UART_SetParity
                0x100109bc        0x4 /Pace-2024-ectf/msdk/Libraries/PeriphDrivers/bin/MAX78000/softfp/libPeriphDriver_softfp.a(uart_ai85.o)
                0x100109bc                MXC_UART_SetParity
 .text.MXC_UART_ReadCharacterRaw
                0x100109c0        0x4 /Pace-2024-ectf/msdk/Libraries/PeriphDrivers/bin/MAX78000/softfp/libPeriphDriver_softfp.a(uart_ai85.o)
                0x100109c0                MXC_UART_ReadCharacterRaw
 .text.MXC_UART_WriteCharacterRaw
                0x100109c4        0x4 /Pace-2024-ectf/msdk/Libraries/PeriphDrivers/bin/MAX78000/softfp/libPeriphDriver_softfp.a(uart_ai85.o)
                0x100109c4                MXC_UART_WriteCharacterRaw
 .text.MXC_UART_ReadCharacter
                0x100109c8        0x4 /Pace-2024-ectf/msdk/Libraries/PeriphDrivers/bin/MAX78000/softfp/libPeriphDriver_softfp.a(uart_ai85.o)
                0x100109c8                MXC_UART_ReadCharacter
 .text.MXC_UART_WriteCharacter
                0x100109cc        0x4 /Pace-2024-ectf/msdk/Libraries/PeriphDrivers/bin/MAX78000/softfp/libPeriphDriver_softfp.a(uart_ai85.o)
                0x100109cc                MXC_UART_WriteCharacter
 .text.MXC_UART_GetRXFIFOAvailable
                0x100109d0        0x4 /Pace-2024-ectf/msdk/Libraries/PeriphDrivers/bin/MAX78000/softfp/libPeriphDriver_softfp.a(uart_ai85.o)
                0x100109d0                MXC_UART_GetRXFIFOAvailable
 .text.MXC_UART_GetTXFIFOAvailable
                0x100109d4        0x4 /Pace-2024-ectf/msdk/Libraries/PeriphDrivers/bin/MAX78000/softfp/libPeriphDriver_softfp.a(uart_ai85.o)
                0x100109d4                MXC_UART_GetTXFIFOAvailable
 .text.MXC_UART_SetRXThreshold
                0x100109d8        0x4 /Pace-2024-ectf/msdk/Libraries/PeriphDrivers/bin/MAX78000/softfp/libPeriphDriver_softfp.a(uart_ai85.o)
                0x100109d8                MXC_UART_SetRXThreshold
 .text.MXC_UART_Common_ReadCharacter
                0x100109dc       0x18 /Pace-2024-ectf/msdk/Libraries/PeriphDrivers/bin/MAX78000/softfp/libPeriphDriver_softfp.a(uart_common.o)
                0x100109dc                MXC_UART_Common_ReadCharacter
 .text.MXC_UART_Common_WriteCharacter
                0x100109f4       0x1c /Pace-2024-ectf/msdk/Libraries/PeriphDrivers/bin/MAX78000/softfp/libPeriphDriver_softfp.a(uart_common.o)
                0x100109f4                MXC_UART_Common_WriteCharacter
 .text.MXC_UART_RevB_Init
                0x10010a10       0x70 /Pace-2024-ectf/msdk/Libraries/PeriphDrivers/bin/MAX78000/softfp/libPeriphDriver_softfp.a(uart_revb.o)
                0x10010a10                MXC_UART_RevB_Init
 .text.MXC_UART_RevB_SetFrequency
                0x10010a80       0x9c /Pace-2024-ectf/msdk/Libraries/PeriphDrivers/bin/MAX78000/softfp/libPeriphDriver_softfp.a(uart_revb.o)
                0x10010a80                MXC_UART_RevB_SetFrequency
 .text.MXC_UART_RevB_GetFrequency
                0x10010b1c       0x7c /Pace-2024-ectf/msdk/Libraries/PeriphDrivers/bin/MAX78000/softfp/libPeriphDriver_softfp.a(uart_revb.o)
                0x10010b1c                MXC_UART_RevB_GetFrequency
 .text.MXC_UART_RevB_SetDataSize
                0x10010b98       0x40 /Pace-2024-ectf/msdk/Libraries/PeriphDrivers/bin/MAX78000/softfp/libPeriphDriver_softfp.a(uart_revb.o)
                0x10010b98                MXC_UART_RevB_SetDataSize
 .text.MXC_UART_RevB_SetStopBits
                0x10010bd8       0x4c /Pace-2024-ectf/msdk/Libraries/PeriphDrivers/bin/MAX78000/softfp/libPeriphDriver_softfp.a(uart_revb.o)
                0x10010bd8                MXC_UART_RevB_SetStopBits
 .text.MXC_UART_RevB_SetParity
                0x10010c24       0xb4 /Pace-2024-ectf/msdk/Libraries/PeriphDrivers/bin/MAX78000/softfp/libPeriphDriver_softfp.a(uart_revb.o)
                0x10010c24                MXC_UART_RevB_SetParity
 .text.MXC_UART_RevB_ReadCharacterRaw
                0x10010cd8       0x38 /Pace-2024-ectf/msdk/Libraries/PeriphDrivers/bin/MAX78000/softfp/libPeriphDriver_softfp.a(uart_revb.o)
                0x10010cd8                MXC_UART_RevB_ReadCharacterRaw
 .text.MXC_UART_RevB_WriteCharacterRaw
                0x10010d10       0x3c /Pace-2024-ectf/msdk/Libraries/PeriphDrivers/bin/MAX78000/softfp/libPeriphDriver_softfp.a(uart_revb.o)
                0x10010d10                MXC_UART_RevB_WriteCharacterRaw
 .text.MXC_UART_RevB_GetRXFIFOAvailable
                0x10010d4c        0x8 /Pace-2024-ectf/msdk/Libraries/PeriphDrivers/bin/MAX78000/softfp/libPeriphDriver_softfp.a(uart_revb.o)
                0x10010d4c                MXC_UART_RevB_GetRXFIFOAvailable
 .text.MXC_UART_RevB_GetTXFIFOAvailable
                0x10010d54        0xc /Pace-2024-ectf/msdk/Libraries/PeriphDrivers/bin/MAX78000/softfp/libPeriphDriver_softfp.a(uart_revb.o)
                0x10010d54                MXC_UART_RevB_GetTXFIFOAvailable
 .text.MXC_UART_RevB_SetRXThreshold
                0x10010d60       0x40 /Pace-2024-ectf/msdk/Libraries/PeriphDrivers/bin/MAX78000/softfp/libPeriphDriver_softfp.a(uart_revb.o)
                0x10010d60                MXC_UART_RevB_SetRXThreshold
 .text.MXC_GPIO_Common_Init
                0x10010da0       0x24 /Pace-2024-ectf/msdk/Libraries/PeriphDrivers/bin/MAX78000/softfp/libPeriphDriver_softfp.a(gpio_common.o)
                0x10010da0                MXC_GPIO_Common_Init
 .text.MXC_GPIO_Common_Handler
                0x10010dc4       0x88 /Pace-2024-ectf/msdk/Libraries/PeriphDrivers/bin/MAX78000/softfp/libPeriphDriver_softfp.a(gpio_common.o)
                0x10010dc4                MXC_GPIO_Common_Handler
 .text.sscanf   0x10010e4c       0x54 /nix/store/shci5ykbsfws7kcxpqnn2qqxfw761haw-gcc-arm-embedded-12.3.rel1/bin/../lib/gcc/arm-none-eabi/12.3.1/../../../../arm-none-eabi/lib/thumb/v7e-m/nofp/libc.a(libc_a-sscanf.o)
                0x10010e4c                sscanf
 .text.__sread  0x10010ea0       0x24 /nix/store/shci5ykbsfws7kcxpqnn2qqxfw761haw-gcc-arm-embedded-12.3.rel1/bin/../lib/gcc/arm-none-eabi/12.3.1/../../../../arm-none-eabi/lib/thumb/v7e-m/nofp/libc.a(libc_a-stdio.o)
                0x10010ea0                __sread
 .text.__seofread
                0x10010ec4        0x4 /nix/store/shci5ykbsfws7kcxpqnn2qqxfw761haw-gcc-arm-embedded-12.3.rel1/bin/../lib/gcc/arm-none-eabi/12.3.1/../../../../arm-none-eabi/lib/thumb/v7e-m/nofp/libc.a(libc_a-stdio.o)
                0x10010ec4                __seofread
 .text.__swrite
                0x10010ec8       0x40 /nix/store/shci5ykbsfws7kcxpqnn2qqxfw761haw-gcc-arm-embedded-12.3.rel1/bin/../lib/gcc/arm-none-eabi/12.3.1/../../../../arm-none-eabi/lib/thumb/v7e-m/nofp/libc.a(libc_a-stdio.o)
                0x10010ec8                __swrite
 .text.__sseek  0x10010f08       0x24 /nix/store/shci5ykbsfws7kcxpqnn2qqxfw761haw-gcc-arm-embedded-12.3.rel1/bin/../lib/gcc/arm-none-eabi/12.3.1/../../../../arm-none-eabi/lib/thumb/v7e-m/nofp/libc.a(libc_a-stdio.o)
                0x10010f08                __sseek
 .text.__sclose
                0x10010f2c        0x8 /nix/store/shci5ykbsfws7kcxpqnn2qqxfw761haw-gcc-arm-embedded-12.3.rel1/bin/../lib/gcc/arm-none-eabi/12.3.1/../../../../arm-none-eabi/lib/thumb/v7e-m/nofp/libc.a(libc_a-stdio.o)
                0x10010f2c                __sclose
 .text._write_r
                0x10010f34       0x2c /nix/store/shci5ykbsfws7kcxpqnn2qqxfw761haw-gcc-arm-embedded-12.3.rel1/bin/../lib/gcc/arm-none-eabi/12.3.1/../../../../arm-none-eabi/lib/thumb/v7e-m/nofp/libc.a(libc_a-writer.o)
                0x10010f34                _write_r
 .text.__errno  0x10010f60        0xc /nix/store/shci5ykbsfws7kcxpqnn2qqxfw761haw-gcc-arm-embedded-12.3.rel1/bin/../lib/gcc/arm-none-eabi/12.3.1/../../../../arm-none-eabi/lib/thumb/v7e-m/nofp/libc.a(libc_a-errno.o)
                0x10010f60                __errno
 .text.__ssvfscanf_r
                0x10010f6c     0x1884 /nix/store/shci5ykbsfws7kcxpqnn2qqxfw761haw-gcc-arm-embedded-12.3.rel1/bin/../lib/gcc/arm-none-eabi/12.3.1/../../../../arm-none-eabi/lib/thumb/v7e-m/nofp/libc.a(libc_a-svfscanf.o)
                0x10010f6c                __ssvfscanf_r
 .text._gets_r  0x100127f0       0x94 /nix/store/shci5ykbsfws7kcxpqnn2qqxfw761haw-gcc-arm-embedded-12.3.rel1/bin/../lib/gcc/arm-none-eabi/12.3.1/../../../../arm-none-eabi/lib/thumb/v7e-m/nofp/libc.a(libc_a-gets.o)
                0x100127f0                _gets_r
 .text.gets     0x10012884       0x10 /nix/store/shci5ykbsfws7kcxpqnn2qqxfw761haw-gcc-arm-embedded-12.3.rel1/bin/../lib/gcc/arm-none-eabi/12.3.1/../../../../arm-none-eabi/lib/thumb/v7e-m/nofp/libc.a(libc_a-gets.o)
                0x10012884                gets
 .text.malloc   0x10012894       0x10 /nix/store/shci5ykbsfws7kcxpqnn2qqxfw761haw-gcc-arm-embedded-12.3.rel1/bin/../lib/gcc/arm-none-eabi/12.3.1/../../../../arm-none-eabi/lib/thumb/v7e-m/nofp/libc.a(libc_a-malloc.o)
                0x10012894                malloc
 .text.free     0x100128a4       0x10 /nix/store/shci5ykbsfws7kcxpqnn2qqxfw761haw-gcc-arm-embedded-12.3.rel1/bin/../lib/gcc/arm-none-eabi/12.3.1/../../../../arm-none-eabi/lib/thumb/v7e-m/nofp/libc.a(libc_a-malloc.o)
                0x100128a4                free
 .text._malloc_r
                0x100128b4      0x574 /nix/store/shci5ykbsfws7kcxpqnn2qqxfw761haw-gcc-arm-embedded-12.3.rel1/bin/../lib/gcc/arm-none-eabi/12.3.1/../../../../arm-none-eabi/lib/thumb/v7e-m/nofp/libc.a(libc_a-mallocr.o)
                0x100128b4                _malloc_r
 .text.startup.register_fini
                0x10012e28       0x14 /nix/store/shci5ykbsfws7kcxpqnn2qqxfw761haw-gcc-arm-embedded-12.3.rel1/bin/../lib/gcc/arm-none-eabi/12.3.1/../../../../arm-none-eabi/lib/thumb/v7e-m/nofp/libc.a(libc_a-__call_atexit.o)
 .text._mbrtowc_r
                0x10012e3c       0x54 /nix/store/shci5ykbsfws7kcxpqnn2qqxfw761haw-gcc-arm-embedded-12.3.rel1/bin/../lib/gcc/arm-none-eabi/12.3.1/../../../../arm-none-eabi/lib/thumb/v7e-m/nofp/libc.a(libc_a-mbrtowc.o)
                0x10012e3c                _mbrtowc_r
 .text.memset   0x10012e90       0xa4 /nix/store/shci5ykbsfws7kcxpqnn2qqxfw761haw-gcc-arm-embedded-12.3.rel1/bin/../lib/gcc/arm-none-eabi/12.3.1/../../../../arm-none-eabi/lib/thumb/v7e-m/nofp/libc.a(libc_a-memset.o)
                0x10012e90                memset
 .text.__libc_init_array
                0x10012f34       0x50 /nix/store/shci5ykbsfws7kcxpqnn2qqxfw761haw-gcc-arm-embedded-12.3.rel1/bin/../lib/gcc/arm-none-eabi/12.3.1/../../../../arm-none-eabi/lib/thumb/v7e-m/nofp/libc.a(libc_a-init.o)
                0x10012f34                __libc_init_array
 .text.__libc_fini_array
                0x10012f84       0x28 /nix/store/shci5ykbsfws7kcxpqnn2qqxfw761haw-gcc-arm-embedded-12.3.rel1/bin/../lib/gcc/arm-none-eabi/12.3.1/../../../../arm-none-eabi/lib/thumb/v7e-m/nofp/libc.a(libc_a-fini.o)
                0x10012f84                __libc_fini_array
 .text.__retarget_lock_init_recursive
                0x10012fac        0x4 /nix/store/shci5ykbsfws7kcxpqnn2qqxfw761haw-gcc-arm-embedded-12.3.rel1/bin/../lib/gcc/arm-none-eabi/12.3.1/../../../../arm-none-eabi/lib/thumb/v7e-m/nofp/libc.a(libc_a-lock.o)
                0x10012fac                __retarget_lock_init_recursive
 .text.__retarget_lock_close_recursive
                0x10012fb0        0x4 /nix/store/shci5ykbsfws7kcxpqnn2qqxfw761haw-gcc-arm-embedded-12.3.rel1/bin/../lib/gcc/arm-none-eabi/12.3.1/../../../../arm-none-eabi/lib/thumb/v7e-m/nofp/libc.a(libc_a-lock.o)
                0x10012fb0                __retarget_lock_close_recursive
 .text.__retarget_lock_acquire_recursive
                0x10012fb4        0x4 /nix/store/shci5ykbsfws7kcxpqnn2qqxfw761haw-gcc-arm-embedded-12.3.rel1/bin/../lib/gcc/arm-none-eabi/12.3.1/../../../../arm-none-eabi/lib/thumb/v7e-m/nofp/libc.a(libc_a-lock.o)
                0x10012fb4                __retarget_lock_acquire_recursive
 .text.__retarget_lock_release_recursive
                0x10012fb8        0x4 /nix/store/shci5ykbsfws7kcxpqnn2qqxfw761haw-gcc-arm-embedded-12.3.rel1/bin/../lib/gcc/arm-none-eabi/12.3.1/../../../../arm-none-eabi/lib/thumb/v7e-m/nofp/libc.a(libc_a-lock.o)
                0x10012fb8                __retarget_lock_release_recursive
 .text.__locale_mb_cur_max
                0x10012fbc        0xc /nix/store/shci5ykbsfws7kcxpqnn2qqxfw761haw-gcc-arm-embedded-12.3.rel1/bin/../lib/gcc/arm-none-eabi/12.3.1/../../../../arm-none-eabi/lib/thumb/v7e-m/nofp/libc.a(libc_a-locale.o)
                0x10012fbc                __locale_mb_cur_max
 .text._localeconv_r
                0x10012fc8        0x8 /nix/store/shci5ykbsfws7kcxpqnn2qqxfw761haw-gcc-arm-embedded-12.3.rel1/bin/../lib/gcc/arm-none-eabi/12.3.1/../../../../arm-none-eabi/lib/thumb/v7e-m/nofp/libc.a(libc_a-localeconv.o)
                0x10012fc8                _localeconv_r
 .text.sysconf  0x10012fd0       0x1c /nix/store/shci5ykbsfws7kcxpqnn2qqxfw761haw-gcc-arm-embedded-12.3.rel1/bin/../lib/gcc/arm-none-eabi/12.3.1/../../../../arm-none-eabi/lib/thumb/v7e-m/nofp/libc.a(libc_a-sysconf.o)
                0x10012fd0                sysconf
 *fill*         0x10012fec       0x14 
 .text          0x10013000      0x2e0 /nix/store/shci5ykbsfws7kcxpqnn2qqxfw761haw-gcc-arm-embedded-12.3.rel1/bin/../lib/gcc/arm-none-eabi/12.3.1/../../../../arm-none-eabi/lib/thumb/v7e-m/nofp/libc.a(libc_a-strcmp.o)
                0x10013000                strcmp
 .text.printf   0x100132e0       0x28 /nix/store/shci5ykbsfws7kcxpqnn2qqxfw761haw-gcc-arm-embedded-12.3.rel1/bin/../lib/gcc/arm-none-eabi/12.3.1/../../../../arm-none-eabi/lib/thumb/v7e-m/nofp/libc.a(libc_a-printf.o)
                0x100132e0                printf
 .text._puts_r  0x10013308       0x98 /nix/store/shci5ykbsfws7kcxpqnn2qqxfw761haw-gcc-arm-embedded-12.3.rel1/bin/../lib/gcc/arm-none-eabi/12.3.1/../../../../arm-none-eabi/lib/thumb/v7e-m/nofp/libc.a(libc_a-puts.o)
                0x10013308                _puts_r
 .text.puts     0x100133a0       0x10 /nix/store/shci5ykbsfws7kcxpqnn2qqxfw761haw-gcc-arm-embedded-12.3.rel1/bin/../lib/gcc/arm-none-eabi/12.3.1/../../../../arm-none-eabi/lib/thumb/v7e-m/nofp/libc.a(libc_a-puts.o)
                0x100133a0                puts
 .text.__malloc_lock
                0x100133b0        0xc /nix/store/shci5ykbsfws7kcxpqnn2qqxfw761haw-gcc-arm-embedded-12.3.rel1/bin/../lib/gcc/arm-none-eabi/12.3.1/../../../../arm-none-eabi/lib/thumb/v7e-m/nofp/libc.a(libc_a-mlock.o)
                0x100133b0                __malloc_lock
 .text.__malloc_unlock
                0x100133bc        0xc /nix/store/shci5ykbsfws7kcxpqnn2qqxfw761haw-gcc-arm-embedded-12.3.rel1/bin/../lib/gcc/arm-none-eabi/12.3.1/../../../../arm-none-eabi/lib/thumb/v7e-m/nofp/libc.a(libc_a-mlock.o)
                0x100133bc                __malloc_unlock
 .text.atexit   0x100133c8        0xc /nix/store/shci5ykbsfws7kcxpqnn2qqxfw761haw-gcc-arm-embedded-12.3.rel1/bin/../lib/gcc/arm-none-eabi/12.3.1/../../../../arm-none-eabi/lib/thumb/v7e-m/nofp/libc.a(libc_a-atexit.o)
                0x100133c8                atexit
 .text.realloc  0x100133d4       0x18 /nix/store/shci5ykbsfws7kcxpqnn2qqxfw761haw-gcc-arm-embedded-12.3.rel1/bin/../lib/gcc/arm-none-eabi/12.3.1/../../../../arm-none-eabi/lib/thumb/v7e-m/nofp/libc.a(libc_a-realloc.o)
                0x100133d4                realloc
 .text._close_r
                0x100133ec       0x24 /nix/store/shci5ykbsfws7kcxpqnn2qqxfw761haw-gcc-arm-embedded-12.3.rel1/bin/../lib/gcc/arm-none-eabi/12.3.1/../../../../arm-none-eabi/lib/thumb/v7e-m/nofp/libc.a(libc_a-closer.o)
                0x100133ec                _close_r
 .text.__sflush_r
                0x10013410      0x128 /nix/store/shci5ykbsfws7kcxpqnn2qqxfw761haw-gcc-arm-embedded-12.3.rel1/bin/../lib/gcc/arm-none-eabi/12.3.1/../../../../arm-none-eabi/lib/thumb/v7e-m/nofp/libc.a(libc_a-fflush.o)
                0x10013410                __sflush_r
 .text._fflush_r
                0x10013538       0x54 /nix/store/shci5ykbsfws7kcxpqnn2qqxfw761haw-gcc-arm-embedded-12.3.rel1/bin/../lib/gcc/arm-none-eabi/12.3.1/../../../../arm-none-eabi/lib/thumb/v7e-m/nofp/libc.a(libc_a-fflush.o)
                0x10013538                _fflush_r
 .text.fflush   0x1001358c       0x74 /nix/store/shci5ykbsfws7kcxpqnn2qqxfw761haw-gcc-arm-embedded-12.3.rel1/bin/../lib/gcc/arm-none-eabi/12.3.1/../../../../arm-none-eabi/lib/thumb/v7e-m/nofp/libc.a(libc_a-fflush.o)
                0x1001358c                fflush
 .text.stdio_exit_handler
                0x10013600       0x18 /nix/store/shci5ykbsfws7kcxpqnn2qqxfw761haw-gcc-arm-embedded-12.3.rel1/bin/../lib/gcc/arm-none-eabi/12.3.1/../../../../arm-none-eabi/lib/thumb/v7e-m/nofp/libc.a(libc_a-findfp.o)
 .text.cleanup_stdio
                0x10013618       0x40 /nix/store/shci5ykbsfws7kcxpqnn2qqxfw761haw-gcc-arm-embedded-12.3.rel1/bin/../lib/gcc/arm-none-eabi/12.3.1/../../../../arm-none-eabi/lib/thumb/v7e-m/nofp/libc.a(libc_a-findfp.o)
 .text.global_stdio_init.part.0
                0x10013658       0xf0 /nix/store/shci5ykbsfws7kcxpqnn2qqxfw761haw-gcc-arm-embedded-12.3.rel1/bin/../lib/gcc/arm-none-eabi/12.3.1/../../../../arm-none-eabi/lib/thumb/v7e-m/nofp/libc.a(libc_a-findfp.o)
 .text.__sinit  0x10013748       0x3c /nix/store/shci5ykbsfws7kcxpqnn2qqxfw761haw-gcc-arm-embedded-12.3.rel1/bin/../lib/gcc/arm-none-eabi/12.3.1/../../../../arm-none-eabi/lib/thumb/v7e-m/nofp/libc.a(libc_a-findfp.o)
                0x10013748                __sinit
 .text.__sfp_lock_acquire
                0x10013784        0xc /nix/store/shci5ykbsfws7kcxpqnn2qqxfw761haw-gcc-arm-embedded-12.3.rel1/bin/../lib/gcc/arm-none-eabi/12.3.1/../../../../arm-none-eabi/lib/thumb/v7e-m/nofp/libc.a(libc_a-findfp.o)
                0x10013784                __sfp_lock_acquire
 .text.__sfp_lock_release
                0x10013790        0xc /nix/store/shci5ykbsfws7kcxpqnn2qqxfw761haw-gcc-arm-embedded-12.3.rel1/bin/../lib/gcc/arm-none-eabi/12.3.1/../../../../arm-none-eabi/lib/thumb/v7e-m/nofp/libc.a(libc_a-findfp.o)
                0x10013790                __sfp_lock_release
 .text          0x1001379c      0x134 /nix/store/shci5ykbsfws7kcxpqnn2qqxfw761haw-gcc-arm-embedded-12.3.rel1/bin/../lib/gcc/arm-none-eabi/12.3.1/../../../../arm-none-eabi/lib/thumb/v7e-m/nofp/libc.a(libc_a-memcpy.o)
                0x1001379c                memcpy
 .text.__srget_r
                0x100138d0       0x34 /nix/store/shci5ykbsfws7kcxpqnn2qqxfw761haw-gcc-arm-embedded-12.3.rel1/bin/../lib/gcc/arm-none-eabi/12.3.1/../../../../arm-none-eabi/lib/thumb/v7e-m/nofp/libc.a(libc_a-rget.o)
                0x100138d0                __srget_r
 *fill*         0x10013904       0x3c 
 .text          0x10013940       0xd8 /nix/store/shci5ykbsfws7kcxpqnn2qqxfw761haw-gcc-arm-embedded-12.3.rel1/bin/../lib/gcc/arm-none-eabi/12.3.1/../../../../arm-none-eabi/lib/thumb/v7e-m/nofp/libc.a(libc_a-strlen.o)
                0x10013940                strlen
 .text.__sccl   0x10013a18       0x98 /nix/store/shci5ykbsfws7kcxpqnn2qqxfw761haw-gcc-arm-embedded-12.3.rel1/bin/../lib/gcc/arm-none-eabi/12.3.1/../../../../arm-none-eabi/lib/thumb/v7e-m/nofp/libc.a(libc_a-sccl.o)
                0x10013a18                __sccl
 .text.nanf     0x10013ab0        0x8 /nix/store/shci5ykbsfws7kcxpqnn2qqxfw761haw-gcc-arm-embedded-12.3.rel1/bin/../lib/gcc/arm-none-eabi/12.3.1/../../../../arm-none-eabi/lib/thumb/v7e-m/nofp/libc.a(libm_a-sf_nan.o)
                0x10013ab0                nanf
 .text._realloc_r
                0x10013ab8      0x344 /nix/store/shci5ykbsfws7kcxpqnn2qqxfw761haw-gcc-arm-embedded-12.3.rel1/bin/../lib/gcc/arm-none-eabi/12.3.1/../../../../arm-none-eabi/lib/thumb/v7e-m/nofp/libc.a(libc_a-reallocr.o)
                0x10013ab8                _realloc_r
 *fill*         0x10013dfc        0x4 
 .text._strtod_l
                0x10013e00      0xfc4 /nix/store/shci5ykbsfws7kcxpqnn2qqxfw761haw-gcc-arm-embedded-12.3.rel1/bin/../lib/gcc/arm-none-eabi/12.3.1/../../../../arm-none-eabi/lib/thumb/v7e-m/nofp/libc.a(libc_a-strtod.o)
                0x10013e00                _strtod_l
 .text._strtod_r
                0x10014dc4        0xc /nix/store/shci5ykbsfws7kcxpqnn2qqxfw761haw-gcc-arm-embedded-12.3.rel1/bin/../lib/gcc/arm-none-eabi/12.3.1/../../../../arm-none-eabi/lib/thumb/v7e-m/nofp/libc.a(libc_a-strtod.o)
                0x10014dc4                _strtod_r
 .text._malloc_trim_r
                0x10014dd0       0xb8 /nix/store/shci5ykbsfws7kcxpqnn2qqxfw761haw-gcc-arm-embedded-12.3.rel1/bin/../lib/gcc/arm-none-eabi/12.3.1/../../../../arm-none-eabi/lib/thumb/v7e-m/nofp/libc.a(libc_a-freer.o)
                0x10014dd0                _malloc_trim_r
 .text._free_r  0x10014e88      0x1fc /nix/store/shci5ykbsfws7kcxpqnn2qqxfw761haw-gcc-arm-embedded-12.3.rel1/bin/../lib/gcc/arm-none-eabi/12.3.1/../../../../arm-none-eabi/lib/thumb/v7e-m/nofp/libc.a(libc_a-freer.o)
                0x10014e88                _free_r
 .text._strtol_l.constprop.0
                0x10015084      0x138 /nix/store/shci5ykbsfws7kcxpqnn2qqxfw761haw-gcc-arm-embedded-12.3.rel1/bin/../lib/gcc/arm-none-eabi/12.3.1/../../../../arm-none-eabi/lib/thumb/v7e-m/nofp/libc.a(libc_a-strtol.o)
 .text._strtol_r
                0x100151bc        0x4 /nix/store/shci5ykbsfws7kcxpqnn2qqxfw761haw-gcc-arm-embedded-12.3.rel1/bin/../lib/gcc/arm-none-eabi/12.3.1/../../../../arm-none-eabi/lib/thumb/v7e-m/nofp/libc.a(libc_a-strtol.o)
                0x100151bc                _strtol_r
 .text.rshift   0x100151c0       0xa4 /nix/store/shci5ykbsfws7kcxpqnn2qqxfw761haw-gcc-arm-embedded-12.3.rel1/bin/../lib/gcc/arm-none-eabi/12.3.1/../../../../arm-none-eabi/lib/thumb/v7e-m/nofp/libc.a(libc_a-gdtoa-gethex.o)
 .text.__gethex
                0x10015264      0x574 /nix/store/shci5ykbsfws7kcxpqnn2qqxfw761haw-gcc-arm-embedded-12.3.rel1/bin/../lib/gcc/arm-none-eabi/12.3.1/../../../../arm-none-eabi/lib/thumb/v7e-m/nofp/libc.a(libc_a-gdtoa-gethex.o)
                0x10015264                __gethex
 .text._strtoul_l.constprop.0
                0x100157d8      0x134 /nix/store/shci5ykbsfws7kcxpqnn2qqxfw761haw-gcc-arm-embedded-12.3.rel1/bin/../lib/gcc/arm-none-eabi/12.3.1/../../../../arm-none-eabi/lib/thumb/v7e-m/nofp/libc.a(libc_a-strtoul.o)
 .text._strtoul_r
                0x1001590c        0x4 /nix/store/shci5ykbsfws7kcxpqnn2qqxfw761haw-gcc-arm-embedded-12.3.rel1/bin/../lib/gcc/arm-none-eabi/12.3.1/../../../../arm-none-eabi/lib/thumb/v7e-m/nofp/libc.a(libc_a-strtoul.o)
                0x1001590c                _strtoul_r
 .text.__match  0x10015910       0x34 /nix/store/shci5ykbsfws7kcxpqnn2qqxfw761haw-gcc-arm-embedded-12.3.rel1/bin/../lib/gcc/arm-none-eabi/12.3.1/../../../../arm-none-eabi/lib/thumb/v7e-m/nofp/libc.a(libc_a-gdtoa-hexnan.o)
                0x10015910                __match
 .text.__hexnan
                0x10015944      0x1cc /nix/store/shci5ykbsfws7kcxpqnn2qqxfw761haw-gcc-arm-embedded-12.3.rel1/bin/../lib/gcc/arm-none-eabi/12.3.1/../../../../arm-none-eabi/lib/thumb/v7e-m/nofp/libc.a(libc_a-gdtoa-hexnan.o)
                0x10015944                __hexnan
 .text.strncmp  0x10015b10       0x84 /nix/store/shci5ykbsfws7kcxpqnn2qqxfw761haw-gcc-arm-embedded-12.3.rel1/bin/../lib/gcc/arm-none-eabi/12.3.1/../../../../arm-none-eabi/lib/thumb/v7e-m/nofp/libc.a(libc_a-strncmp.o)
                0x10015b10                strncmp
 .text._strtoll_l.constprop.0
                0x10015b94      0x17c /nix/store/shci5ykbsfws7kcxpqnn2qqxfw761haw-gcc-arm-embedded-12.3.rel1/bin/../lib/gcc/arm-none-eabi/12.3.1/../../../../arm-none-eabi/lib/thumb/v7e-m/nofp/libc.a(libc_a-strtoll.o)
 .text._strtoll_r
                0x10015d10        0x4 /nix/store/shci5ykbsfws7kcxpqnn2qqxfw761haw-gcc-arm-embedded-12.3.rel1/bin/../lib/gcc/arm-none-eabi/12.3.1/../../../../arm-none-eabi/lib/thumb/v7e-m/nofp/libc.a(libc_a-strtoll.o)
                0x10015d10                _strtoll_r
 .text.strncpy  0x10015d14       0x68 /nix/store/shci5ykbsfws7kcxpqnn2qqxfw761haw-gcc-arm-embedded-12.3.rel1/bin/../lib/gcc/arm-none-eabi/12.3.1/../../../../arm-none-eabi/lib/thumb/v7e-m/nofp/libc.a(libc_a-strncpy.o)
                0x10015d14                strncpy
 .text._strtoull_l.constprop.0
                0x10015d7c      0x194 /nix/store/shci5ykbsfws7kcxpqnn2qqxfw761haw-gcc-arm-embedded-12.3.rel1/bin/../lib/gcc/arm-none-eabi/12.3.1/../../../../arm-none-eabi/lib/thumb/v7e-m/nofp/libc.a(libc_a-strtoull.o)
 .text._strtoull_r
                0x10015f10        0x4 /nix/store/shci5ykbsfws7kcxpqnn2qqxfw761haw-gcc-arm-embedded-12.3.rel1/bin/../lib/gcc/arm-none-eabi/12.3.1/../../../../arm-none-eabi/lib/thumb/v7e-m/nofp/libc.a(libc_a-strtoull.o)
                0x10015f10                _strtoull_r
 .text._lseek_r
                0x10015f14       0x2c /nix/store/shci5ykbsfws7kcxpqnn2qqxfw761haw-gcc-arm-embedded-12.3.rel1/bin/../lib/gcc/arm-none-eabi/12.3.1/../../../../arm-none-eabi/lib/thumb/v7e-m/nofp/libc.a(libc_a-lseekr.o)
                0x10015f14                _lseek_r
 .text._read_r  0x10015f40       0x2c /nix/store/shci5ykbsfws7kcxpqnn2qqxfw761haw-gcc-arm-embedded-12.3.rel1/bin/../lib/gcc/arm-none-eabi/12.3.1/../../../../arm-none-eabi/lib/thumb/v7e-m/nofp/libc.a(libc_a-readr.o)
                0x10015f40                _read_r
 .text.iswspace
                0x10015f6c        0x8 /nix/store/shci5ykbsfws7kcxpqnn2qqxfw761haw-gcc-arm-embedded-12.3.rel1/bin/../lib/gcc/arm-none-eabi/12.3.1/../../../../arm-none-eabi/lib/thumb/v7e-m/nofp/libc.a(libc_a-iswspace.o)
                0x10015f6c                iswspace
 .text.iswspace_l
                0x10015f74       0x28 /nix/store/shci5ykbsfws7kcxpqnn2qqxfw761haw-gcc-arm-embedded-12.3.rel1/bin/../lib/gcc/arm-none-eabi/12.3.1/../../../../arm-none-eabi/lib/thumb/v7e-m/nofp/libc.a(libc_a-iswspace_l.o)
                0x10015f74                iswspace_l
 .text.sprintf  0x10015f9c       0x40 /nix/store/shci5ykbsfws7kcxpqnn2qqxfw761haw-gcc-arm-embedded-12.3.rel1/bin/../lib/gcc/arm-none-eabi/12.3.1/../../../../arm-none-eabi/lib/thumb/v7e-m/nofp/libc.a(libc_a-sprintf.o)
                0x10015f9c                sprintf
 .text.stpncpy  0x10015fdc       0x74 /nix/store/shci5ykbsfws7kcxpqnn2qqxfw761haw-gcc-arm-embedded-12.3.rel1/bin/../lib/gcc/arm-none-eabi/12.3.1/../../../../arm-none-eabi/lib/thumb/v7e-m/nofp/libc.a(libc_a-stpncpy.o)
                0x10015fdc                stpncpy
 .text.__ascii_wctomb
                0x10016050       0x1c /nix/store/shci5ykbsfws7kcxpqnn2qqxfw761haw-gcc-arm-embedded-12.3.rel1/bin/../lib/gcc/arm-none-eabi/12.3.1/../../../../arm-none-eabi/lib/thumb/v7e-m/nofp/libc.a(libc_a-wctomb_r.o)
                0x10016050                __ascii_wctomb
 .text.category
                0x1001606c       0x68 /nix/store/shci5ykbsfws7kcxpqnn2qqxfw761haw-gcc-arm-embedded-12.3.rel1/bin/../lib/gcc/arm-none-eabi/12.3.1/../../../../arm-none-eabi/lib/thumb/v7e-m/nofp/libc.a(libc_a-categories.o)
                0x1001606c                category
 .text._sbrk_r  0x100160d4       0x24 /nix/store/shci5ykbsfws7kcxpqnn2qqxfw761haw-gcc-arm-embedded-12.3.rel1/bin/../lib/gcc/arm-none-eabi/12.3.1/../../../../arm-none-eabi/lib/thumb/v7e-m/nofp/libc.a(libc_a-sbrkr.o)
                0x100160d4                _sbrk_r
 .text.__sfvwrite_r
                0x100160f8      0x2f8 /nix/store/shci5ykbsfws7kcxpqnn2qqxfw761haw-gcc-arm-embedded-12.3.rel1/bin/../lib/gcc/arm-none-eabi/12.3.1/../../../../arm-none-eabi/lib/thumb/v7e-m/nofp/libc.a(libc_a-fvwrite.o)
                0x100160f8                __sfvwrite_r
 .text._fwalk_sglue
                0x100163f0       0x48 /nix/store/shci5ykbsfws7kcxpqnn2qqxfw761haw-gcc-arm-embedded-12.3.rel1/bin/../lib/gcc/arm-none-eabi/12.3.1/../../../../arm-none-eabi/lib/thumb/v7e-m/nofp/libc.a(libc_a-fwalk.o)
                0x100163f0                _fwalk_sglue
 .text.__jp2uc  0x10016438      0x124 /nix/store/shci5ykbsfws7kcxpqnn2qqxfw761haw-gcc-arm-embedded-12.3.rel1/bin/../lib/gcc/arm-none-eabi/12.3.1/../../../../arm-none-eabi/lib/thumb/v7e-m/nofp/libc.a(libc_a-jp2uc.o)
 .text._jp2uc_l
                0x1001655c       0x64 /nix/store/shci5ykbsfws7kcxpqnn2qqxfw761haw-gcc-arm-embedded-12.3.rel1/bin/../lib/gcc/arm-none-eabi/12.3.1/../../../../arm-none-eabi/lib/thumb/v7e-m/nofp/libc.a(libc_a-jp2uc.o)
                0x1001655c                _jp2uc_l
 .text._sungetc_r
                0x100165c0       0x78 /nix/store/shci5ykbsfws7kcxpqnn2qqxfw761haw-gcc-arm-embedded-12.3.rel1/bin/../lib/gcc/arm-none-eabi/12.3.1/../../../../arm-none-eabi/lib/thumb/v7e-m/nofp/libc.a(libc_a-svfiscanf.o)
                0x100165c0                _sungetc_r
 .text.__ssrefill_r
                0x10016638       0x38 /nix/store/shci5ykbsfws7kcxpqnn2qqxfw761haw-gcc-arm-embedded-12.3.rel1/bin/../lib/gcc/arm-none-eabi/12.3.1/../../../../arm-none-eabi/lib/thumb/v7e-m/nofp/libc.a(libc_a-svfiscanf.o)
                0x10016638                __ssrefill_r
 .text._sfread_r
                0x10016670       0xc4 /nix/store/shci5ykbsfws7kcxpqnn2qqxfw761haw-gcc-arm-embedded-12.3.rel1/bin/../lib/gcc/arm-none-eabi/12.3.1/../../../../arm-none-eabi/lib/thumb/v7e-m/nofp/libc.a(libc_a-svfiscanf.o)
                0x10016670                _sfread_r
 .text._svfprintf_r
                0x10016734     0x1b98 /nix/store/shci5ykbsfws7kcxpqnn2qqxfw761haw-gcc-arm-embedded-12.3.rel1/bin/../lib/gcc/arm-none-eabi/12.3.1/../../../../arm-none-eabi/lib/thumb/v7e-m/nofp/libc.a(libc_a-svfprintf.o)
                0x10016734                _svfprintf_r
 .text._vfprintf_r
                0x100182cc     0x1c48 /nix/store/shci5ykbsfws7kcxpqnn2qqxfw761haw-gcc-arm-embedded-12.3.rel1/bin/../lib/gcc/arm-none-eabi/12.3.1/../../../../arm-none-eabi/lib/thumb/v7e-m/nofp/libc.a(libc_a-vfprintf.o)
                0x100182cc                _vfprintf_r
 .text.__sbprintf
                0x10019f14       0x80 /nix/store/shci5ykbsfws7kcxpqnn2qqxfw761haw-gcc-arm-embedded-12.3.rel1/bin/../lib/gcc/arm-none-eabi/12.3.1/../../../../arm-none-eabi/lib/thumb/v7e-m/nofp/libc.a(libc_a-vfprintf.o)
 .text.__sprint_r.part.0
                0x10019f94       0x78 /nix/store/shci5ykbsfws7kcxpqnn2qqxfw761haw-gcc-arm-embedded-12.3.rel1/bin/../lib/gcc/arm-none-eabi/12.3.1/../../../../arm-none-eabi/lib/thumb/v7e-m/nofp/libc.a(libc_a-vfiprintf.o)
 .text.__sprint_r
                0x1001a00c       0x14 /nix/store/shci5ykbsfws7kcxpqnn2qqxfw761haw-gcc-arm-embedded-12.3.rel1/bin/../lib/gcc/arm-none-eabi/12.3.1/../../../../arm-none-eabi/lib/thumb/v7e-m/nofp/libc.a(libc_a-vfiprintf.o)
                0x1001a00c                __sprint_r
 .text._vfiprintf_r
                0x1001a020      0xfac /nix/store/shci5ykbsfws7kcxpqnn2qqxfw761haw-gcc-arm-embedded-12.3.rel1/bin/../lib/gcc/arm-none-eabi/12.3.1/../../../../arm-none-eabi/lib/thumb/v7e-m/nofp/libc.a(libc_a-vfiprintf.o)
                0x1001a020                _vfiprintf_r
 .text.__sbprintf
                0x1001afcc       0x80 /nix/store/shci5ykbsfws7kcxpqnn2qqxfw761haw-gcc-arm-embedded-12.3.rel1/bin/../lib/gcc/arm-none-eabi/12.3.1/../../../../arm-none-eabi/lib/thumb/v7e-m/nofp/libc.a(libc_a-vfiprintf.o)
 .text.__register_exitproc
                0x1001b04c       0x80 /nix/store/shci5ykbsfws7kcxpqnn2qqxfw761haw-gcc-arm-embedded-12.3.rel1/bin/../lib/gcc/arm-none-eabi/12.3.1/../../../../arm-none-eabi/lib/thumb/v7e-m/nofp/libc.a(libc_a-__atexit.o)
                0x1001b04c                __register_exitproc
 .text.__ascii_mbtowc
                0x1001b0cc       0x2c /nix/store/shci5ykbsfws7kcxpqnn2qqxfw761haw-gcc-arm-embedded-12.3.rel1/bin/../lib/gcc/arm-none-eabi/12.3.1/../../../../arm-none-eabi/lib/thumb/v7e-m/nofp/libc.a(libc_a-mbtowc_r.o)
                0x1001b0cc                __ascii_mbtowc
 .text.memmove  0x1001b0f8      0x100 /nix/store/shci5ykbsfws7kcxpqnn2qqxfw761haw-gcc-arm-embedded-12.3.rel1/bin/../lib/gcc/arm-none-eabi/12.3.1/../../../../arm-none-eabi/lib/thumb/v7e-m/nofp/libc.a(libc_a-memmove.o)
                0x1001b0f8                memmove
 .text.__assert_func
                0x1001b1f8       0x40 /nix/store/shci5ykbsfws7kcxpqnn2qqxfw761haw-gcc-arm-embedded-12.3.rel1/bin/../lib/gcc/arm-none-eabi/12.3.1/../../../../arm-none-eabi/lib/thumb/v7e-m/nofp/libc.a(libc_a-assert.o)
                0x1001b1f8                __assert_func
 .text._wcrtomb_r
                0x1001b238       0x4c /nix/store/shci5ykbsfws7kcxpqnn2qqxfw761haw-gcc-arm-embedded-12.3.rel1/bin/../lib/gcc/arm-none-eabi/12.3.1/../../../../arm-none-eabi/lib/thumb/v7e-m/nofp/libc.a(libc_a-wcrtomb.o)
                0x1001b238                _wcrtomb_r
 .text._fclose_r
                0x1001b284       0xc0 /nix/store/shci5ykbsfws7kcxpqnn2qqxfw761haw-gcc-arm-embedded-12.3.rel1/bin/../lib/gcc/arm-none-eabi/12.3.1/../../../../arm-none-eabi/lib/thumb/v7e-m/nofp/libc.a(libc_a-fclose.o)
                0x1001b284                _fclose_r
 .text.__swsetup_r
                0x1001b344       0xc0 /nix/store/shci5ykbsfws7kcxpqnn2qqxfw761haw-gcc-arm-embedded-12.3.rel1/bin/../lib/gcc/arm-none-eabi/12.3.1/../../../../arm-none-eabi/lib/thumb/v7e-m/nofp/libc.a(libc_a-wsetup.o)
                0x1001b344                __swsetup_r
 .text.__smakebuf_r
                0x1001b404       0xdc /nix/store/shci5ykbsfws7kcxpqnn2qqxfw761haw-gcc-arm-embedded-12.3.rel1/bin/../lib/gcc/arm-none-eabi/12.3.1/../../../../arm-none-eabi/lib/thumb/v7e-m/nofp/libc.a(libc_a-makebuf.o)
                0x1001b404                __smakebuf_r
 .text.lflush   0x1001b4e0       0x1c /nix/store/shci5ykbsfws7kcxpqnn2qqxfw761haw-gcc-arm-embedded-12.3.rel1/bin/../lib/gcc/arm-none-eabi/12.3.1/../../../../arm-none-eabi/lib/thumb/v7e-m/nofp/libc.a(libc_a-refill.o)
 .text.__srefill_r
                0x1001b4fc      0x108 /nix/store/shci5ykbsfws7kcxpqnn2qqxfw761haw-gcc-arm-embedded-12.3.rel1/bin/../lib/gcc/arm-none-eabi/12.3.1/../../../../arm-none-eabi/lib/thumb/v7e-m/nofp/libc.a(libc_a-refill.o)
                0x1001b4fc                __srefill_r
 .text._Balloc  0x1001b604       0x4c /nix/store/shci5ykbsfws7kcxpqnn2qqxfw761haw-gcc-arm-embedded-12.3.rel1/bin/../lib/gcc/arm-none-eabi/12.3.1/../../../../arm-none-eabi/lib/thumb/v7e-m/nofp/libc.a(libc_a-mprec.o)
                0x1001b604                _Balloc
 .text._Bfree   0x1001b650       0x14 /nix/store/shci5ykbsfws7kcxpqnn2qqxfw761haw-gcc-arm-embedded-12.3.rel1/bin/../lib/gcc/arm-none-eabi/12.3.1/../../../../arm-none-eabi/lib/thumb/v7e-m/nofp/libc.a(libc_a-mprec.o)
                0x1001b650                _Bfree
 .text.__multadd
                0x1001b664       0xa0 /nix/store/shci5ykbsfws7kcxpqnn2qqxfw761haw-gcc-arm-embedded-12.3.rel1/bin/../lib/gcc/arm-none-eabi/12.3.1/../../../../arm-none-eabi/lib/thumb/v7e-m/nofp/libc.a(libc_a-mprec.o)
                0x1001b664                __multadd
 .text.__s2b    0x1001b704       0xb0 /nix/store/shci5ykbsfws7kcxpqnn2qqxfw761haw-gcc-arm-embedded-12.3.rel1/bin/../lib/gcc/arm-none-eabi/12.3.1/../../../../arm-none-eabi/lib/thumb/v7e-m/nofp/libc.a(libc_a-mprec.o)
                0x1001b704                __s2b
 .text.__hi0bits
                0x1001b7b4       0x44 /nix/store/shci5ykbsfws7kcxpqnn2qqxfw761haw-gcc-arm-embedded-12.3.rel1/bin/../lib/gcc/arm-none-eabi/12.3.1/../../../../arm-none-eabi/lib/thumb/v7e-m/nofp/libc.a(libc_a-mprec.o)
                0x1001b7b4                __hi0bits
 .text.__lo0bits
                0x1001b7f8       0x60 /nix/store/shci5ykbsfws7kcxpqnn2qqxfw761haw-gcc-arm-embedded-12.3.rel1/bin/../lib/gcc/arm-none-eabi/12.3.1/../../../../arm-none-eabi/lib/thumb/v7e-m/nofp/libc.a(libc_a-mprec.o)
                0x1001b7f8                __lo0bits
 .text.__i2b    0x1001b858       0x5c /nix/store/shci5ykbsfws7kcxpqnn2qqxfw761haw-gcc-arm-embedded-12.3.rel1/bin/../lib/gcc/arm-none-eabi/12.3.1/../../../../arm-none-eabi/lib/thumb/v7e-m/nofp/libc.a(libc_a-mprec.o)
                0x1001b858                __i2b
 .text.__multiply
                0x1001b8b4      0x16c /nix/store/shci5ykbsfws7kcxpqnn2qqxfw761haw-gcc-arm-embedded-12.3.rel1/bin/../lib/gcc/arm-none-eabi/12.3.1/../../../../arm-none-eabi/lib/thumb/v7e-m/nofp/libc.a(libc_a-mprec.o)
                0x1001b8b4                __multiply
 .text.__pow5mult
                0x1001ba20       0xb4 /nix/store/shci5ykbsfws7kcxpqnn2qqxfw761haw-gcc-arm-embedded-12.3.rel1/bin/../lib/gcc/arm-none-eabi/12.3.1/../../../../arm-none-eabi/lib/thumb/v7e-m/nofp/libc.a(libc_a-mprec.o)
                0x1001ba20                __pow5mult
 .text.__lshift
                0x1001bad4       0xf0 /nix/store/shci5ykbsfws7kcxpqnn2qqxfw761haw-gcc-arm-embedded-12.3.rel1/bin/../lib/gcc/arm-none-eabi/12.3.1/../../../../arm-none-eabi/lib/thumb/v7e-m/nofp/libc.a(libc_a-mprec.o)
                0x1001bad4                __lshift
 .text.__mcmp   0x1001bbc4       0x40 /nix/store/shci5ykbsfws7kcxpqnn2qqxfw761haw-gcc-arm-embedded-12.3.rel1/bin/../lib/gcc/arm-none-eabi/12.3.1/../../../../arm-none-eabi/lib/thumb/v7e-m/nofp/libc.a(libc_a-mprec.o)
                0x1001bbc4                __mcmp
 .text.__mdiff  0x1001bc04      0x164 /nix/store/shci5ykbsfws7kcxpqnn2qqxfw761haw-gcc-arm-embedded-12.3.rel1/bin/../lib/gcc/arm-none-eabi/12.3.1/../../../../arm-none-eabi/lib/thumb/v7e-m/nofp/libc.a(libc_a-mprec.o)
                0x1001bc04                __mdiff
 .text.__ulp    0x1001bd68       0x4c /nix/store/shci5ykbsfws7kcxpqnn2qqxfw761haw-gcc-arm-embedded-12.3.rel1/bin/../lib/gcc/arm-none-eabi/12.3.1/../../../../arm-none-eabi/lib/thumb/v7e-m/nofp/libc.a(libc_a-mprec.o)
                0x1001bd68                __ulp
 .text.__b2d    0x1001bdb4       0xc0 /nix/store/shci5ykbsfws7kcxpqnn2qqxfw761haw-gcc-arm-embedded-12.3.rel1/bin/../lib/gcc/arm-none-eabi/12.3.1/../../../../arm-none-eabi/lib/thumb/v7e-m/nofp/libc.a(libc_a-mprec.o)
                0x1001bdb4                __b2d
 .text.__d2b    0x1001be74       0xbc /nix/store/shci5ykbsfws7kcxpqnn2qqxfw761haw-gcc-arm-embedded-12.3.rel1/bin/../lib/gcc/arm-none-eabi/12.3.1/../../../../arm-none-eabi/lib/thumb/v7e-m/nofp/libc.a(libc_a-mprec.o)
                0x1001be74                __d2b
 .text.__ratio  0x1001bf30       0x54 /nix/store/shci5ykbsfws7kcxpqnn2qqxfw761haw-gcc-arm-embedded-12.3.rel1/bin/../lib/gcc/arm-none-eabi/12.3.1/../../../../arm-none-eabi/lib/thumb/v7e-m/nofp/libc.a(libc_a-mprec.o)
                0x1001bf30                __ratio
 .text.__copybits
                0x1001bf84       0x5c /nix/store/shci5ykbsfws7kcxpqnn2qqxfw761haw-gcc-arm-embedded-12.3.rel1/bin/../lib/gcc/arm-none-eabi/12.3.1/../../../../arm-none-eabi/lib/thumb/v7e-m/nofp/libc.a(libc_a-mprec.o)
                0x1001bf84                __copybits
 .text.__any_on
                0x1001bfe0       0x58 /nix/store/shci5ykbsfws7kcxpqnn2qqxfw761haw-gcc-arm-embedded-12.3.rel1/bin/../lib/gcc/arm-none-eabi/12.3.1/../../../../arm-none-eabi/lib/thumb/v7e-m/nofp/libc.a(libc_a-mprec.o)
                0x1001bfe0                __any_on
 .text._calloc_r
                0x1001c038       0x6c /nix/store/shci5ykbsfws7kcxpqnn2qqxfw761haw-gcc-arm-embedded-12.3.rel1/bin/../lib/gcc/arm-none-eabi/12.3.1/../../../../arm-none-eabi/lib/thumb/v7e-m/nofp/libc.a(libc_a-callocr.o)
                0x1001c038                _calloc_r
 .text._wcsrtombs_r
                0x1001c0a4       0x1c /nix/store/shci5ykbsfws7kcxpqnn2qqxfw761haw-gcc-arm-embedded-12.3.rel1/bin/../lib/gcc/arm-none-eabi/12.3.1/../../../../arm-none-eabi/lib/thumb/v7e-m/nofp/libc.a(libc_a-wcsrtombs.o)
                0x1001c0a4                _wcsrtombs_r
 .text.quorem   0x1001c0c0      0x12c /nix/store/shci5ykbsfws7kcxpqnn2qqxfw761haw-gcc-arm-embedded-12.3.rel1/bin/../lib/gcc/arm-none-eabi/12.3.1/../../../../arm-none-eabi/lib/thumb/v7e-m/nofp/libc.a(libc_a-dtoa.o)
 *fill*         0x1001c1ec        0x4 
 .text._dtoa_r  0x1001c1f0      0xe48 /nix/store/shci5ykbsfws7kcxpqnn2qqxfw761haw-gcc-arm-embedded-12.3.rel1/bin/../lib/gcc/arm-none-eabi/12.3.1/../../../../arm-none-eabi/lib/thumb/v7e-m/nofp/libc.a(libc_a-dtoa.o)
                0x1001c1f0                _dtoa_r
 *fill*         0x1001d038        0x8 
 .text          0x1001d040       0xa0 /nix/store/shci5ykbsfws7kcxpqnn2qqxfw761haw-gcc-arm-embedded-12.3.rel1/bin/../lib/gcc/arm-none-eabi/12.3.1/../../../../arm-none-eabi/lib/thumb/v7e-m/nofp/libc.a(libc_a-memchr.o)
                0x1001d040                memchr
 .text.nan      0x1001d0e0        0xc /nix/store/shci5ykbsfws7kcxpqnn2qqxfw761haw-gcc-arm-embedded-12.3.rel1/bin/../lib/gcc/arm-none-eabi/12.3.1/../../../../arm-none-eabi/lib/thumb/v7e-m/nofp/libc.a(libm_a-s_nan.o)
                0x1001d0e0                nan
 .text.frexp    0x1001d0ec       0x70 /nix/store/shci5ykbsfws7kcxpqnn2qqxfw761haw-gcc-arm-embedded-12.3.rel1/bin/../lib/gcc/arm-none-eabi/12.3.1/../../../../arm-none-eabi/lib/thumb/v7e-m/nofp/libc.a(libm_a-s_frexp.o)
                0x1001d0ec                frexp
 .text._fstat_r
                0x1001d15c       0x2c /nix/store/shci5ykbsfws7kcxpqnn2qqxfw761haw-gcc-arm-embedded-12.3.rel1/bin/../lib/gcc/arm-none-eabi/12.3.1/../../../../arm-none-eabi/lib/thumb/v7e-m/nofp/libc.a(libc_a-fstatr.o)
                0x1001d15c                _fstat_r
 .text._isatty_r
                0x1001d188       0x24 /nix/store/shci5ykbsfws7kcxpqnn2qqxfw761haw-gcc-arm-embedded-12.3.rel1/bin/../lib/gcc/arm-none-eabi/12.3.1/../../../../arm-none-eabi/lib/thumb/v7e-m/nofp/libc.a(libc_a-isattyr.o)
                0x1001d188                _isatty_r
 .text.fiprintf
                0x1001d1ac       0x28 /nix/store/shci5ykbsfws7kcxpqnn2qqxfw761haw-gcc-arm-embedded-12.3.rel1/bin/../lib/gcc/arm-none-eabi/12.3.1/../../../../arm-none-eabi/lib/thumb/v7e-m/nofp/libc.a(libc_a-fiprintf.o)
                0x1001d1ac                fiprintf
 .text.__fputwc
                0x1001d1d4       0x7c /nix/store/shci5ykbsfws7kcxpqnn2qqxfw761haw-gcc-arm-embedded-12.3.rel1/bin/../lib/gcc/arm-none-eabi/12.3.1/../../../../arm-none-eabi/lib/thumb/v7e-m/nofp/libc.a(libc_a-fputwc.o)
                0x1001d1d4                __fputwc
 .text._fputwc_r
                0x1001d250       0x60 /nix/store/shci5ykbsfws7kcxpqnn2qqxfw761haw-gcc-arm-embedded-12.3.rel1/bin/../lib/gcc/arm-none-eabi/12.3.1/../../../../arm-none-eabi/lib/thumb/v7e-m/nofp/libc.a(libc_a-fputwc.o)
                0x1001d250                _fputwc_r
 .text.__submore
                0x1001d2b0       0x74 /nix/store/shci5ykbsfws7kcxpqnn2qqxfw761haw-gcc-arm-embedded-12.3.rel1/bin/../lib/gcc/arm-none-eabi/12.3.1/../../../../arm-none-eabi/lib/thumb/v7e-m/nofp/libc.a(libc_a-ungetc.o)
                0x1001d2b0                __submore
 .text.__ssprint_r
                0x1001d324      0x108 /nix/store/shci5ykbsfws7kcxpqnn2qqxfw761haw-gcc-arm-embedded-12.3.rel1/bin/../lib/gcc/arm-none-eabi/12.3.1/../../../../arm-none-eabi/lib/thumb/v7e-m/nofp/libc.a(libc_a-svfiprintf.o)
                0x1001d324                __ssprint_r
 .text.__swbuf_r
                0x1001d42c       0xac /nix/store/shci5ykbsfws7kcxpqnn2qqxfw761haw-gcc-arm-embedded-12.3.rel1/bin/../lib/gcc/arm-none-eabi/12.3.1/../../../../arm-none-eabi/lib/thumb/v7e-m/nofp/libc.a(libc_a-wbuf.o)
                0x1001d42c                __swbuf_r
 .text.abort    0x1001d4d8       0x10 /nix/store/shci5ykbsfws7kcxpqnn2qqxfw761haw-gcc-arm-embedded-12.3.rel1/bin/../lib/gcc/arm-none-eabi/12.3.1/../../../../arm-none-eabi/lib/thumb/v7e-m/nofp/libc.a(libc_a-abort.o)
                0x1001d4d8                abort
 .text._wcsnrtombs_l
                0x1001d4e8       0xec /nix/store/shci5ykbsfws7kcxpqnn2qqxfw761haw-gcc-arm-embedded-12.3.rel1/bin/../lib/gcc/arm-none-eabi/12.3.1/../../../../arm-none-eabi/lib/thumb/v7e-m/nofp/libc.a(libc_a-wcsnrtombs.o)
                0x1001d4e8                _wcsnrtombs_l
 .text._wcsnrtombs_r
                0x1001d5d4       0x24 /nix/store/shci5ykbsfws7kcxpqnn2qqxfw761haw-gcc-arm-embedded-12.3.rel1/bin/../lib/gcc/arm-none-eabi/12.3.1/../../../../arm-none-eabi/lib/thumb/v7e-m/nofp/libc.a(libc_a-wcsnrtombs.o)
                0x1001d5d4                _wcsnrtombs_r
 .text.raise    0x1001d5f8       0x58 /nix/store/shci5ykbsfws7kcxpqnn2qqxfw761haw-gcc-arm-embedded-12.3.rel1/bin/../lib/gcc/arm-none-eabi/12.3.1/../../../../arm-none-eabi/lib/thumb/v7e-m/nofp/libc.a(libc_a-signal.o)
                0x1001d5f8                raise
 .text._kill_r  0x1001d650       0x2c /nix/store/shci5ykbsfws7kcxpqnn2qqxfw761haw-gcc-arm-embedded-12.3.rel1/bin/../lib/gcc/arm-none-eabi/12.3.1/../../../../arm-none-eabi/lib/thumb/v7e-m/nofp/libc.a(libc_a-signalr.o)
                0x1001d650                _kill_r
 .text._getpid_r
                0x1001d67c        0x4 /nix/store/shci5ykbsfws7kcxpqnn2qqxfw761haw-gcc-arm-embedded-12.3.rel1/bin/../lib/gcc/arm-none-eabi/12.3.1/../../../../arm-none-eabi/lib/thumb/v7e-m/nofp/libc.a(libc_a-signalr.o)
                0x1001d67c                _getpid_r
 .text._getpid  0x1001d680       0x10 /nix/store/shci5ykbsfws7kcxpqnn2qqxfw761haw-gcc-arm-embedded-12.3.rel1/bin/../lib/gcc/arm-none-eabi/12.3.1/../../../../arm-none-eabi/lib/thumb/v7e-m/nofp/libnosys.a(getpid.o)
                0x1001d680                _getpid
 .text._kill    0x1001d690       0x10 /nix/store/shci5ykbsfws7kcxpqnn2qqxfw761haw-gcc-arm-embedded-12.3.rel1/bin/../lib/gcc/arm-none-eabi/12.3.1/../../../../arm-none-eabi/lib/thumb/v7e-m/nofp/libnosys.a(kill.o)
                0x1001d690                _kill
 .text._exit    0x1001d6a0        0x4 /nix/store/shci5ykbsfws7kcxpqnn2qqxfw761haw-gcc-arm-embedded-12.3.rel1/bin/../lib/gcc/arm-none-eabi/12.3.1/../../../../arm-none-eabi/lib/thumb/v7e-m/nofp/libnosys.a(_exit.o)
                0x1001d6a0                _exit
 .text          0x1001d6a4      0x378 /nix/store/shci5ykbsfws7kcxpqnn2qqxfw761haw-gcc-arm-embedded-12.3.rel1/bin/../lib/gcc/arm-none-eabi/12.3.1/thumb/v7e-m/nofp/libgcc.a(_arm_addsubdf3.o)
                0x1001d6a4                __aeabi_drsub
                0x1001d6ac                __aeabi_dsub
                0x1001d6ac                __subdf3
                0x1001d6b0                __adddf3
                0x1001d6b0                __aeabi_dadd
                0x1001d928                __aeabi_ui2d
                0x1001d928                __floatunsidf
                0x1001d948                __floatsidf
                0x1001d948                __aeabi_i2d
                0x1001d96c                __extendsfdf2
                0x1001d96c                __aeabi_f2d
                0x1001d9b0                __aeabi_ul2d
                0x1001d9b0                __floatundidf
                0x1001d9c0                __floatdidf
                0x1001d9c0                __aeabi_l2d
 .text          0x1001da1c      0x424 /nix/store/shci5ykbsfws7kcxpqnn2qqxfw761haw-gcc-arm-embedded-12.3.rel1/bin/../lib/gcc/arm-none-eabi/12.3.1/thumb/v7e-m/nofp/libgcc.a(_arm_muldivdf3.o)
                0x1001da1c                __aeabi_dmul
                0x1001da1c                __muldf3
                0x1001dc70                __aeabi_ddiv
                0x1001dc70                __divdf3
 .text          0x1001de40      0x110 /nix/store/shci5ykbsfws7kcxpqnn2qqxfw761haw-gcc-arm-embedded-12.3.rel1/bin/../lib/gcc/arm-none-eabi/12.3.1/thumb/v7e-m/nofp/libgcc.a(_arm_cmpdf2.o)
                0x1001de40                __gtdf2
                0x1001de40                __gedf2
                0x1001de48                __ltdf2
                0x1001de48                __ledf2
                0x1001de50                __cmpdf2
                0x1001de50                __eqdf2
                0x1001de50                __nedf2
                0x1001decc                __aeabi_cdrcmple
                0x1001dedc                __aeabi_cdcmple
                0x1001dedc                __aeabi_cdcmpeq
                0x1001deec                __aeabi_dcmpeq
                0x1001df00                __aeabi_dcmplt
                0x1001df14                __aeabi_dcmple
                0x1001df28                __aeabi_dcmpge
                0x1001df3c                __aeabi_dcmpgt
 .text          0x1001df50       0x2c /nix/store/shci5ykbsfws7kcxpqnn2qqxfw761haw-gcc-arm-embedded-12.3.rel1/bin/../lib/gcc/arm-none-eabi/12.3.1/thumb/v7e-m/nofp/libgcc.a(_arm_unorddf2.o)
                0x1001df50                __aeabi_dcmpun
                0x1001df50                __unorddf2
 .text          0x1001df7c       0x50 /nix/store/shci5ykbsfws7kcxpqnn2qqxfw761haw-gcc-arm-embedded-12.3.rel1/bin/../lib/gcc/arm-none-eabi/12.3.1/thumb/v7e-m/nofp/libgcc.a(_arm_fixdfsi.o)
                0x1001df7c                __fixdfsi
                0x1001df7c                __aeabi_d2iz
 .text          0x1001dfcc       0x40 /nix/store/shci5ykbsfws7kcxpqnn2qqxfw761haw-gcc-arm-embedded-12.3.rel1/bin/../lib/gcc/arm-none-eabi/12.3.1/thumb/v7e-m/nofp/libgcc.a(_arm_fixunsdfsi.o)
                0x1001dfcc                __fixunsdfsi
                0x1001dfcc                __aeabi_d2uiz
 .text          0x1001e00c       0xa0 /nix/store/shci5ykbsfws7kcxpqnn2qqxfw761haw-gcc-arm-embedded-12.3.rel1/bin/../lib/gcc/arm-none-eabi/12.3.1/thumb/v7e-m/nofp/libgcc.a(_arm_truncdfsf2.o)
                0x1001e00c                __aeabi_d2f
                0x1001e00c                __truncdfsf2
 .text          0x1001e0ac       0x30 /nix/store/shci5ykbsfws7kcxpqnn2qqxfw761haw-gcc-arm-embedded-12.3.rel1/bin/../lib/gcc/arm-none-eabi/12.3.1/thumb/v7e-m/nofp/libgcc.a(_aeabi_uldivmod.o)
                0x1001e0ac                __aeabi_uldivmod
 .text.__fixdfdi
                0x1001e0dc       0x30 /nix/store/shci5ykbsfws7kcxpqnn2qqxfw761haw-gcc-arm-embedded-12.3.rel1/bin/../lib/gcc/arm-none-eabi/12.3.1/thumb/v7e-m/nofp/libgcc.a(_fixdfdi.o)
                0x1001e0dc                __aeabi_d2lz
                0x1001e0dc                __fixdfdi
 .text.__fixunsdfdi
                0x1001e10c       0x3c /nix/store/shci5ykbsfws7kcxpqnn2qqxfw761haw-gcc-arm-embedded-12.3.rel1/bin/../lib/gcc/arm-none-eabi/12.3.1/thumb/v7e-m/nofp/libgcc.a(_fixunsdfdi.o)
                0x1001e10c                __aeabi_d2ulz
                0x1001e10c                __fixunsdfdi
 .text.__udivmoddi4
                0x1001e148      0x2bc /nix/store/shci5ykbsfws7kcxpqnn2qqxfw761haw-gcc-arm-embedded-12.3.rel1/bin/../lib/gcc/arm-none-eabi/12.3.1/thumb/v7e-m/nofp/libgcc.a(_udivmoddi4.o)
                0x1001e148                __udivmoddi4
 .text          0x1001e404        0x4 /nix/store/shci5ykbsfws7kcxpqnn2qqxfw761haw-gcc-arm-embedded-12.3.rel1/bin/../lib/gcc/arm-none-eabi/12.3.1/thumb/v7e-m/nofp/libgcc.a(_dvmd_tls.o)
                0x1001e404                __aeabi_ldiv0
                0x1001e404                __aeabi_idiv0
 *(.rodata*)
 .rodata.init.str1.4
                0x1001e408       0x2b /Pace-2024-ectf/application_processor/build/application_processor.o
 *fill*         0x1001e433        0x1 
 .rodata.scan_components.str1.4
                0x1001e434       0x35 /Pace-2024-ectf/application_processor/build/application_processor.o
 *fill*         0x1001e469        0x3 
 .rodata.validate_components.str1.4
                0x1001e46c       0x4a /Pace-2024-ectf/application_processor/build/application_processor.o
 *fill*         0x1001e4b6        0x2 
 .rodata.boot_components.str1.4
                0x1001e4b8       0x25 /Pace-2024-ectf/application_processor/build/application_processor.o
 *fill*         0x1001e4dd        0x3 
 .rodata.attest_component.str1.4
                0x1001e4e0       0x2b /Pace-2024-ectf/application_processor/build/application_processor.o
 *fill*         0x1001e50b        0x1 
 .rodata.attempt_attest.part.0.str1.4
                0x1001e50c       0x1b /Pace-2024-ectf/application_processor/build/application_processor.o
 *fill*         0x1001e527        0x1 
 .rodata.validate_pin.str1.4
                0x1001e528       0x31 /Pace-2024-ectf/application_processor/build/application_processor.o
 *fill*         0x1001e559        0x3 
 .rodata.validate_token.str1.4
                0x1001e55c       0x43 /Pace-2024-ectf/application_processor/build/application_processor.o
 *fill*         0x1001e59f        0x1 
 .rodata.attempt_boot.str1.4
                0x1001e5a0       0x81 /Pace-2024-ectf/application_processor/build/application_processor.o
 *fill*         0x1001e621        0x3 
 .rodata.attempt_replace.str1.4
                0x1001e624       0x85 /Pace-2024-ectf/application_processor/build/application_processor.o
 *fill*         0x1001e6a9        0x3 
 .rodata.main.str1.4
                0x1001e6ac       0x6b /Pace-2024-ectf/application_processor/build/application_processor.o
 *fill*         0x1001e717        0x1 
 .rodata.recv_input.str1.4
                0x1001e718        0x9 /Pace-2024-ectf/application_processor/build/host_messaging.o
                                 0x1d (size before relaxing)
 *fill*         0x1001e721        0x3 
 .rodata.flash_simple_irq.str1.4
                0x1001e724       0x27 /Pace-2024-ectf/application_processor/build/simple_flash.o
 *fill*         0x1001e74b        0x1 
 .rodata.i2c_simple_controller_init.str1.4
                0x1001e74c       0x1a /Pace-2024-ectf/application_processor/build/simple_i2c_controller.o
 *fill*         0x1001e766        0x2 
 .rodata.mxc_assert.str1.4
                0x1001e768       0x19 /Pace-2024-ectf/application_processor/build/board.o
 *fill*         0x1001e781        0x3 
 .rodata.num_leds
                0x1001e784        0x4 /Pace-2024-ectf/application_processor/build/board.o
                0x1001e784                num_leds
 .rodata.led_pin
                0x1001e788       0x24 /Pace-2024-ectf/application_processor/build/board.o
                0x1001e788                led_pin
 .rodata.num_pbs
                0x1001e7ac        0x4 /Pace-2024-ectf/application_processor/build/board.o
                0x1001e7ac                num_pbs
 .rodata.pb_pin
                0x1001e7b0       0x18 /Pace-2024-ectf/application_processor/build/board.o
                0x1001e7b0                pb_pin
 .rodata.gpio_cfg_extclk
                0x1001e7c8        0xc /Pace-2024-ectf/msdk/Libraries/PeriphDrivers/bin/MAX78000/softfp/libPeriphDriver_softfp.a(pins_ai85.o)
                0x1001e7c8                gpio_cfg_extclk
 .rodata.gpio_cfg_i2c0
                0x1001e7d4        0xc /Pace-2024-ectf/msdk/Libraries/PeriphDrivers/bin/MAX78000/softfp/libPeriphDriver_softfp.a(pins_ai85.o)
                0x1001e7d4                gpio_cfg_i2c0
 .rodata.gpio_cfg_i2c1
                0x1001e7e0        0xc /Pace-2024-ectf/msdk/Libraries/PeriphDrivers/bin/MAX78000/softfp/libPeriphDriver_softfp.a(pins_ai85.o)
                0x1001e7e0                gpio_cfg_i2c1
 .rodata.gpio_cfg_i2c2
                0x1001e7ec        0xc /Pace-2024-ectf/msdk/Libraries/PeriphDrivers/bin/MAX78000/softfp/libPeriphDriver_softfp.a(pins_ai85.o)
                0x1001e7ec                gpio_cfg_i2c2
 .rodata.gpio_cfg_uart0
                0x1001e7f8        0xc /Pace-2024-ectf/msdk/Libraries/PeriphDrivers/bin/MAX78000/softfp/libPeriphDriver_softfp.a(pins_ai85.o)
                0x1001e7f8                gpio_cfg_uart0
 .rodata.gpio_cfg_uart1
                0x1001e804        0xc /Pace-2024-ectf/msdk/Libraries/PeriphDrivers/bin/MAX78000/softfp/libPeriphDriver_softfp.a(pins_ai85.o)
                0x1001e804                gpio_cfg_uart1
 .rodata.gpio_cfg_uart2
                0x1001e810        0xc /Pace-2024-ectf/msdk/Libraries/PeriphDrivers/bin/MAX78000/softfp/libPeriphDriver_softfp.a(pins_ai85.o)
                0x1001e810                gpio_cfg_uart2
 .rodata.gpio_cfg_uart3
                0x1001e81c        0xc /Pace-2024-ectf/msdk/Libraries/PeriphDrivers/bin/MAX78000/softfp/libPeriphDriver_softfp.a(pins_ai85.o)
                0x1001e81c                gpio_cfg_uart3
 .rodata.MXC_GPIO_Common_Handler.str1.4
                0x1001e828       0x7e /Pace-2024-ectf/msdk/Libraries/PeriphDrivers/bin/MAX78000/softfp/libPeriphDriver_softfp.a(gpio_common.o)
 *fill*         0x1001e8a6        0x2 
 .rodata.__ssvfscanf_r.str1.4
                0x1001e8a8        0x5 /nix/store/shci5ykbsfws7kcxpqnn2qqxfw761haw-gcc-arm-embedded-12.3.rel1/bin/../lib/gcc/arm-none-eabi/12.3.1/../../../../arm-none-eabi/lib/thumb/v7e-m/nofp/libc.a(libc_a-svfscanf.o)
                                  0x9 (size before relaxing)
 *fill*         0x1001e8ad        0x3 
 .rodata.basefix.0
                0x1001e8b0       0x22 /nix/store/shci5ykbsfws7kcxpqnn2qqxfw761haw-gcc-arm-embedded-12.3.rel1/bin/../lib/gcc/arm-none-eabi/12.3.1/../../../../arm-none-eabi/lib/thumb/v7e-m/nofp/libc.a(libc_a-svfscanf.o)
 .rodata._mbrtowc_r.str1.4
                0x1001e8d2        0x1 /nix/store/shci5ykbsfws7kcxpqnn2qqxfw761haw-gcc-arm-embedded-12.3.rel1/bin/../lib/gcc/arm-none-eabi/12.3.1/../../../../arm-none-eabi/lib/thumb/v7e-m/nofp/libc.a(libc_a-mbrtowc.o)
 *fill*         0x1001e8d2        0x2 
 .rodata.str1.4
                0x1001e8d4       0x44 /nix/store/shci5ykbsfws7kcxpqnn2qqxfw761haw-gcc-arm-embedded-12.3.rel1/bin/../lib/gcc/arm-none-eabi/12.3.1/../../../../arm-none-eabi/lib/thumb/v7e-m/nofp/libc.a(libc_a-locale.o)
                                 0x4c (size before relaxing)
 .rodata._puts_r.str1.4
                0x1001e918       0x44 /nix/store/shci5ykbsfws7kcxpqnn2qqxfw761haw-gcc-arm-embedded-12.3.rel1/bin/../lib/gcc/arm-none-eabi/12.3.1/../../../../arm-none-eabi/lib/thumb/v7e-m/nofp/libc.a(libc_a-puts.o)
                                  0x2 (size before relaxing)
 .rodata._ctype_
                0x1001e918      0x101 /nix/store/shci5ykbsfws7kcxpqnn2qqxfw761haw-gcc-arm-embedded-12.3.rel1/bin/../lib/gcc/arm-none-eabi/12.3.1/../../../../arm-none-eabi/lib/thumb/v7e-m/nofp/libc.a(libc_a-ctype_.o)
                0x1001e918                _ctype_
 *fill*         0x1001ea19        0x3 
 .rodata._strtod_l.str1.4
                0x1001ea1c        0xf /nix/store/shci5ykbsfws7kcxpqnn2qqxfw761haw-gcc-arm-embedded-12.3.rel1/bin/../lib/gcc/arm-none-eabi/12.3.1/../../../../arm-none-eabi/lib/thumb/v7e-m/nofp/libc.a(libc_a-strtod.o)
                                 0x15 (size before relaxing)
 *fill*         0x1001ea2b        0x1 
 .rodata.fpinan.0
                0x1001ea2c       0x14 /nix/store/shci5ykbsfws7kcxpqnn2qqxfw761haw-gcc-arm-embedded-12.3.rel1/bin/../lib/gcc/arm-none-eabi/12.3.1/../../../../arm-none-eabi/lib/thumb/v7e-m/nofp/libc.a(libc_a-strtod.o)
 .rodata.fpi.1  0x1001ea40       0x14 /nix/store/shci5ykbsfws7kcxpqnn2qqxfw761haw-gcc-arm-embedded-12.3.rel1/bin/../lib/gcc/arm-none-eabi/12.3.1/../../../../arm-none-eabi/lib/thumb/v7e-m/nofp/libc.a(libc_a-strtod.o)
 *fill*         0x1001ea54        0x4 