Archive member included to satisfy reference by file (symbol)

/Pace-2024-ectf/msdk/Libraries/PeriphDrivers/bin/MAX78000/softfp/libPeriphDriver_softfp.a(mxc_delay.o)
                              /Pace-2024-ectf/component/build/component.o (MXC_Delay)
/Pace-2024-ectf/msdk/Libraries/PeriphDrivers/bin/MAX78000/softfp/libPeriphDriver_softfp.a(nvic_table.o)
                              /Pace-2024-ectf/component/build/simple_i2c_peripheral.o (MXC_NVIC_SetVector)
/Pace-2024-ectf/msdk/Libraries/PeriphDrivers/bin/MAX78000/softfp/libPeriphDriver_softfp.a(pins_ai85.o)
                              /Pace-2024-ectf/component/build/camera.o (gpio_cfg_pcif_xclk)
/Pace-2024-ectf/msdk/Libraries/PeriphDrivers/bin/MAX78000/softfp/libPeriphDriver_softfp.a(sys_ai85.o)
                              /Pace-2024-ectf/component/build/board.o (MXC_SYS_ClockEnable)
/Pace-2024-ectf/msdk/Libraries/PeriphDrivers/bin/MAX78000/softfp/libPeriphDriver_softfp.a(aes_me17.o)
                              /Pace-2024-ectf/msdk/Libraries/PeriphDrivers/bin/MAX78000/softfp/libPeriphDriver_softfp.a(sys_ai85.o) (MXC_AES_Init)
/Pace-2024-ectf/msdk/Libraries/PeriphDrivers/bin/MAX78000/softfp/libPeriphDriver_softfp.a(aes_revb.o)
                              /Pace-2024-ectf/msdk/Libraries/PeriphDrivers/bin/MAX78000/softfp/libPeriphDriver_softfp.a(aes_me17.o) (MXC_AES_RevB_Init)
/Pace-2024-ectf/msdk/Libraries/PeriphDrivers/bin/MAX78000/softfp/libPeriphDriver_softfp.a(cameraif_ai85.o)
                              /Pace-2024-ectf/component/build/camera.o (MXC_PCIF_Init)
/Pace-2024-ectf/msdk/Libraries/PeriphDrivers/bin/MAX78000/softfp/libPeriphDriver_softfp.a(cameraif_reva.o)
                              /Pace-2024-ectf/msdk/Libraries/PeriphDrivers/bin/MAX78000/softfp/libPeriphDriver_softfp.a(cameraif_ai85.o) (MXC_PCIF_RevA_SetDatawidth)
/Pace-2024-ectf/msdk/Libraries/PeriphDrivers/bin/MAX78000/softfp/libPeriphDriver_softfp.a(dma_me17.o)
                              /Pace-2024-ectf/msdk/Libraries/PeriphDrivers/bin/MAX78000/softfp/libPeriphDriver_softfp.a(aes_revb.o) (MXC_DMA_Init)
/Pace-2024-ectf/msdk/Libraries/PeriphDrivers/bin/MAX78000/softfp/libPeriphDriver_softfp.a(dma_reva.o)
                              /Pace-2024-ectf/msdk/Libraries/PeriphDrivers/bin/MAX78000/softfp/libPeriphDriver_softfp.a(dma_me17.o) (MXC_DMA_RevA_Init)
/Pace-2024-ectf/msdk/Libraries/PeriphDrivers/bin/MAX78000/softfp/libPeriphDriver_softfp.a(flc_me17.o)
                              /Pace-2024-ectf/msdk/Libraries/PeriphDrivers/bin/MAX78000/softfp/libPeriphDriver_softfp.a(sys_ai85.o) (MXC_FLC_UnlockInfoBlock)
/Pace-2024-ectf/msdk/Libraries/PeriphDrivers/bin/MAX78000/softfp/libPeriphDriver_softfp.a(flc_reva.o)
                              /Pace-2024-ectf/msdk/Libraries/PeriphDrivers/bin/MAX78000/softfp/libPeriphDriver_softfp.a(flc_me17.o) (MXC_FLC_RevA_Busy)
/Pace-2024-ectf/msdk/Libraries/PeriphDrivers/bin/MAX78000/softfp/libPeriphDriver_softfp.a(gpio_ai85.o)
                              /Pace-2024-ectf/component/build/led.o (MXC_GPIO_Config)
/Pace-2024-ectf/msdk/Libraries/PeriphDrivers/bin/MAX78000/softfp/libPeriphDriver_softfp.a(gpio_reva.o)
                              /Pace-2024-ectf/msdk/Libraries/PeriphDrivers/bin/MAX78000/softfp/libPeriphDriver_softfp.a(gpio_ai85.o) (MXC_GPIO_RevA_InGet)
/Pace-2024-ectf/msdk/Libraries/PeriphDrivers/bin/MAX78000/softfp/libPeriphDriver_softfp.a(i2c_me17.o)
                              /Pace-2024-ectf/component/build/simple_i2c_peripheral.o (MXC_I2C_Init)
/Pace-2024-ectf/msdk/Libraries/PeriphDrivers/bin/MAX78000/softfp/libPeriphDriver_softfp.a(i2c_reva.o)
                              /Pace-2024-ectf/msdk/Libraries/PeriphDrivers/bin/MAX78000/softfp/libPeriphDriver_softfp.a(i2c_me17.o) (MXC_I2C_RevA_DMACallback)
/Pace-2024-ectf/msdk/Libraries/PeriphDrivers/bin/MAX78000/softfp/libPeriphDriver_softfp.a(icc_me17.o)
                              /Pace-2024-ectf/component/build/system_max78000.o (MXC_ICC_Enable)
/Pace-2024-ectf/msdk/Libraries/PeriphDrivers/bin/MAX78000/softfp/libPeriphDriver_softfp.a(icc_reva.o)
                              /Pace-2024-ectf/msdk/Libraries/PeriphDrivers/bin/MAX78000/softfp/libPeriphDriver_softfp.a(icc_me17.o) (MXC_ICC_RevA_ID)
/Pace-2024-ectf/msdk/Libraries/PeriphDrivers/bin/MAX78000/softfp/libPeriphDriver_softfp.a(pt_ai85.o)
                              /Pace-2024-ectf/component/build/camera.o (MXC_PT_Init)
/Pace-2024-ectf/msdk/Libraries/PeriphDrivers/bin/MAX78000/softfp/libPeriphDriver_softfp.a(pt_reva.o)
                              /Pace-2024-ectf/msdk/Libraries/PeriphDrivers/bin/MAX78000/softfp/libPeriphDriver_softfp.a(pt_ai85.o) (MXC_PT_RevA_Init)
/Pace-2024-ectf/msdk/Libraries/PeriphDrivers/bin/MAX78000/softfp/libPeriphDriver_softfp.a(spi_me17.o)
                              /Pace-2024-ectf/component/build/tft_ili9341.o (MXC_SPI_Init)
/Pace-2024-ectf/msdk/Libraries/PeriphDrivers/bin/MAX78000/softfp/libPeriphDriver_softfp.a(trng_revb.o)
[...]
Memory Configuration

Name             Origin             Length             Attributes
ROM              0x00000000         0x00010000         xr
BOOTLOADER       0x10000000         0x0000e000         xr
FLASH            0x1000e000         0x00038000         xr
RESERVED         0x10046000         0x00038000         rw
ROM_BL_PAGE      0x1007e000         0x00002000         rw
SRAM             0x20000000         0x00020000         xrw
*default*        0x00000000         0xffffffff

Linker script and memory map

LOAD /nix/store/shci5ykbsfws7kcxpqnn2qqxfw761haw-gcc-arm-embedded-12.3.rel1/bin/../lib/gcc/arm-none-eabi/12.3.1/thumb/v7e-m+fp/softfp/crti.o
LOAD /nix/store/shci5ykbsfws7kcxpqnn2qqxfw761haw-gcc-arm-embedded-12.3.rel1/bin/../lib/gcc/arm-none-eabi/12.3.1/thumb/v7e-m+fp/softfp/crtbegin.o
LOAD /nix/store/shci5ykbsfws7kcxpqnn2qqxfw761haw-gcc-arm-embedded-12.3.rel1/bin/../lib/gcc/arm-none-eabi/12.3.1/../../../../arm-none-eabi/lib/thumb/v7e-m+fp/softfp/crt0.o
LOAD /Pace-2024-ectf/component/build/board_link.o
LOAD /Pace-2024-ectf/component/build/component.o
LOAD /Pace-2024-ectf/component/build/simple_i2c_peripheral.o
LOAD /Pace-2024-ectf/component/build/board.o
LOAD /Pace-2024-ectf/component/build/stdio.o
LOAD /Pace-2024-ectf/component/build/led.o
LOAD /Pace-2024-ectf/component/build/pb.o
LOAD /Pace-2024-ectf/component/build/tft_ili9341.o
LOAD /Pace-2024-ectf/component/build/camera.o
LOAD /Pace-2024-ectf/component/build/ov7692.o
LOAD /Pace-2024-ectf/component/build/sccb.o
LOAD /Pace-2024-ectf/component/build/max20303.o
LOAD /Pace-2024-ectf/component/build/max9867.o
LOAD /Pace-2024-ectf/component/build/startup_firmware.o
LOAD /Pace-2024-ectf/component/build/heap.o
LOAD /Pace-2024-ectf/component/build/system_max78000.o
START GROUP
LOAD /Pace-2024-ectf/msdk/Libraries/PeriphDrivers/bin/MAX78000/softfp/libPeriphDriver_softfp.a
LOAD /nix/store/shci5ykbsfws7kcxpqnn2qqxfw761haw-gcc-arm-embedded-12.3.rel1/bin/../lib/gcc/arm-none-eabi/12.3.1/../../../../arm-none-eabi/lib/thumb/v7e-m+fp/softfp/libc.a
LOAD /nix/store/shci5ykbsfws7kcxpqnn2qqxfw761haw-gcc-arm-embedded-12.3.rel1/bin/../lib/gcc/arm-none-eabi/12.3.1/../../../../arm-none-eabi/lib/thumb/v7e-m+fp/softfp/libm.a
LOAD /nix/store/shci5ykbsfws7kcxpqnn2qqxfw761haw-gcc-arm-embedded-12.3.rel1/bin/../lib/gcc/arm-none-eabi/12.3.1/../../../../arm-none-eabi/lib/thumb/v7e-m+fp/softfp/libnosys.a
END GROUP
START GROUP
LOAD /nix/store/shci5ykbsfws7kcxpqnn2qqxfw761haw-gcc-arm-embedded-12.3.rel1/bin/../lib/gcc/arm-none-eabi/12.3.1/thumb/v7e-m+fp/softfp/libgcc.a
LOAD /nix/store/shci5ykbsfws7kcxpqnn2qqxfw761haw-gcc-arm-embedded-12.3.rel1/bin/../lib/gcc/arm-none-eabi/12.3.1/../../../../arm-none-eabi/lib/thumb/v7e-m+fp/softfp/libc.a
END GROUP
LOAD /nix/store/shci5ykbsfws7kcxpqnn2qqxfw761haw-gcc-arm-embedded-12.3.rel1/bin/../lib/gcc/arm-none-eabi/12.3.1/thumb/v7e-m+fp/softfp/crtend.o
LOAD /nix/store/shci5ykbsfws7kcxpqnn2qqxfw761haw-gcc-arm-embedded-12.3.rel1/bin/../lib/gcc/arm-none-eabi/12.3.1/thumb/v7e-m+fp/softfp/crtn.o

.rom
 *(.rom_vector)
 *(.rom_handlers*)

.text           0x1000e000     0xb5e4
                0x1000e000                        _text = .
 *(.isr_vector)
 .isr_vector    0x1000e000      0x1e0 /Pace-2024-ectf/component/build/startup_firmware.o
                0x1000e000                __isr_vector
 *(.firmware_startup)
 *fill*         0x1000e1e0       0x20 
 .firmware_startup
                0x1000e200        0x8 /Pace-2024-ectf/component/build/startup_firmware.o
                0x1000e200                firmware_startup
 *(.text*)
 .text.deregister_tm_clones
                0x1000e208       0x1c /nix/store/shci5ykbsfws7kcxpqnn2qqxfw761haw-gcc-arm-embedded-12.3.rel1/bin/../lib/gcc/arm-none-eabi/12.3.1/thumb/v7e-m+fp/softfp/crtbegin.o
 .text.register_tm_clones
                0x1000e224       0x24 /nix/store/shci5ykbsfws7kcxpqnn2qqxfw761haw-gcc-arm-embedded-12.3.rel1/bin/../lib/gcc/arm-none-eabi/12.3.1/thumb/v7e-m+fp/softfp/crtbegin.o
 .text.__do_global_dtors_aux
                0x1000e248       0x28 /nix/store/shci5ykbsfws7kcxpqnn2qqxfw761haw-gcc-arm-embedded-12.3.rel1/bin/../lib/gcc/arm-none-eabi/12.3.1/thumb/v7e-m+fp/softfp/crtbegin.o
 .text.frame_dummy
                0x1000e270       0x24 /nix/store/shci5ykbsfws7kcxpqnn2qqxfw761haw-gcc-arm-embedded-12.3.rel1/bin/../lib/gcc/arm-none-eabi/12.3.1/thumb/v7e-m+fp/softfp/crtbegin.o
 .text.board_link_init
                0x1000e294        0x4 /Pace-2024-ectf/component/build/board_link.o
                0x1000e294                board_link_init
 .text.component_id_to_i2c_addr
                0x1000e298        0x4 /Pace-2024-ectf/component/build/board_link.o
                0x1000e298                component_id_to_i2c_addr
 .text.send_packet_and_ack
                0x1000e29c       0x2c /Pace-2024-ectf/component/build/board_link.o
                0x1000e29c                send_packet_and_ack
 .text.wait_and_receive_packet
                0x1000e2c8       0x24 /Pace-2024-ectf/component/build/board_link.o
                0x1000e2c8                wait_and_receive_packet
 .text.boot     0x1000e2ec       0x64 /Pace-2024-ectf/component/build/component.o
                0x1000e2ec                boot
 .text.process_boot
                0x1000e350       0x24 /Pace-2024-ectf/component/build/component.o
                0x1000e350                process_boot
 .text.component_process_cmd
                0x1000e374       0x78 /Pace-2024-ectf/component/build/component.o
                0x1000e374                component_process_cmd
 .text.startup.main
                0x1000e3ec       0x34 /Pace-2024-ectf/component/build/component.o
                0x1000e3ec                main
 .text.i2c_simple_isr
                0x1000e420      0x260 /Pace-2024-ectf/component/build/simple_i2c_peripheral.o
 .text.i2c_simple_peripheral_init
                0x1000e680       0x8c /Pace-2024-ectf/component/build/simple_i2c_peripheral.o
                0x1000e680                i2c_simple_peripheral_init
 .text.mxc_assert
                0x1000e70c       0x10 /Pace-2024-ectf/component/build/board.o
                0x1000e70c                mxc_assert
 .text.GPIO0_IRQHandler
                0x1000e71c        0x8 /Pace-2024-ectf/component/build/board.o
                0x1000e71c                GPIO0_IRQHandler
 .text.GPIO1_IRQHandler
                0x1000e724        0x8 /Pace-2024-ectf/component/build/board.o
                0x1000e724                GPIO1_IRQHandler
 .text.Board_Init
                0x1000e72c       0x6c /Pace-2024-ectf/component/build/board.o
                0x1000e72c                Board_Init
 .text.NMI_Handler
                0x1000e798        0x4 /Pace-2024-ectf/component/build/board.o
                0x1000e798                NMI_Handler
 .text._close   0x1000e79c        0x8 /Pace-2024-ectf/component/build/stdio.o
                0x1000e79c                _close
 .text._isatty  0x1000e7a4        0x8 /Pace-2024-ectf/component/build/stdio.o
                0x1000e7a4                _isatty
 .text._lseek   0x1000e7ac        0x8 /Pace-2024-ectf/component/build/stdio.o
                0x1000e7ac                _lseek
 .text._fstat   0x1000e7b4        0x8 /Pace-2024-ectf/component/build/stdio.o
                0x1000e7b4                _fstat
 .text._read    0x1000e7bc       0x50 /Pace-2024-ectf/component/build/stdio.o
                0x1000e7bc                _read
 .text._write   0x1000e80c       0x60 /Pace-2024-ectf/component/build/stdio.o
                0x1000e80c                _write
 .text.LED_Init
                0x1000e86c       0x40 /Pace-2024-ectf/component/build/led.o
                0x1000e86c                LED_Init
 .text.LED_On   0x1000e8ac       0x40 /Pace-2024-ectf/component/build/led.o
                0x1000e8ac                LED_On
 .text.LED_Off  0x1000e8ec       0x40 /Pace-2024-ectf/component/build/led.o
                0x1000e8ec                LED_Off
 .text.PB_Init  0x1000e92c       0x38 /Pace-2024-ectf/component/build/pb.o
                0x1000e92c                PB_Init
 .text          0x1000e964      0x148 /Pace-2024-ectf/component/build/startup_firmware.o
                0x1000e964                Reset_Handler
                0x1000e9a2                HardFault_Handler
                0x1000e9a4                MemManage_Handler
                0x1000e9a6                BusFault_Handler
                0x1000e9a8                UsageFault_Handler
                0x1000e9aa                SVC_Handler
                0x1000e9ac                DebugMon_Handler
                0x1000e9ae                PendSV_Handler
                0x1000e9b0                SysTick_Handler
                0x1000e9b2                Default_Handler
                0x1000e9b4                PF_IRQHandler
                0x1000e9b6                WDT0_IRQHandler
                0x1000e9b8                RSV02_IRQHandler
                0x1000e9ba                RTC_IRQHandler
                0x1000e9bc                TRNG_IRQHandler
                0x1000e9be                TMR0_IRQHandler
                0x1000e9c0                TMR1_IRQHandler
                0x1000e9c2                TMR2_IRQHandler
                0x1000e9c4                TMR3_IRQHandler
                0x1000e9c6                TMR4_IRQHandler
                0x1000e9c8                TMR5_IRQHandler
                0x1000e9ca                RSV11_IRQHandler
                0x1000e9cc                RSV12_IRQHandler
                0x1000e9ce                I2C0_IRQHandler
                0x1000e9d0                UART0_IRQHandler
                0x1000e9d2                UART1_IRQHandler
                0x1000e9d4                SPI1_IRQHandler
                0x1000e9d6                RSV17_IRQHandler
                0x1000e9d8                RSV18_IRQHandler
                0x1000e9da                RSV19_IRQHandler
                0x1000e9dc                ADC_IRQHandler
                0x1000e9de                RSV21_IRQHandler
                0x1000e9e0                RSV22_IRQHandler
                0x1000e9e2                FLC0_IRQHandler
                0x1000e9e8                GPIO2_IRQHandler
                0x1000e9ea                RSV27_IRQHandler
                0x1000e9ec                DMA0_IRQHandler
                0x1000e9ee                DMA1_IRQHandler
                0x1000e9f0                DMA2_IRQHandler
                0x1000e9f2                DMA3_IRQHandler
                0x1000e9f4                RSV32_IRQHandler
                0x1000e9f6                RSV33_IRQHandler
                0x1000e9f8                UART2_IRQHandler
                0x1000e9fa                RSV35_IRQHandler
                0x1000e9fc                I2C1_IRQHandler
                0x1000e9fe                RSV37_IRQHandler
                0x1000ea00                RSV38_IRQHandler
                0x1000ea02                RSV39_IRQHandler
                0x1000ea04                RSV40_IRQHandler
                0x1000ea06                RSV41_IRQHandler
                0x1000ea08                RSV42_IRQHandler
                0x1000ea0a                RSV43_IRQHandler
                0x1000ea0c                RSV44_IRQHandler
                0x1000ea0e                RSV45_IRQHandler
                0x1000ea10                RSV46_IRQHandler
                0x1000ea12                RSV47_IRQHandler
                0x1000ea14                RSV48_IRQHandler
                0x1000ea16                RSV49_IRQHandler
                0x1000ea18                RSV50_IRQHandler
                0x1000ea1a                RSV51_IRQHandler
                0x1000ea1c                RSV52_IRQHandler
                0x1000ea1e                WUT_IRQHandler
                0x1000ea20                GPIOWAKE_IRQHandler
                0x1000ea22                RSV55_IRQHandler
                0x1000ea24                SPI0_IRQHandler
                0x1000ea26                WDT1_IRQHandler
                0x1000ea28                RSV58_IRQHandler
                0x1000ea2a                PT_IRQHandler
                0x1000ea2c                RSV60_IRQHandler
                0x1000ea2e                RSV61_IRQHandler
                0x1000ea30                I2C2_IRQHandler
                0x1000ea32                RISCV_IRQHandler
                0x1000ea34                RSV64_IRQHandler
                0x1000ea36                RSV65_IRQHandler
                0x1000ea38                RSV66_IRQHandler
                0x1000ea3a                OWM_IRQHandler
                0x1000ea3c                RSV68_IRQHandler
                0x1000ea3e                RSV69_IRQHandler
                0x1000ea40                RSV70_IRQHandler
                0x1000ea42                RSV71_IRQHandler
                0x1000ea44                RSV72_IRQHandler
                0x1000ea46                RSV73_IRQHandler
                0x1000ea48                RSV74_IRQHandler
                0x1000ea4a                RSV75_IRQHandler
                0x1000ea4c                RSV76_IRQHandler
                0x1000ea4e                RSV77_IRQHandler
                0x1000ea50                RSV78_IRQHandler
                0x1000ea52                RSV79_IRQHandler
                0x1000ea54                RSV80_IRQHandler
                0x1000ea56                RSV81_IRQHandler
                0x1000ea58                ECC_IRQHandler
                0x1000ea5a                DVS_IRQHandler
                0x1000ea5c                SIMO_IRQHandler
                0x1000ea5e                RSV85_IRQHandler
                0x1000ea60                RSV86_IRQHandler
                0x1000ea62                RSV87_IRQHandler
                0x1000ea64                UART3_IRQHandler
                0x1000ea66                RSV89_IRQHandler
                0x1000ea68                RSV90_IRQHandler
                0x1000ea6a                PCIF_IRQHandler
                0x1000ea6c                RSV92_IRQHandler
                0x1000ea6e                RSV93_IRQHandler
                0x1000ea70                RSV94_IRQHandler
                0x1000ea72                RSV95_IRQHandler
                0x1000ea74                RSV96_IRQHandler
                0x1000ea76                AES_IRQHandler
                0x1000ea78                RSV98_IRQHandler
                0x1000ea7a                I2S_IRQHandler
                0x1000ea7c                CNN_FIFO_IRQHandler
                0x1000ea7e                CNN_IRQHandler
                0x1000ea80                RSV102_IRQHandler
                0x1000ea82                LPCMP_IRQHandler
 .text._sbrk    0x1000eaac       0x3c /Pace-2024-ectf/component/build/heap.o
                0x1000eaac                _sbrk
 .text.SystemCoreClockUpdate
                0x1000eae8       0x68 /Pace-2024-ectf/component/build/system_max78000.o
                0x1000eae8                SystemCoreClockUpdate
 .text.PreInit  0x1000eb50        0x4 /Pace-2024-ectf/component/build/system_max78000.o
                0x1000eb50                PreInit
 .text.SystemInit
                0x1000eb54       0x38 /Pace-2024-ectf/component/build/system_max78000.o
                0x1000eb54                SystemInit
 .text.MXC_DelayInit
                0x1000eb8c       0x7c /Pace-2024-ectf/msdk/Libraries/PeriphDrivers/bin/MAX78000/softfp/libPeriphDriver_softfp.a(mxc_delay.o)
 .text.MXC_DelayAsync
                0x1000ec08       0x3c /Pace-2024-ectf/msdk/Libraries/PeriphDrivers/bin/MAX78000/softfp/libPeriphDriver_softfp.a(mxc_delay.o)
                0x1000ec08                MXC_DelayAsync
 .text.MXC_DelayCheck
                0x1000ec44       0x70 /Pace-2024-ectf/msdk/Libraries/PeriphDrivers/bin/MAX78000/softfp/libPeriphDriver_softfp.a(mxc_delay.o)
                0x1000ec44                MXC_DelayCheck
 .text.MXC_DelayAbort
                0x1000ecb4       0x34 /Pace-2024-ectf/msdk/Libraries/PeriphDrivers/bin/MAX78000/softfp/libPeriphDriver_softfp.a(mxc_delay.o)
                0x1000ecb4                MXC_DelayAbort
 .text.MXC_Delay
                0x1000ece8       0x74 /Pace-2024-ectf/msdk/Libraries/PeriphDrivers/bin/MAX78000/softfp/libPeriphDriver_softfp.a(mxc_delay.o)
                0x1000ece8                MXC_Delay
 .text.MXC_NVIC_SetVector
                0x1000ed5c       0x50 /Pace-2024-ectf/msdk/Libraries/PeriphDrivers/bin/MAX78000/softfp/libPeriphDriver_softfp.a(nvic_table.o)
                0x1000ed5c                MXC_NVIC_SetVector
 .text.MXC_SYS_ClockDisable
                0x1000edac       0x40 /Pace-2024-ectf/msdk/Libraries/PeriphDrivers/bin/MAX78000/softfp/libPeriphDriver_softfp.a(sys_ai85.o)
                0x1000edac                MXC_SYS_ClockDisable
 .text.MXC_SYS_ClockEnable
                0x1000edec       0x44 /Pace-2024-ectf/msdk/Libraries/PeriphDrivers/bin/MAX78000/softfp/libPeriphDriver_softfp.a(sys_ai85.o)
                0x1000edec                MXC_SYS_ClockEnable
 .text.MXC_SYS_ClockSourceEnable
                0x1000ee30       0xf4 /Pace-2024-ectf/msdk/Libraries/PeriphDrivers/bin/MAX78000/softfp/libPeriphDriver_softfp.a(sys_ai85.o)
                0x1000ee30                MXC_SYS_ClockSourceEnable
 .text.MXC_SYS_Reset_Periph
                0x1000ef24       0x48 /Pace-2024-ectf/msdk/Libraries/PeriphDrivers/bin/MAX78000/softfp/libPeriphDriver_softfp.a(sys_ai85.o)
                0x1000ef24                MXC_SYS_Reset_Periph
 .text.MXC_GPIO_Init
                0x1000ef6c       0x40 /Pace-2024-ectf/msdk/Libraries/PeriphDrivers/bin/MAX78000/softfp/libPeriphDriver_softfp.a(gpio_ai85.o)
                0x1000ef6c                MXC_GPIO_Init
 .text.MXC_GPIO_Config
                0x1000efac      0x20c /Pace-2024-ectf/msdk/Libraries/PeriphDrivers/bin/MAX78000/softfp/libPeriphDriver_softfp.a(gpio_ai85.o)
                0x1000efac                MXC_GPIO_Config
 .text.MXC_GPIO_OutSet
                0x1000f1b8       0x2c /Pace-2024-ectf/msdk/Libraries/PeriphDrivers/bin/MAX78000/softfp/libPeriphDriver_softfp.a(gpio_ai85.o)
                0x1000f1b8                MXC_GPIO_OutSet
 .text.MXC_GPIO_OutClr
                0x1000f1e4       0x30 /Pace-2024-ectf/msdk/Libraries/PeriphDrivers/bin/MAX78000/softfp/libPeriphDriver_softfp.a(gpio_ai85.o)
                0x1000f1e4                MXC_GPIO_OutClr
 .text.MXC_GPIO_Handler
                0x1000f214        0x4 /Pace-2024-ectf/msdk/Libraries/PeriphDrivers/bin/MAX78000/softfp/libPeriphDriver_softfp.a(gpio_ai85.o)
                0x1000f214                MXC_GPIO_Handler
 .text.MXC_GPIO_ClearFlags
                0x1000f218       0x18 /Pace-2024-ectf/msdk/Libraries/PeriphDrivers/bin/MAX78000/softfp/libPeriphDriver_softfp.a(gpio_ai85.o)
                0x1000f218                MXC_GPIO_ClearFlags
 .text.MXC_GPIO_GetFlags
                0x1000f230       0x18 /Pace-2024-ectf/msdk/Libraries/PeriphDrivers/bin/MAX78000/softfp/libPeriphDriver_softfp.a(gpio_ai85.o)
                0x1000f230                MXC_GPIO_GetFlags
 .text.MXC_GPIO_RevA_OutSet
                0x1000f248        0x4 /Pace-2024-ectf/msdk/Libraries/PeriphDrivers/bin/MAX78000/softfp/libPeriphDriver_softfp.a(gpio_reva.o)
                0x1000f248                MXC_GPIO_RevA_OutSet
 .text.MXC_GPIO_RevA_OutClr
                0x1000f24c        0x4 /Pace-2024-ectf/msdk/Libraries/PeriphDrivers/bin/MAX78000/softfp/libPeriphDriver_softfp.a(gpio_reva.o)
                0x1000f24c                MXC_GPIO_RevA_OutClr
 .text.MXC_GPIO_RevA_ClearFlags
                0x1000f250        0x4 /Pace-2024-ectf/msdk/Libraries/PeriphDrivers/bin/MAX78000/softfp/libPeriphDriver_softfp.a(gpio_reva.o)
                0x1000f250                MXC_GPIO_RevA_ClearFlags
 .text.MXC_GPIO_RevA_GetFlags
                0x1000f254        0x4 /Pace-2024-ectf/msdk/Libraries/PeriphDrivers/bin/MAX78000/softfp/libPeriphDriver_softfp.a(gpio_reva.o)
                0x1000f254                MXC_GPIO_RevA_GetFlags
 .text.MXC_GPIO_RevA_SetVSSEL
                0x1000f258       0x2c /Pace-2024-ectf/msdk/Libraries/PeriphDrivers/bin/MAX78000/softfp/libPeriphDriver_softfp.a(gpio_reva.o)
                0x1000f258                MXC_GPIO_RevA_SetVSSEL
 .text.MXC_GPIO_RevA_SetAF
                0x1000f284       0x6c /Pace-2024-ectf/msdk/Libraries/PeriphDrivers/bin/MAX78000/softfp/libPeriphDriver_softfp.a(gpio_reva.o)
                0x1000f284                MXC_GPIO_RevA_SetAF
 .text.MXC_I2C_SetSlaveAddr
                0x1000f2f0        0x4 /Pace-2024-ectf/msdk/Libraries/PeriphDrivers/bin/MAX78000/softfp/libPeriphDriver_softfp.a(i2c_me17.o)
                0x1000f2f0                MXC_I2C_SetSlaveAddr
 .text.MXC_I2C_Shutdown
                0x1000f2f4       0x54 /Pace-2024-ectf/msdk/Libraries/PeriphDrivers/bin/MAX78000/softfp/libPeriphDriver_softfp.a(i2c_me17.o)
                0x1000f2f4                MXC_I2C_Shutdown
 .text.MXC_I2C_Init
                0x1000f348       0x94 /Pace-2024-ectf/msdk/Libraries/PeriphDrivers/bin/MAX78000/softfp/libPeriphDriver_softfp.a(i2c_me17.o)
                0x1000f348                MXC_I2C_Init
 .text.MXC_I2C_SetFrequency
                0x1000f3dc        0x4 /Pace-2024-ectf/msdk/Libraries/PeriphDrivers/bin/MAX78000/softfp/libPeriphDriver_softfp.a(i2c_me17.o)
                0x1000f3dc                MXC_I2C_SetFrequency
 .text.MXC_I2C_GetFrequency
                0x1000f3e0        0x4 /Pace-2024-ectf/msdk/Libraries/PeriphDrivers/bin/MAX78000/softfp/libPeriphDriver_softfp.a(i2c_me17.o)
                0x1000f3e0                MXC_I2C_GetFrequency
 .text.MXC_I2C_ReadRXFIFO
                0x1000f3e4        0x4 /Pace-2024-ectf/msdk/Libraries/PeriphDrivers/bin/MAX78000/softfp/libPeriphDriver_softfp.a(i2c_me17.o)
                0x1000f3e4                MXC_I2C_ReadRXFIFO
 .text.MXC_I2C_GetRXFIFOAvailable
                0x1000f3e8        0x4 /Pace-2024-ectf/msdk/Libraries/PeriphDrivers/bin/MAX78000/softfp/libPeriphDriver_softfp.a(i2c_me17.o)
                0x1000f3e8                MXC_I2C_GetRXFIFOAvailable
 .text.MXC_I2C_WriteTXFIFO
                0x1000f3ec        0x4 /Pace-2024-ectf/msdk/Libraries/PeriphDrivers/bin/MAX78000/softfp/libPeriphDriver_softfp.a(i2c_me17.o)
                0x1000f3ec                MXC_I2C_WriteTXFIFO
 .text.MXC_I2C_GetTXFIFOAvailable
                0x1000f3f0        0x4 /Pace-2024-ectf/msdk/Libraries/PeriphDrivers/bin/MAX78000/softfp/libPeriphDriver_softfp.a(i2c_me17.o)
                0x1000f3f0                MXC_I2C_GetTXFIFOAvailable
 .text.MXC_I2C_ClearRXFIFO
                0x1000f3f4        0x4 /Pace-2024-ectf/msdk/Libraries/PeriphDrivers/bin/MAX78000/softfp/libPeriphDriver_softfp.a(i2c_me17.o)
                0x1000f3f4                MXC_I2C_ClearRXFIFO
 .text.MXC_I2C_ClearTXFIFO
                0x1000f3f8        0x4 /Pace-2024-ectf/msdk/Libraries/PeriphDrivers/bin/MAX78000/softfp/libPeriphDriver_softfp.a(i2c_me17.o)
                0x1000f3f8                MXC_I2C_ClearTXFIFO
 .text.MXC_I2C_ClearFlags
                0x1000f3fc        0x4 /Pace-2024-ectf/msdk/Libraries/PeriphDrivers/bin/MAX78000/softfp/libPeriphDriver_softfp.a(i2c_me17.o)
                0x1000f3fc                MXC_I2C_ClearFlags
 .text.MXC_I2C_EnableInt
                0x1000f400        0x4 /Pace-2024-ectf/msdk/Libraries/PeriphDrivers/bin/MAX78000/softfp/libPeriphDriver_softfp.a(i2c_me17.o)
                0x1000f400                MXC_I2C_EnableInt
 .text.MXC_I2C_DisableInt
                0x1000f404        0x4 /Pace-2024-ectf/msdk/Libraries/PeriphDrivers/bin/MAX78000/softfp/libPeriphDriver_softfp.a(i2c_me17.o)
                0x1000f404                MXC_I2C_DisableInt
 .text.MXC_I2C_Recover
                0x1000f408        0x4 /Pace-2024-ectf/msdk/Libraries/PeriphDrivers/bin/MAX78000/softfp/libPeriphDriver_softfp.a(i2c_me17.o)
                0x1000f408                MXC_I2C_Recover
 .text.MXC_I2C_SetRXThreshold
                0x1000f40c        0x4 /Pace-2024-ectf/msdk/Libraries/PeriphDrivers/bin/MAX78000/softfp/libPeriphDriver_softfp.a(i2c_me17.o)
                0x1000f40c                MXC_I2C_SetRXThreshold
 .text.MXC_I2C_SetTXThreshold
                0x1000f410        0x4 /Pace-2024-ectf/msdk/Libraries/PeriphDrivers/bin/MAX78000/softfp/libPeriphDriver_softfp.a(i2c_me17.o)
                0x1000f410                MXC_I2C_SetTXThreshold
 .text.MXC_I2C_RevA_Init
                0x1000f414       0xcc /Pace-2024-ectf/msdk/Libraries/PeriphDrivers/bin/MAX78000/softfp/libPeriphDriver_softfp.a(i2c_reva.o)
                0x1000f414                MXC_I2C_RevA_Init
 .text.MXC_I2C_RevA_SetSlaveAddr
                0x1000f4e0       0x34 /Pace-2024-ectf/msdk/Libraries/PeriphDrivers/bin/MAX78000/softfp/libPeriphDriver_softfp.a(i2c_reva.o)
                0x1000f4e0                MXC_I2C_RevA_SetSlaveAddr
 .text.MXC_I2C_RevA_SetFrequency
                0x1000f514       0xa0 /Pace-2024-ectf/msdk/Libraries/PeriphDrivers/bin/MAX78000/softfp/libPeriphDriver_softfp.a(i2c_reva.o)
                0x1000f514                MXC_I2C_RevA_SetFrequency
 .text.MXC_I2C_RevA_GetFrequency
                0x1000f5b4       0x20 /Pace-2024-ectf/msdk/Libraries/PeriphDrivers/bin/MAX78000/softfp/libPeriphDriver_softfp.a(i2c_reva.o)
                0x1000f5b4                MXC_I2C_RevA_GetFrequency
 .text.MXC_I2C_RevA_ReadRXFIFO
                0x1000f5d4       0x3c /Pace-2024-ectf/msdk/Libraries/PeriphDrivers/bin/MAX78000/softfp/libPeriphDriver_softfp.a(i2c_reva.o)
                0x1000f5d4                MXC_I2C_RevA_ReadRXFIFO
 .text.MXC_I2C_RevA_GetRXFIFOAvailable
                0x1000f610       0x10 /Pace-2024-ectf/msdk/Libraries/PeriphDrivers/bin/MAX78000/softfp/libPeriphDriver_softfp.a(i2c_reva.o)
                0x1000f610                MXC_I2C_RevA_GetRXFIFOAvailable
 .text.MXC_I2C_RevA_WriteTXFIFO
                0x1000f620       0x30 /Pace-2024-ectf/msdk/Libraries/PeriphDrivers/bin/MAX78000/softfp/libPeriphDriver_softfp.a(i2c_reva.o)
                0x1000f620                MXC_I2C_RevA_WriteTXFIFO
 .text.MXC_I2C_RevA_GetTXFIFOAvailable
                0x1000f650       0x18 /Pace-2024-ectf/msdk/Libraries/PeriphDrivers/bin/MAX78000/softfp/libPeriphDriver_softfp.a(i2c_reva.o)
                0x1000f650                MXC_I2C_RevA_GetTXFIFOAvailable
 .text.MXC_I2C_RevA_ClearRXFIFO
                0x1000f668       0x10 /Pace-2024-ectf/msdk/Libraries/PeriphDrivers/bin/MAX78000/softfp/libPeriphDriver_softfp.a(i2c_reva.o)
                0x1000f668                MXC_I2C_RevA_ClearRXFIFO
 .text.MXC_I2C_RevA_ClearTXFIFO
                0x1000f678       0x10 /Pace-2024-ectf/msdk/Libraries/PeriphDrivers/bin/MAX78000/softfp/libPeriphDriver_softfp.a(i2c_reva.o)
                0x1000f678                MXC_I2C_RevA_ClearTXFIFO
 .text.MXC_I2C_RevA_ClearFlags
                0x1000f688        0x8 /Pace-2024-ectf/msdk/Libraries/PeriphDrivers/bin/MAX78000/softfp/libPeriphDriver_softfp.a(i2c_reva.o)
                0x1000f688                MXC_I2C_RevA_ClearFlags
 .text.MXC_I2C_RevA_EnableInt
                0x1000f690       0x10 /Pace-2024-ectf/msdk/Libraries/PeriphDrivers/bin/MAX78000/softfp/libPeriphDriver_softfp.a(i2c_reva.o)
                0x1000f690                MXC_I2C_RevA_EnableInt
 .text.MXC_I2C_RevA_DisableInt
                0x1000f6a0       0x14 /Pace-2024-ectf/msdk/Libraries/PeriphDrivers/bin/MAX78000/softfp/libPeriphDriver_softfp.a(i2c_reva.o)
                0x1000f6a0                MXC_I2C_RevA_DisableInt
 .text.MXC_I2C_RevA_Recover
                0x1000f6b4       0xd8 /Pace-2024-ectf/msdk/Libraries/PeriphDrivers/bin/MAX78000/softfp/libPeriphDriver_softfp.a(i2c_reva.o)
                0x1000f6b4                MXC_I2C_RevA_Recover
 .text.MXC_I2C_RevA_SetRXThreshold
                0x1000f78c       0x20 /Pace-2024-ectf/msdk/Libraries/PeriphDrivers/bin/MAX78000/softfp/libPeriphDriver_softfp.a(i2c_reva.o)
                0x1000f78c                MXC_I2C_RevA_SetRXThreshold
 .text.MXC_I2C_RevA_SetTXThreshold
                0x1000f7ac       0x24 /Pace-2024-ectf/msdk/Libraries/PeriphDrivers/bin/MAX78000/softfp/libPeriphDriver_softfp.a(i2c_reva.o)
                0x1000f7ac                MXC_I2C_RevA_SetTXThreshold
 .text.MXC_ICC_Enable
                0x1000f7d0        0x4 /Pace-2024-ectf/msdk/Libraries/PeriphDrivers/bin/MAX78000/softfp/libPeriphDriver_softfp.a(icc_me17.o)
                0x1000f7d0                MXC_ICC_Enable
 .text.MXC_ICC_RevA_Enable
                0x1000f7d4       0x30 /Pace-2024-ectf/msdk/Libraries/PeriphDrivers/bin/MAX78000/softfp/libPeriphDriver_softfp.a(icc_reva.o)
                0x1000f7d4                MXC_ICC_RevA_Enable
 .text.MXC_UART_Shutdown
                0x1000f804       0x6c /Pace-2024-ectf/msdk/Libraries/PeriphDrivers/bin/MAX78000/softfp/libPeriphDriver_softfp.a(uart_ai85.o)
                0x1000f804                MXC_UART_Shutdown
 .text.MXC_UART_Init
                0x1000f870       0xb8 /Pace-2024-ectf/msdk/Libraries/PeriphDrivers/bin/MAX78000/softfp/libPeriphDriver_softfp.a(uart_ai85.o)
                0x1000f870                MXC_UART_Init
 .text.MXC_UART_SetFrequency
                0x1000f928       0xd0 /Pace-2024-ectf/msdk/Libraries/PeriphDrivers/bin/MAX78000/softfp/libPeriphDriver_softfp.a(uart_ai85.o)
                0x1000f928                MXC_UART_SetFrequency
 .text.MXC_UART_GetFrequency
                0x1000f9f8       0x54 /Pace-2024-ectf/msdk/Libraries/PeriphDrivers/bin/MAX78000/softfp/libPeriphDriver_softfp.a(uart_ai85.o)
                0x1000f9f8                MXC_UART_GetFrequency
 .text.MXC_UART_SetDataSize
                0x1000fa4c        0x4 /Pace-2024-ectf/msdk/Libraries/PeriphDrivers/bin/MAX78000/softfp/libPeriphDriver_softfp.a(uart_ai85.o)
                0x1000fa4c                MXC_UART_SetDataSize
 .text.MXC_UART_SetStopBits
                0x1000fa50        0x4 /Pace-2024-ectf/msdk/Libraries/PeriphDrivers/bin/MAX78000/softfp/libPeriphDriver_softfp.a(uart_ai85.o)
                0x1000fa50                MXC_UART_SetStopBits
 .text.MXC_UART_SetParity
                0x1000fa54        0x4 /Pace-2024-ectf/msdk/Libraries/PeriphDrivers/bin/MAX78000/softfp/libPeriphDriver_softfp.a(uart_ai85.o)
                0x1000fa54                MXC_UART_SetParity
 .text.MXC_UART_ReadCharacterRaw
                0x1000fa58        0x4 /Pace-2024-ectf/msdk/Libraries/PeriphDrivers/bin/MAX78000/softfp/libPeriphDriver_softfp.a(uart_ai85.o)
                0x1000fa58                MXC_UART_ReadCharacterRaw
 .text.MXC_UART_WriteCharacterRaw
                0x1000fa5c        0x4 /Pace-2024-ectf/msdk/Libraries/PeriphDrivers/bin/MAX78000/softfp/libPeriphDriver_softfp.a(uart_ai85.o)
                0x1000fa5c                MXC_UART_WriteCharacterRaw
 .text.MXC_UART_ReadCharacter
                0x1000fa60        0x4 /Pace-2024-ectf/msdk/Libraries/PeriphDrivers/bin/MAX78000/softfp/libPeriphDriver_softfp.a(uart_ai85.o)
                0x1000fa60                MXC_UART_ReadCharacter
 .text.MXC_UART_WriteCharacter
                0x1000fa64        0x4 /Pace-2024-ectf/msdk/Libraries/PeriphDrivers/bin/MAX78000/softfp/libPeriphDriver_softfp.a(uart_ai85.o)
                0x1000fa64                MXC_UART_WriteCharacter
 .text.MXC_UART_GetRXFIFOAvailable
                0x1000fa68        0x4 /Pace-2024-ectf/msdk/Libraries/PeriphDrivers/bin/MAX78000/softfp/libPeriphDriver_softfp.a(uart_ai85.o)
                0x1000fa68                MXC_UART_GetRXFIFOAvailable
 .text.MXC_UART_GetTXFIFOAvailable
                0x1000fa6c        0x4 /Pace-2024-ectf/msdk/Libraries/PeriphDrivers/bin/MAX78000/softfp/libPeriphDriver_softfp.a(uart_ai85.o)
                0x1000fa6c                MXC_UART_GetTXFIFOAvailable
 .text.MXC_UART_SetRXThreshold
                0x1000fa70        0x4 /Pace-2024-ectf/msdk/Libraries/PeriphDrivers/bin/MAX78000/softfp/libPeriphDriver_softfp.a(uart_ai85.o)
                0x1000fa70                MXC_UART_SetRXThreshold
 .text.MXC_UART_Common_ReadCharacter
                0x1000fa74       0x18 /Pace-2024-ectf/msdk/Libraries/PeriphDrivers/bin/MAX78000/softfp/libPeriphDriver_softfp.a(uart_common.o)
                0x1000fa74                MXC_UART_Common_ReadCharacter
 .text.MXC_UART_Common_WriteCharacter
                0x1000fa8c       0x1c /Pace-2024-ectf/msdk/Libraries/PeriphDrivers/bin/MAX78000/softfp/libPeriphDriver_softfp.a(uart_common.o)
                0x1000fa8c                MXC_UART_Common_WriteCharacter
 .text.MXC_UART_RevB_Init
                0x1000faa8       0x70 /Pace-2024-ectf/msdk/Libraries/PeriphDrivers/bin/MAX78000/softfp/libPeriphDriver_softfp.a(uart_revb.o)
                0x1000faa8                MXC_UART_RevB_Init
 .text.MXC_UART_RevB_SetFrequency
                0x1000fb18       0x98 /Pace-2024-ectf/msdk/Libraries/PeriphDrivers/bin/MAX78000/softfp/libPeriphDriver_softfp.a(uart_revb.o)
                0x1000fb18                MXC_UART_RevB_SetFrequency
 .text.MXC_UART_RevB_GetFrequency
                0x1000fbb0       0x80 /Pace-2024-ectf/msdk/Libraries/PeriphDrivers/bin/MAX78000/softfp/libPeriphDriver_softfp.a(uart_revb.o)
                0x1000fbb0                MXC_UART_RevB_GetFrequency
 .text.MXC_UART_RevB_SetDataSize
                0x1000fc30       0x40 /Pace-2024-ectf/msdk/Libraries/PeriphDrivers/bin/MAX78000/softfp/libPeriphDriver_softfp.a(uart_revb.o)
                0x1000fc30                MXC_UART_RevB_SetDataSize
 .text.MXC_UART_RevB_SetStopBits
                0x1000fc70       0x48 /Pace-2024-ectf/msdk/Libraries/PeriphDrivers/bin/MAX78000/softfp/libPeriphDriver_softfp.a(uart_revb.o)
                0x1000fc70                MXC_UART_RevB_SetStopBits
 .text.MXC_UART_RevB_SetParity
                0x1000fcb8       0xac /Pace-2024-ectf/msdk/Libraries/PeriphDrivers/bin/MAX78000/softfp/libPeriphDriver_softfp.a(uart_revb.o)
                0x1000fcb8                MXC_UART_RevB_SetParity
 .text.MXC_UART_RevB_ReadCharacterRaw
                0x1000fd64       0x38 /Pace-2024-ectf/msdk/Libraries/PeriphDrivers/bin/MAX78000/softfp/libPeriphDriver_softfp.a(uart_revb.o)
                0x1000fd64                MXC_UART_RevB_ReadCharacterRaw
 .text.MXC_UART_RevB_WriteCharacterRaw
                0x1000fd9c       0x3c /Pace-2024-ectf/msdk/Libraries/PeriphDrivers/bin/MAX78000/softfp/libPeriphDriver_softfp.a(uart_revb.o)
                0x1000fd9c                MXC_UART_RevB_WriteCharacterRaw
 .text.MXC_UART_RevB_GetRXFIFOAvailable
                0x1000fdd8        0x8 /Pace-2024-ectf/msdk/Libraries/PeriphDrivers/bin/MAX78000/softfp/libPeriphDriver_softfp.a(uart_revb.o)
                0x1000fdd8                MXC_UART_RevB_GetRXFIFOAvailable
 .text.MXC_UART_RevB_GetTXFIFOAvailable
                0x1000fde0        0xc /Pace-2024-ectf/msdk/Libraries/PeriphDrivers/bin/MAX78000/softfp/libPeriphDriver_softfp.a(uart_revb.o)
                0x1000fde0                MXC_UART_RevB_GetTXFIFOAvailable
 .text.MXC_UART_RevB_SetRXThreshold
                0x1000fdec       0x40 /Pace-2024-ectf/msdk/Libraries/PeriphDrivers/bin/MAX78000/softfp/libPeriphDriver_softfp.a(uart_revb.o)
                0x1000fdec                MXC_UART_RevB_SetRXThreshold
 .text.MXC_GPIO_Common_Init
                0x1000fe2c       0x24 /Pace-2024-ectf/msdk/Libraries/PeriphDrivers/bin/MAX78000/softfp/libPeriphDriver_softfp.a(gpio_common.o)
                0x1000fe2c                MXC_GPIO_Common_Init
 .text.MXC_GPIO_Common_Handler
                0x1000fe50       0x74 /Pace-2024-ectf/msdk/Libraries/PeriphDrivers/bin/MAX78000/softfp/libPeriphDriver_softfp.a(gpio_common.o)
                0x1000fe50                MXC_GPIO_Common_Handler
 .text.sprintf  0x1000fec4       0x40 /nix/store/shci5ykbsfws7kcxpqnn2qqxfw761haw-gcc-arm-embedded-12.3.rel1/bin/../lib/gcc/arm-none-eabi/12.3.1/../../../../arm-none-eabi/lib/thumb/v7e-m+fp/softfp/libc.a(libc_a-sprintf.o)
                0x1000fec4                sprintf
 .text.__errno  0x1000ff04        0xc /nix/store/shci5ykbsfws7kcxpqnn2qqxfw761haw-gcc-arm-embedded-12.3.rel1/bin/../lib/gcc/arm-none-eabi/12.3.1/../../../../arm-none-eabi/lib/thumb/v7e-m+fp/softfp/libc.a(libc_a-errno.o)
                0x1000ff04                __errno
 .text._svfprintf_r
                0x1000ff10     0x1ba0 /nix/store/shci5ykbsfws7kcxpqnn2qqxfw761haw-gcc-arm-embedded-12.3.rel1/bin/../lib/gcc/arm-none-eabi/12.3.1/../../../../arm-none-eabi/lib/thumb/v7e-m+fp/softfp/libc.a(libc_a-svfprintf.o)
                0x1000ff10                _svfprintf_r
 .text._malloc_r
                0x10011ab0      0x574 /nix/store/shci5ykbsfws7kcxpqnn2qqxfw761haw-gcc-arm-embedded-12.3.rel1/bin/../lib/gcc/arm-none-eabi/12.3.1/../../../../arm-none-eabi/lib/thumb/v7e-m+fp/softfp/libc.a(libc_a-mallocr.o)
                0x10011ab0                _malloc_r
 .text.startup.register_fini
                0x10012024       0x14 /nix/store/shci5ykbsfws7kcxpqnn2qqxfw761haw-gcc-arm-embedded-12.3.rel1/bin/../lib/gcc/arm-none-eabi/12.3.1/../../../../arm-none-eabi/lib/thumb/v7e-m+fp/softfp/libc.a(libc_a-__call_atexit.o)
 .text.memset   0x10012038       0xa4 /nix/store/shci5ykbsfws7kcxpqnn2qqxfw761haw-gcc-arm-embedded-12.3.rel1/bin/../lib/gcc/arm-none-eabi/12.3.1/../../../../arm-none-eabi/lib/thumb/v7e-m+fp/softfp/libc.a(libc_a-memset.o)
                0x10012038                memset
 .text._wcrtomb_r
                0x100120dc       0x4c /nix/store/shci5ykbsfws7kcxpqnn2qqxfw761haw-gcc-arm-embedded-12.3.rel1/bin/../lib/gcc/arm-none-eabi/12.3.1/../../../../arm-none-eabi/lib/thumb/v7e-m+fp/softfp/libc.a(libc_a-wcrtomb.o)
                0x100120dc                _wcrtomb_r
 .text.__libc_init_array
                0x10012128       0x50 /nix/store/shci5ykbsfws7kcxpqnn2qqxfw761haw-gcc-arm-embedded-12.3.rel1/bin/../lib/gcc/arm-none-eabi/12.3.1/../../../../arm-none-eabi/lib/thumb/v7e-m+fp/softfp/libc.a(libc_a-init.o)
                0x10012128                __libc_init_array
 .text.__libc_fini_array
                0x10012178       0x28 /nix/store/shci5ykbsfws7kcxpqnn2qqxfw761haw-gcc-arm-embedded-12.3.rel1/bin/../lib/gcc/arm-none-eabi/12.3.1/../../../../arm-none-eabi/lib/thumb/v7e-m+fp/softfp/libc.a(libc_a-fini.o)
                0x10012178                __libc_fini_array
 .text.__retarget_lock_init_recursive
                0x100121a0        0x4 /nix/store/shci5ykbsfws7kcxpqnn2qqxfw761haw-gcc-arm-embedded-12.3.rel1/bin/../lib/gcc/arm-none-eabi/12.3.1/../../../../arm-none-eabi/lib/thumb/v7e-m+fp/softfp/libc.a(libc_a-lock.o)
                0x100121a0                __retarget_lock_init_recursive
 .text.__retarget_lock_close_recursive
                0x100121a4        0x4 /nix/store/shci5ykbsfws7kcxpqnn2qqxfw761haw-gcc-arm-embedded-12.3.rel1/bin/../lib/gcc/arm-none-eabi/12.3.1/../../../../arm-none-eabi/lib/thumb/v7e-m+fp/softfp/libc.a(libc_a-lock.o)
                0x100121a4                __retarget_lock_close_recursive
 .text.__retarget_lock_acquire_recursive
                0x100121a8        0x4 /nix/store/shci5ykbsfws7kcxpqnn2qqxfw761haw-gcc-arm-embedded-12.3.rel1/bin/../lib/gcc/arm-none-eabi/12.3.1/../../../../arm-none-eabi/lib/thumb/v7e-m+fp/softfp/libc.a(libc_a-lock.o)
                0x100121a8                __retarget_lock_acquire_recursive
 .text.__retarget_lock_release_recursive
                0x100121ac        0x4 /nix/store/shci5ykbsfws7kcxpqnn2qqxfw761haw-gcc-arm-embedded-12.3.rel1/bin/../lib/gcc/arm-none-eabi/12.3.1/../../../../arm-none-eabi/lib/thumb/v7e-m+fp/softfp/libc.a(libc_a-lock.o)
                0x100121ac                __retarget_lock_release_recursive
 .text.__locale_mb_cur_max
                0x100121b0        0xc /nix/store/shci5ykbsfws7kcxpqnn2qqxfw761haw-gcc-arm-embedded-12.3.rel1/bin/../lib/gcc/arm-none-eabi/12.3.1/../../../../arm-none-eabi/lib/thumb/v7e-m+fp/softfp/libc.a(libc_a-locale.o)
                0x100121b0                __locale_mb_cur_max
 .text._localeconv_r
                0x100121bc        0x8 /nix/store/shci5ykbsfws7kcxpqnn2qqxfw761haw-gcc-arm-embedded-12.3.rel1/bin/../lib/gcc/arm-none-eabi/12.3.1/../../../../arm-none-eabi/lib/thumb/v7e-m+fp/softfp/libc.a(libc_a-localeconv.o)
                0x100121bc                _localeconv_r
 .text.sysconf  0x100121c4       0x1c /nix/store/shci5ykbsfws7kcxpqnn2qqxfw761haw-gcc-arm-embedded-12.3.rel1/bin/../lib/gcc/arm-none-eabi/12.3.1/../../../../arm-none-eabi/lib/thumb/v7e-m+fp/softfp/libc.a(libc_a-sysconf.o)
                0x100121c4                sysconf
 .text.printf   0x100121e0       0x28 /nix/store/shci5ykbsfws7kcxpqnn2qqxfw761haw-gcc-arm-embedded-12.3.rel1/bin/../lib/gcc/arm-none-eabi/12.3.1/../../../../arm-none-eabi/lib/thumb/v7e-m+fp/softfp/libc.a(libc_a-printf.o)
                0x100121e0                printf
 .text._puts_r  0x10012208       0x98 /nix/store/shci5ykbsfws7kcxpqnn2qqxfw761haw-gcc-arm-embedded-12.3.rel1/bin/../lib/gcc/arm-none-eabi/12.3.1/../../../../arm-none-eabi/lib/thumb/v7e-m+fp/softfp/libc.a(libc_a-puts.o)
                0x10012208                _puts_r
 .text.puts     0x100122a0       0x10 /nix/store/shci5ykbsfws7kcxpqnn2qqxfw761haw-gcc-arm-embedded-12.3.rel1/bin/../lib/gcc/arm-none-eabi/12.3.1/../../../../arm-none-eabi/lib/thumb/v7e-m+fp/softfp/libc.a(libc_a-puts.o)
                0x100122a0                puts
 .text.__malloc_lock
                0x100122b0        0xc /nix/store/shci5ykbsfws7kcxpqnn2qqxfw761haw-gcc-arm-embedded-12.3.rel1/bin/../lib/gcc/arm-none-eabi/12.3.1/../../../../arm-none-eabi/lib/thumb/v7e-m+fp/softfp/libc.a(libc_a-mlock.o)
                0x100122b0                __malloc_lock
 .text.__malloc_unlock
                0x100122bc        0xc /nix/store/shci5ykbsfws7kcxpqnn2qqxfw761haw-gcc-arm-embedded-12.3.rel1/bin/../lib/gcc/arm-none-eabi/12.3.1/../../../../arm-none-eabi/lib/thumb/v7e-m+fp/softfp/libc.a(libc_a-mlock.o)
                0x100122bc                __malloc_unlock
 .text.atexit   0x100122c8        0xc /nix/store/shci5ykbsfws7kcxpqnn2qqxfw761haw-gcc-arm-embedded-12.3.rel1/bin/../lib/gcc/arm-none-eabi/12.3.1/../../../../arm-none-eabi/lib/thumb/v7e-m+fp/softfp/libc.a(libc_a-atexit.o)
                0x100122c8                atexit
 .text._wcsrtombs_r
                0x100122d4       0x18 /nix/store/shci5ykbsfws7kcxpqnn2qqxfw761haw-gcc-arm-embedded-12.3.rel1/bin/../lib/gcc/arm-none-eabi/12.3.1/../../../../arm-none-eabi/lib/thumb/v7e-m+fp/softfp/libc.a(libc_a-wcsrtombs.o)
                0x100122d4                _wcsrtombs_r
 .text.quorem   0x100122ec      0x12c /nix/store/shci5ykbsfws7kcxpqnn2qqxfw761haw-gcc-arm-embedded-12.3.rel1/bin/../lib/gcc/arm-none-eabi/12.3.1/../../../../arm-none-eabi/lib/thumb/v7e-m+fp/softfp/libc.a(libc_a-dtoa.o)
 .text._dtoa_r  0x10012418      0xe44 /nix/store/shci5ykbsfws7kcxpqnn2qqxfw761haw-gcc-arm-embedded-12.3.rel1/bin/../lib/gcc/arm-none-eabi/12.3.1/../../../../arm-none-eabi/lib/thumb/v7e-m+fp/softfp/libc.a(libc_a-dtoa.o)
                0x10012418                _dtoa_r
 .text.stdio_exit_handler
                0x1001325c       0x18 /nix/store/shci5ykbsfws7kcxpqnn2qqxfw761haw-gcc-arm-embedded-12.3.rel1/bin/../lib/gcc/arm-none-eabi/12.3.1/../../../../arm-none-eabi/lib/thumb/v7e-m+fp/softfp/libc.a(libc_a-findfp.o)
 .text.cleanup_stdio
                0x10013274       0x40 /nix/store/shci5ykbsfws7kcxpqnn2qqxfw761haw-gcc-arm-embedded-12.3.rel1/bin/../lib/gcc/arm-none-eabi/12.3.1/../../../../arm-none-eabi/lib/thumb/v7e-m+fp/softfp/libc.a(libc_a-findfp.o)
 .text.global_stdio_init.part.0
                0x100132b4       0xf0 /nix/store/shci5ykbsfws7kcxpqnn2qqxfw761haw-gcc-arm-embedded-12.3.rel1/bin/../lib/gcc/arm-none-eabi/12.3.1/../../../../arm-none-eabi/lib/thumb/v7e-m+fp/softfp/libc.a(libc_a-findfp.o)
 .text.__sinit  0x100133a4       0x3c /nix/store/shci5ykbsfws7kcxpqnn2qqxfw761haw-gcc-arm-embedded-12.3.rel1/bin/../lib/gcc/arm-none-eabi/12.3.1/../../../../arm-none-eabi/lib/thumb/v7e-m+fp/softfp/libc.a(libc_a-findfp.o)
                0x100133a4                __sinit
 .text.__sfp_lock_acquire
                0x100133e0        0xc /nix/store/shci5ykbsfws7kcxpqnn2qqxfw761haw-gcc-arm-embedded-12.3.rel1/bin/../lib/gcc/arm-none-eabi/12.3.1/../../../../arm-none-eabi/lib/thumb/v7e-m+fp/softfp/libc.a(libc_a-findfp.o)
                0x100133e0                __sfp_lock_acquire
 .text.__sfp_lock_release
                0x100133ec        0xc /nix/store/shci5ykbsfws7kcxpqnn2qqxfw761haw-gcc-arm-embedded-12.3.rel1/bin/../lib/gcc/arm-none-eabi/12.3.1/../../../../arm-none-eabi/lib/thumb/v7e-m+fp/softfp/libc.a(libc_a-findfp.o)
                0x100133ec                __sfp_lock_release
 *fill*         0x100133f8        0x8 
 .text          0x10013400       0xa0 /nix/store/shci5ykbsfws7kcxpqnn2qqxfw761haw-gcc-arm-embedded-12.3.rel1/bin/../lib/gcc/arm-none-eabi/12.3.1/../../../../arm-none-eabi/lib/thumb/v7e-m+fp/softfp/libc.a(libc_a-memchr.o)
                0x10013400                memchr
 .text          0x100134a0      0x134 /nix/store/shci5ykbsfws7kcxpqnn2qqxfw761haw-gcc-arm-embedded-12.3.rel1/bin/../lib/gcc/arm-none-eabi/12.3.1/../../../../arm-none-eabi/lib/thumb/v7e-m+fp/softfp/libc.a(libc_a-memcpy.o)
                0x100134a0                memcpy
 *fill*         0x100135d4       0x2c 
 .text          0x10013600       0xd8 /nix/store/shci5ykbsfws7kcxpqnn2qqxfw761haw-gcc-arm-embedded-12.3.rel1/bin/../lib/gcc/arm-none-eabi/12.3.1/../../../../arm-none-eabi/lib/thumb/v7e-m+fp/softfp/libc.a(libc_a-strlen.o)
                0x10013600                strlen
 .text.frexp    0x100136d8       0x70 /nix/store/shci5ykbsfws7kcxpqnn2qqxfw761haw-gcc-arm-embedded-12.3.rel1/bin/../lib/gcc/arm-none-eabi/12.3.1/../../../../arm-none-eabi/lib/thumb/v7e-m+fp/softfp/libc.a(libm_a-s_frexp.o)
                0x100136d8                frexp
 .text._malloc_trim_r
                0x10013748       0xb8 /nix/store/shci5ykbsfws7kcxpqnn2qqxfw761haw-gcc-arm-embedded-12.3.rel1/bin/../lib/gcc/arm-none-eabi/12.3.1/../../../../arm-none-eabi/lib/thumb/v7e-m+fp/softfp/libc.a(libc_a-freer.o)
                0x10013748                _malloc_trim_r
 .text._free_r  0x10013800      0x1fc /nix/store/shci5ykbsfws7kcxpqnn2qqxfw761haw-gcc-arm-embedded-12.3.rel1/bin/../lib/gcc/arm-none-eabi/12.3.1/../../../../arm-none-eabi/lib/thumb/v7e-m+fp/softfp/libc.a(libc_a-freer.o)
                0x10013800                _free_r
 .text.strncpy  0x100139fc       0x68 /nix/store/shci5ykbsfws7kcxpqnn2qqxfw761haw-gcc-arm-embedded-12.3.rel1/bin/../lib/gcc/arm-none-eabi/12.3.1/../../../../arm-none-eabi/lib/thumb/v7e-m+fp/softfp/libc.a(libc_a-strncpy.o)
                0x100139fc                strncpy
 .text.__sread  0x10013a64       0x24 /nix/store/shci5ykbsfws7kcxpqnn2qqxfw761haw-gcc-arm-embedded-12.3.rel1/bin/../lib/gcc/arm-none-eabi/12.3.1/../../../../arm-none-eabi/lib/thumb/v7e-m+fp/softfp/libc.a(libc_a-stdio.o)
                0x10013a64                __sread
 .text.__swrite
                0x10013a88       0x40 /nix/store/shci5ykbsfws7kcxpqnn2qqxfw761haw-gcc-arm-embedded-12.3.rel1/bin/../lib/gcc/arm-none-eabi/12.3.1/../../../../arm-none-eabi/lib/thumb/v7e-m+fp/softfp/libc.a(libc_a-stdio.o)
                0x10013a88                __swrite
 .text.__sseek  0x10013ac8       0x24 /nix/store/shci5ykbsfws7kcxpqnn2qqxfw761haw-gcc-arm-embedded-12.3.rel1/bin/../lib/gcc/arm-none-eabi/12.3.1/../../../../arm-none-eabi/lib/thumb/v7e-m+fp/softfp/libc.a(libc_a-stdio.o)
                0x10013ac8                __sseek
 .text.__sclose
                0x10013aec        0x8 /nix/store/shci5ykbsfws7kcxpqnn2qqxfw761haw-gcc-arm-embedded-12.3.rel1/bin/../lib/gcc/arm-none-eabi/12.3.1/../../../../arm-none-eabi/lib/thumb/v7e-m+fp/softfp/libc.a(libc_a-stdio.o)
                0x10013aec                __sclose
 .text.__ascii_wctomb
                0x10013af4       0x1c /nix/store/shci5ykbsfws7kcxpqnn2qqxfw761haw-gcc-arm-embedded-12.3.rel1/bin/../lib/gcc/arm-none-eabi/12.3.1/../../../../arm-none-eabi/lib/thumb/v7e-m+fp/softfp/libc.a(libc_a-wctomb_r.o)
                0x10013af4                __ascii_wctomb
 .text._sbrk_r  0x10013b10       0x24 /nix/store/shci5ykbsfws7kcxpqnn2qqxfw761haw-gcc-arm-embedded-12.3.rel1/bin/../lib/gcc/arm-none-eabi/12.3.1/../../../../arm-none-eabi/lib/thumb/v7e-m+fp/softfp/libc.a(libc_a-sbrkr.o)
                0x10013b10                _sbrk_r
 .text.__sfvwrite_r
                0x10013b34      0x300 /nix/store/shci5ykbsfws7kcxpqnn2qqxfw761haw-gcc-arm-embedded-12.3.rel1/bin/../lib/gcc/arm-none-eabi/12.3.1/../../../../arm-none-eabi/lib/thumb/v7e-m+fp/softfp/libc.a(libc_a-fvwrite.o)
                0x10013b34                __sfvwrite_r
 .text._write_r
                0x10013e34       0x2c /nix/store/shci5ykbsfws7kcxpqnn2qqxfw761haw-gcc-arm-embedded-12.3.rel1/bin/../lib/gcc/arm-none-eabi/12.3.1/../../../../arm-none-eabi/lib/thumb/v7e-m+fp/softfp/libc.a(libc_a-writer.o)
                0x10013e34                _write_r
 .text._fwalk_sglue
                0x10013e60       0x48 /nix/store/shci5ykbsfws7kcxpqnn2qqxfw761haw-gcc-arm-embedded-12.3.rel1/bin/../lib/gcc/arm-none-eabi/12.3.1/../../../../arm-none-eabi/lib/thumb/v7e-m+fp/softfp/libc.a(libc_a-fwalk.o)
                0x10013e60                _fwalk_sglue
 .text.__ssprint_r
                0x10013ea8      0x108 /nix/store/shci5ykbsfws7kcxpqnn2qqxfw761haw-gcc-arm-embedded-12.3.rel1/bin/../lib/gcc/arm-none-eabi/12.3.1/../../../../arm-none-eabi/lib/thumb/v7e-m+fp/softfp/libc.a(libc_a-svfiprintf.o)
                0x10013ea8                __ssprint_r
 .text._vfprintf_r
                0x10013fb0     0x1c50 /nix/store/shci5ykbsfws7kcxpqnn2qqxfw761haw-gcc-arm-embedded-12.3.rel1/bin/../lib/gcc/arm-none-eabi/12.3.1/../../../../arm-none-eabi/lib/thumb/v7e-m+fp/softfp/libc.a(libc_a-vfprintf.o)
                0x10013fb0                _vfprintf_r
 .text.__sbprintf
                0x10015c00       0x80 /nix/store/shci5ykbsfws7kcxpqnn2qqxfw761haw-gcc-arm-embedded-12.3.rel1/bin/../lib/gcc/arm-none-eabi/12.3.1/../../../../arm-none-eabi/lib/thumb/v7e-m+fp/softfp/libc.a(libc_a-vfprintf.o)
 .text.__sprint_r.part.0
                0x10015c80       0x78 /nix/store/shci5ykbsfws7kcxpqnn2qqxfw761haw-gcc-arm-embedded-12.3.rel1/bin/../lib/gcc/arm-none-eabi/12.3.1/../../../../arm-none-eabi/lib/thumb/v7e-m+fp/softfp/libc.a(libc_a-vfiprintf.o)
 .text.__sprint_r
                0x10015cf8       0x18 /nix/store/shci5ykbsfws7kcxpqnn2qqxfw761haw-gcc-arm-embedded-12.3.rel1/bin/../lib/gcc/arm-none-eabi/12.3.1/../../../../arm-none-eabi/lib/thumb/v7e-m+fp/softfp/libc.a(libc_a-vfiprintf.o)
                0x10015cf8                __sprint_r
 .text._vfiprintf_r
                0x10015d10      0xfa8 /nix/store/shci5ykbsfws7kcxpqnn2qqxfw761haw-gcc-arm-embedded-12.3.rel1/bin/../lib/gcc/arm-none-eabi/12.3.1/../../../../arm-none-eabi/lib/thumb/v7e-m+fp/softfp/libc.a(libc_a-vfiprintf.o)
                0x10015d10                _vfiprintf_r
 .text.__sbprintf
                0x10016cb8       0x80 /nix/store/shci5ykbsfws7kcxpqnn2qqxfw761haw-gcc-arm-embedded-12.3.rel1/bin/../lib/gcc/arm-none-eabi/12.3.1/../../../../arm-none-eabi/lib/thumb/v7e-m+fp/softfp/libc.a(libc_a-vfiprintf.o)
 .text.__register_exitproc
                0x10016d38       0x80 /nix/store/shci5ykbsfws7kcxpqnn2qqxfw761haw-gcc-arm-embedded-12.3.rel1/bin/../lib/gcc/arm-none-eabi/12.3.1/../../../../arm-none-eabi/lib/thumb/v7e-m+fp/softfp/libc.a(libc_a-__atexit.o)
                0x10016d38                __register_exitproc
 .text.__ascii_mbtowc
                0x10016db8       0x2c /nix/store/shci5ykbsfws7kcxpqnn2qqxfw761haw-gcc-arm-embedded-12.3.rel1/bin/../lib/gcc/arm-none-eabi/12.3.1/../../../../arm-none-eabi/lib/thumb/v7e-m+fp/softfp/libc.a(libc_a-mbtowc_r.o)
                0x10016db8                __ascii_mbtowc
 .text.memmove  0x10016de4      0x100 /nix/store/shci5ykbsfws7kcxpqnn2qqxfw761haw-gcc-arm-embedded-12.3.rel1/bin/../lib/gcc/arm-none-eabi/12.3.1/../../../../arm-none-eabi/lib/thumb/v7e-m+fp/softfp/libc.a(libc_a-memmove.o)
                0x10016de4                memmove
 .text.__assert_func
                0x10016ee4       0x40 /nix/store/shci5ykbsfws7kcxpqnn2qqxfw761haw-gcc-arm-embedded-12.3.rel1/bin/../lib/gcc/arm-none-eabi/12.3.1/../../../../arm-none-eabi/lib/thumb/v7e-m+fp/softfp/libc.a(libc_a-assert.o)
                0x10016ee4                __assert_func
 .text._fclose_r
                0x10016f24       0xc0 /nix/store/shci5ykbsfws7kcxpqnn2qqxfw761haw-gcc-arm-embedded-12.3.rel1/bin/../lib/gcc/arm-none-eabi/12.3.1/../../../../arm-none-eabi/lib/thumb/v7e-m+fp/softfp/libc.a(libc_a-fclose.o)
                0x10016f24                _fclose_r
 .text.__swsetup_r
                0x10016fe4       0xc0 /nix/store/shci5ykbsfws7kcxpqnn2qqxfw761haw-gcc-arm-embedded-12.3.rel1/bin/../lib/gcc/arm-none-eabi/12.3.1/../../../../arm-none-eabi/lib/thumb/v7e-m+fp/softfp/libc.a(libc_a-wsetup.o)
                0x10016fe4                __swsetup_r
 .text.__smakebuf_r
                0x100170a4       0xdc /nix/store/shci5ykbsfws7kcxpqnn2qqxfw761haw-gcc-arm-embedded-12.3.rel1/bin/../lib/gcc/arm-none-eabi/12.3.1/../../../../arm-none-eabi/lib/thumb/v7e-m+fp/softfp/libc.a(libc_a-makebuf.o)
                0x100170a4                __smakebuf_r
 .text._Balloc  0x10017180       0x4c /nix/store/shci5ykbsfws7kcxpqnn2qqxfw761haw-gcc-arm-embedded-12.3.rel1/bin/../lib/gcc/arm-none-eabi/12.3.1/../../../../arm-none-eabi/lib/thumb/v7e-m+fp/softfp/libc.a(libc_a-mprec.o)
                0x10017180                _Balloc
 .text._Bfree   0x100171cc       0x14 /nix/store/shci5ykbsfws7kcxpqnn2qqxfw761haw-gcc-arm-embedded-12.3.rel1/bin/../lib/gcc/arm-none-eabi/12.3.1/../../../../arm-none-eabi/lib/thumb/v7e-m+fp/softfp/libc.a(libc_a-mprec.o)
                0x100171cc                _Bfree
 .text.__multadd
                0x100171e0       0xa0 /nix/store/shci5ykbsfws7kcxpqnn2qqxfw761haw-gcc-arm-embedded-12.3.rel1/bin/../lib/gcc/arm-none-eabi/12.3.1/../../../../arm-none-eabi/lib/thumb/v7e-m+fp/softfp/libc.a(libc_a-mprec.o)
                0x100171e0                __multadd
 .text.__hi0bits
                0x10017280       0x44 /nix/store/shci5ykbsfws7kcxpqnn2qqxfw761haw-gcc-arm-embedded-12.3.rel1/bin/../lib/gcc/arm-none-eabi/12.3.1/../../../../arm-none-eabi/lib/thumb/v7e-m+fp/softfp/libc.a(libc_a-mprec.o)
                0x10017280                __hi0bits
 .text.__lo0bits
                0x100172c4       0x60 /nix/store/shci5ykbsfws7kcxpqnn2qqxfw761haw-gcc-arm-embedded-12.3.rel1/bin/../lib/gcc/arm-none-eabi/12.3.1/../../../../arm-none-eabi/lib/thumb/v7e-m+fp/softfp/libc.a(libc_a-mprec.o)
                0x100172c4                __lo0bits
 .text.__i2b    0x10017324       0x5c /nix/store/shci5ykbsfws7kcxpqnn2qqxfw761haw-gcc-arm-embedded-12.3.rel1/bin/../lib/gcc/arm-none-eabi/12.3.1/../../../../arm-none-eabi/lib/thumb/v7e-m+fp/softfp/libc.a(libc_a-mprec.o)
                0x10017324                __i2b
 .text.__multiply
                0x10017380      0x16c /nix/store/shci5ykbsfws7kcxpqnn2qqxfw761haw-gcc-arm-embedded-12.3.rel1/bin/../lib/gcc/arm-none-eabi/12.3.1/../../../../arm-none-eabi/lib/thumb/v7e-m+fp/softfp/libc.a(libc_a-mprec.o)
                0x10017380                __multiply
 .text.__pow5mult
                0x100174ec       0xb4 /nix/store/shci5ykbsfws7kcxpqnn2qqxfw761haw-gcc-arm-embedded-12.3.rel1/bin/../lib/gcc/arm-none-eabi/12.3.1/../../../../arm-none-eabi/lib/thumb/v7e-m+fp/softfp/libc.a(libc_a-mprec.o)
                0x100174ec                __pow5mult
 .text.__lshift
                0x100175a0       0xf0 /nix/store/shci5ykbsfws7kcxpqnn2qqxfw761haw-gcc-arm-embedded-12.3.rel1/bin/../lib/gcc/arm-none-eabi/12.3.1/../../../../arm-none-eabi/lib/thumb/v7e-m+fp/softfp/libc.a(libc_a-mprec.o)
                0x100175a0                __lshift
 .text.__mcmp   0x10017690       0x44 /nix/store/shci5ykbsfws7kcxpqnn2qqxfw761haw-gcc-arm-embedded-12.3.rel1/bin/../lib/gcc/arm-none-eabi/12.3.1/../../../../arm-none-eabi/lib/thumb/v7e-m+fp/softfp/libc.a(libc_a-mprec.o)
                0x10017690                __mcmp
 .text.__mdiff  0x100176d4      0x164 /nix/store/shci5ykbsfws7kcxpqnn2qqxfw761haw-gcc-arm-embedded-12.3.rel1/bin/../lib/gcc/arm-none-eabi/12.3.1/../../../../arm-none-eabi/lib/thumb/v7e-m+fp/softfp/libc.a(libc_a-mprec.o)
                0x100176d4                __mdiff
 .text.__d2b    0x10017838       0xbc /nix/store/shci5ykbsfws7kcxpqnn2qqxfw761haw-gcc-arm-embedded-12.3.rel1/bin/../lib/gcc/arm-none-eabi/12.3.1/../../../../arm-none-eabi/lib/thumb/v7e-m+fp/softfp/libc.a(libc_a-mprec.o)
                0x10017838                __d2b
 .text._calloc_r
                0x100178f4       0x6c /nix/store/shci5ykbsfws7kcxpqnn2qqxfw761haw-gcc-arm-embedded-12.3.rel1/bin/../lib/gcc/arm-none-eabi/12.3.1/../../../../arm-none-eabi/lib/thumb/v7e-m+fp/softfp/libc.a(libc_a-callocr.o)
                0x100178f4                _calloc_r
 .text._wcsnrtombs_l
                0x10017960       0xfc /nix/store/shci5ykbsfws7kcxpqnn2qqxfw761haw-gcc-arm-embedded-12.3.rel1/bin/../lib/gcc/arm-none-eabi/12.3.1/../../../../arm-none-eabi/lib/thumb/v7e-m+fp/softfp/libc.a(libc_a-wcsnrtombs.o)
                0x10017960                _wcsnrtombs_l
 .text._wcsnrtombs_r
                0x10017a5c       0x24 /nix/store/shci5ykbsfws7kcxpqnn2qqxfw761haw-gcc-arm-embedded-12.3.rel1/bin/../lib/gcc/arm-none-eabi/12.3.1/../../../../arm-none-eabi/lib/thumb/v7e-m+fp/softfp/libc.a(libc_a-wcsnrtombs.o)
                0x10017a5c                _wcsnrtombs_r
 .text._close_r
                0x10017a80       0x24 /nix/store/shci5ykbsfws7kcxpqnn2qqxfw761haw-gcc-arm-embedded-12.3.rel1/bin/../lib/gcc/arm-none-eabi/12.3.1/../../../../arm-none-eabi/lib/thumb/v7e-m+fp/softfp/libc.a(libc_a-closer.o)
                0x10017a80                _close_r
 .text.__sflush_r
                0x10017aa4      0x138 /nix/store/shci5ykbsfws7kcxpqnn2qqxfw761haw-gcc-arm-embedded-12.3.rel1/bin/../lib/gcc/arm-none-eabi/12.3.1/../../../../arm-none-eabi/lib/thumb/v7e-m+fp/softfp/libc.a(libc_a-fflush.o)
                0x10017aa4                __sflush_r
 .text._fflush_r
                0x10017bdc       0x54 /nix/store/shci5ykbsfws7kcxpqnn2qqxfw761haw-gcc-arm-embedded-12.3.rel1/bin/../lib/gcc/arm-none-eabi/12.3.1/../../../../arm-none-eabi/lib/thumb/v7e-m+fp/softfp/libc.a(libc_a-fflush.o)
                0x10017bdc                _fflush_r
 .text._realloc_r
                0x10017c30      0x344 /nix/store/shci5ykbsfws7kcxpqnn2qqxfw761haw-gcc-arm-embedded-12.3.rel1/bin/../lib/gcc/arm-none-eabi/12.3.1/../../../../arm-none-eabi/lib/thumb/v7e-m+fp/softfp/libc.a(libc_a-reallocr.o)
                0x10017c30                _realloc_r
 .text._fstat_r
                0x10017f74       0x2c /nix/store/shci5ykbsfws7kcxpqnn2qqxfw761haw-gcc-arm-embedded-12.3.rel1/bin/../lib/gcc/arm-none-eabi/12.3.1/../../../../arm-none-eabi/lib/thumb/v7e-m+fp/softfp/libc.a(libc_a-fstatr.o)
                0x10017f74                _fstat_r
 .text._isatty_r
                0x10017fa0       0x24 /nix/store/shci5ykbsfws7kcxpqnn2qqxfw761haw-gcc-arm-embedded-12.3.rel1/bin/../lib/gcc/arm-none-eabi/12.3.1/../../../../arm-none-eabi/lib/thumb/v7e-m+fp/softfp/libc.a(libc_a-isattyr.o)
                0x10017fa0                _isatty_r
 .text._lseek_r
                0x10017fc4       0x2c /nix/store/shci5ykbsfws7kcxpqnn2qqxfw761haw-gcc-arm-embedded-12.3.rel1/bin/../lib/gcc/arm-none-eabi/12.3.1/../../../../arm-none-eabi/lib/thumb/v7e-m+fp/softfp/libc.a(libc_a-lseekr.o)
                0x10017fc4                _lseek_r
 .text._read_r  0x10017ff0       0x2c /nix/store/shci5ykbsfws7kcxpqnn2qqxfw761haw-gcc-arm-embedded-12.3.rel1/bin/../lib/gcc/arm-none-eabi/12.3.1/../../../../arm-none-eabi/lib/thumb/v7e-m+fp/softfp/libc.a(libc_a-readr.o)
                0x10017ff0                _read_r
 .text.fiprintf
                0x1001801c       0x28 /nix/store/shci5ykbsfws7kcxpqnn2qqxfw761haw-gcc-arm-embedded-12.3.rel1/bin/../lib/gcc/arm-none-eabi/12.3.1/../../../../arm-none-eabi/lib/thumb/v7e-m+fp/softfp/libc.a(libc_a-fiprintf.o)
                0x1001801c                fiprintf
 .text.__fputwc
                0x10018044       0x7c /nix/store/shci5ykbsfws7kcxpqnn2qqxfw761haw-gcc-arm-embedded-12.3.rel1/bin/../lib/gcc/arm-none-eabi/12.3.1/../../../../arm-none-eabi/lib/thumb/v7e-m+fp/softfp/libc.a(libc_a-fputwc.o)
                0x10018044                __fputwc
 .text._fputwc_r
                0x100180c0       0x60 /nix/store/shci5ykbsfws7kcxpqnn2qqxfw761haw-gcc-arm-embedded-12.3.rel1/bin/../lib/gcc/arm-none-eabi/12.3.1/../../../../arm-none-eabi/lib/thumb/v7e-m+fp/softfp/libc.a(libc_a-fputwc.o)
                0x100180c0                _fputwc_r
 .text.__swbuf_r
                0x10018120       0xac /nix/store/shci5ykbsfws7kcxpqnn2qqxfw761haw-gcc-arm-embedded-12.3.rel1/bin/../lib/gcc/arm-none-eabi/12.3.1/../../../../arm-none-eabi/lib/thumb/v7e-m+fp/softfp/libc.a(libc_a-wbuf.o)
                0x10018120                __swbuf_r
 .text.abort    0x100181cc       0x10 /nix/store/shci5ykbsfws7kcxpqnn2qqxfw761haw-gcc-arm-embedded-12.3.rel1/bin/../lib/gcc/arm-none-eabi/12.3.1/../../../../arm-none-eabi/lib/thumb/v7e-m+fp/softfp/libc.a(libc_a-abort.o)
                0x100181cc                abort
 .text.raise    0x100181dc       0x58 /nix/store/shci5ykbsfws7kcxpqnn2qqxfw761haw-gcc-arm-embedded-12.3.rel1/bin/../lib/gcc/arm-none-eabi/12.3.1/../../../../arm-none-eabi/lib/thumb/v7e-m+fp/softfp/libc.a(libc_a-signal.o)
                0x100181dc                raise
 .text._kill_r  0x10018234       0x2c /nix/store/shci5ykbsfws7kcxpqnn2qqxfw761haw-gcc-arm-embedded-12.3.rel1/bin/../lib/gcc/arm-none-eabi/12.3.1/../../../../arm-none-eabi/lib/thumb/v7e-m+fp/softfp/libc.a(libc_a-signalr.o)
                0x10018234                _kill_r
 .text._getpid_r
                0x10018260        0x4 /nix/store/shci5ykbsfws7kcxpqnn2qqxfw761haw-gcc-arm-embedded-12.3.rel1/bin/../lib/gcc/arm-none-eabi/12.3.1/../../../../arm-none-eabi/lib/thumb/v7e-m+fp/softfp/libc.a(libc_a-signalr.o)
                0x10018260                _getpid_r
 .text._getpid  0x10018264       0x10 /nix/store/shci5ykbsfws7kcxpqnn2qqxfw761haw-gcc-arm-embedded-12.3.rel1/bin/../lib/gcc/arm-none-eabi/12.3.1/../../../../arm-none-eabi/lib/thumb/v7e-m+fp/softfp/libnosys.a(getpid.o)
                0x10018264                _getpid
 .text._kill    0x10018274       0x10 /nix/store/shci5ykbsfws7kcxpqnn2qqxfw761haw-gcc-arm-embedded-12.3.rel1/bin/../lib/gcc/arm-none-eabi/12.3.1/../../../../arm-none-eabi/lib/thumb/v7e-m+fp/softfp/libnosys.a(kill.o)
                0x10018274                _kill
 .text._exit    0x10018284        0x4 /nix/store/shci5ykbsfws7kcxpqnn2qqxfw761haw-gcc-arm-embedded-12.3.rel1/bin/../lib/gcc/arm-none-eabi/12.3.1/../../../../arm-none-eabi/lib/thumb/v7e-m+fp/softfp/libnosys.a(_exit.o)
                0x10018284                _exit
 .text          0x10018288      0x378 /nix/store/shci5ykbsfws7kcxpqnn2qqxfw761haw-gcc-arm-embedded-12.3.rel1/bin/../lib/gcc/arm-none-eabi/12.3.1/thumb/v7e-m+fp/softfp/libgcc.a(_arm_addsubdf3.o)
                0x10018288                __aeabi_drsub
                0x10018290                __aeabi_dsub
                0x10018290                __subdf3
                0x10018294                __adddf3
                0x10018294                __aeabi_dadd
                0x1001850c                __aeabi_ui2d
                0x1001850c                __floatunsidf
                0x1001852c                __floatsidf
                0x1001852c                __aeabi_i2d
                0x10018550                __extendsfdf2
                0x10018550                __aeabi_f2d
                0x10018594                __aeabi_ul2d
                0x10018594                __floatundidf
                0x100185a4                __floatdidf
                0x100185a4                __aeabi_l2d
 .text          0x10018600      0x424 /nix/store/shci5ykbsfws7kcxpqnn2qqxfw761haw-gcc-arm-embedded-12.3.rel1/bin/../lib/gcc/arm-none-eabi/12.3.1/thumb/v7e-m+fp/softfp/libgcc.a(_arm_muldivdf3.o)
                0x10018600                __aeabi_dmul
                0x10018600                __muldf3
                0x10018854                __aeabi_ddiv
                0x10018854                __divdf3
 .text          0x10018a24      0x110 /nix/store/shci5ykbsfws7kcxpqnn2qqxfw761haw-gcc-arm-embedded-12.3.rel1/bin/../lib/gcc/arm-none-eabi/12.3.1/thumb/v7e-m+fp/softfp/libgcc.a(_arm_cmpdf2.o)
                0x10018a24                __gtdf2
                0x10018a24                __gedf2
                0x10018a2c                __ltdf2
                0x10018a2c                __ledf2
                0x10018a34                __cmpdf2
                0x10018a34                __eqdf2
                0x10018a34                __nedf2
                0x10018ab0                __aeabi_cdrcmple
                0x10018ac0                __aeabi_cdcmple
                0x10018ac0                __aeabi_cdcmpeq
                0x10018ad0                __aeabi_dcmpeq
                0x10018ae4                __aeabi_dcmplt
                0x10018af8                __aeabi_dcmple
                0x10018b0c                __aeabi_dcmpge
                0x10018b20                __aeabi_dcmpgt
 .text          0x10018b34       0x2c /nix/store/shci5ykbsfws7kcxpqnn2qqxfw761haw-gcc-arm-embedded-12.3.rel1/bin/../lib/gcc/arm-none-eabi/12.3.1/thumb/v7e-m+fp/softfp/libgcc.a(_arm_unorddf2.o)
                0x10018b34                __aeabi_dcmpun
                0x10018b34                __unorddf2
 .text          0x10018b60       0x50 /nix/store/shci5ykbsfws7kcxpqnn2qqxfw761haw-gcc-arm-embedded-12.3.rel1/bin/../lib/gcc/arm-none-eabi/12.3.1/thumb/v7e-m+fp/softfp/libgcc.a(_arm_fixdfsi.o)
                0x10018b60                __fixdfsi
                0x10018b60                __aeabi_d2iz
 .text          0x10018bb0       0x30 /nix/store/shci5ykbsfws7kcxpqnn2qqxfw761haw-gcc-arm-embedded-12.3.rel1/bin/../lib/gcc/arm-none-eabi/12.3.1/thumb/v7e-m+fp/softfp/libgcc.a(_aeabi_uldivmod.o)
                0x10018bb0                __aeabi_uldivmod
 .text.__udivmoddi4
                0x10018be0      0x2bc /nix/store/shci5ykbsfws7kcxpqnn2qqxfw761haw-gcc-arm-embedded-12.3.rel1/bin/../lib/gcc/arm-none-eabi/12.3.1/thumb/v7e-m+fp/softfp/libgcc.a(_udivmoddi4.o)
                0x10018be0                __udivmoddi4
 .text          0x10018e9c        0x4 /nix/store/shci5ykbsfws7kcxpqnn2qqxfw761haw-gcc-arm-embedded-12.3.rel1/bin/../lib/gcc/arm-none-eabi/12.3.1/thumb/v7e-m+fp/softfp/libgcc.a(_dvmd_tls.o)
                0x10018e9c                __aeabi_ldiv0
                0x10018e9c                __aeabi_idiv0
 *(.rodata*)
 .rodata.process_boot.str1.4
                0x10018ea0        0x9 /Pace-2024-ectf/component/build/component.o
 *fill*         0x10018ea9        0x3 
 .rodata.component_process_cmd.str1.4
                0x10018eac       0x5d /Pace-2024-ectf/component/build/component.o
 *fill*         0x10018f09        0x3 
 .rodata.main.str1.4
                0x10018f0c       0x12 /Pace-2024-ectf/component/build/component.o
 *fill*         0x10018f1e        0x2 
 .rodata.i2c_simple_peripheral_init.str1.4
                0x10018f20       0x1a /Pace-2024-ectf/component/build/simple_i2c_peripheral.o
 *fill*         0x10018f3a        0x2 
 .rodata.mxc_assert.str1.4
                0x10018f3c       0x19 /Pace-2024-ectf/component/build/board.o
 *fill*         0x10018f55        0x3 
 .rodata.Board_Init.str1.4
                0x10018f58       0x4d /Pace-2024-ectf/component/build/board.o
 *fill*         0x10018fa5        0x3 
 .rodata.num_leds
                0x10018fa8        0x4 /Pace-2024-ectf/component/build/board.o
                0x10018fa8                num_leds
 .rodata.led_pin
                0x10018fac       0x24 /Pace-2024-ectf/component/build/board.o
                0x10018fac                led_pin
 .rodata.num_pbs
                0x10018fd0        0x4 /Pace-2024-ectf/component/build/board.o
                0x10018fd0                num_pbs
 .rodata.pb_pin
                0x10018fd4       0x18 /Pace-2024-ectf/component/build/board.o
                0x10018fd4                pb_pin
 .rodata.LED_On.str1.4
                0x10018fec       0x47 /Pace-2024-ectf/component/build/led.o
 *fill*         0x10019033        0x1 
 .rodata.gpio_cfg_uart3
                0x10019034        0xc /Pace-2024-ectf/msdk/Libraries/PeriphDrivers/bin/MAX78000/softfp/libPeriphDriver_softfp.a(pins_ai85.o)
                0x10019034                gpio_cfg_uart3
 .rodata.gpio_cfg_uart2
                0x10019040        0xc /Pace-2024-ectf/msdk/Libraries/PeriphDrivers/bin/MAX78000/softfp/libPeriphDriver_softfp.a(pins_ai85.o)
                0x10019040                gpio_cfg_uart2
 .rodata.gpio_cfg_uart1
                0x1001904c        0xc /Pace-2024-ectf/msdk/Libraries/PeriphDrivers/bin/MAX78000/softfp/libPeriphDriver_softfp.a(pins_ai85.o)
                0x1001904c                gpio_cfg_uart1
 .rodata.gpio_cfg_uart0
                0x10019058        0xc /Pace-2024-ectf/msdk/Libraries/PeriphDrivers/bin/MAX78000/softfp/libPeriphDriver_softfp.a(pins_ai85.o)
                0x10019058                gpio_cfg_uart0
 .rodata.gpio_cfg_i2c2
                0x10019064        0xc /Pace-2024-ectf/msdk/Libraries/PeriphDrivers/bin/MAX78000/softfp/libPeriphDriver_softfp.a(pins_ai85.o)
                0x10019064                gpio_cfg_i2c2
 .rodata.gpio_cfg_i2c1
                0x10019070        0xc /Pace-2024-ectf/msdk/Libraries/PeriphDrivers/bin/MAX78000/softfp/libPeriphDriver_softfp.a(pins_ai85.o)
                0x10019070                gpio_cfg_i2c1
 .rodata.gpio_cfg_i2c0
                0x1001907c        0xc /Pace-2024-ectf/msdk/Libraries/PeriphDrivers/bin/MAX78000/softfp/libPeriphDriver_softfp.a(pins_ai85.o)
                0x1001907c                gpio_cfg_i2c0
 .rodata.gpio_cfg_extclk
                0x10019088        0xc /Pace-2024-ectf/msdk/Libraries/PeriphDrivers/bin/MAX78000/softfp/libPeriphDriver_softfp.a(pins_ai85.o)
                0x10019088                gpio_cfg_extclk
 .rodata.MXC_GPIO_Common_Handler.str1.4
                0x10019094       0x6e /Pace-2024-ectf/msdk/Libraries/PeriphDrivers/bin/MAX78000/softfp/libPeriphDriver_softfp.a(gpio_common.o)
 *fill*         0x10019102        0x2 
 .rodata.CSWTCH.16
                0x10019104        0xc /Pace-2024-ectf/msdk/Libraries/PeriphDrivers/bin/MAX78000/softfp/libPeriphDriver_softfp.a(gpio_common.o)
 .rodata._svfprintf_r.str1.4
                0x10019110       0x42 /nix/store/shci5ykbsfws7kcxpqnn2qqxfw761haw-gcc-arm-embedded-12.3.rel1/bin/../lib/gcc/arm-none-eabi/12.3.1/../../../../arm-none-eabi/lib/thumb/v7e-m+fp/softfp/libc.a(libc_a-svfprintf.o)
 *fill*         0x10019152        0x2 
 .rodata.zeroes.0
                0x10019154       0x10 /nix/store/shci5ykbsfws7kcxpqnn2qqxfw761haw-gcc-arm-embedded-12.3.rel1/bin/../lib/gcc/arm-none-eabi/12.3.1/../../../../arm-none-eabi/lib/thumb/v7e-m+fp/softfp/libc.a(libc_a-svfprintf.o)
 .rodata.blanks.1
                0x10019164       0x10 /nix/store/shci5ykbsfws7kcxpqnn2qqxfw761haw-gcc-arm-embedded-12.3.rel1/bin/../lib/gcc/arm-none-eabi/12.3.1/../../../../arm-none-eabi/lib/thumb/v7e-m+fp/softfp/libc.a(libc_a-svfprintf.o)
 .rodata.str1.4
                0x10019174       0x44 /nix/store/shci5ykbsfws7kcxpqnn2qqxfw761haw-gcc-arm-embedded-12.3.rel1/bin/../lib/gcc/arm-none-eabi/12.3.1/../../../../arm-none-eabi/lib/thumb/v7e-m+fp/softfp/libc.a(libc_a-locale.o)
                                 0x4c (size before relaxing)
 .rodata._puts_r.str1.4
                0x100191b8        0x2 /nix/store/shci5ykbsfws7kcxpqnn2qqxfw761haw-gcc-arm-embedded-12.3.rel1/bin/../lib/gcc/arm-none-eabi/12.3.1/../../../../arm-none-eabi/lib/thumb/v7e-m+fp/softfp/libc.a(libc_a-puts.o)
 *fill*         0x100191ba        0x2 
 .rodata._dtoa_r.str1.4
                0x100191bc       0x7d /nix/store/shci5ykbsfws7kcxpqnn2qqxfw761haw-gcc-arm-embedded-12.3.rel1/bin/../lib/gcc/arm-none-eabi/12.3.1/../../../../arm-none-eabi/lib/thumb/v7e-m+fp/softfp/libc.a(libc_a-dtoa.o)
                                 0x81 (size before relaxing)
 *fill*         0x10019239        0x3 
 .rodata._ctype_
                0x1001923c      0x101 /nix/store/shci5ykbsfws7kcxpqnn2qqxfw761haw-gcc-arm-embedded-12.3.rel1/bin/../lib/gcc/arm-none-eabi/12.3.1/../../../../arm-none-eabi/lib/thumb/v7e-m+fp/softfp/libc.a(libc_a-ctype_.o)
                0x1001923c                _ctype_
 .rodata._vfprintf_r.str1.4
                0x1001933d       0x42 /nix/store/shci5ykbsfws7kcxpqnn2qqxfw761haw-gcc-arm-embedded-12.3.rel1/bin/../lib/gcc/arm-none-eabi/12.3.1/../../../../arm-none-eabi/lib/thumb/v7e-m+fp/softfp/libc.a(libc_a-vfprintf.o)
 *fill*         0x1001933d        0x3 
 .rodata.zeroes.0
                0x10019340       0x10 /nix/store/shci5ykbsfws7kcxpqnn2qqxfw761haw-gcc-arm-embedded-12.3.rel1/bin/../lib/gcc/arm-none-eabi/12.3.1/../../../../arm-none-eabi/lib/thumb/v7e-m+fp/softfp/libc.a(libc_a-vfprintf.o)
 .rodata.blanks.1
                0x10019350       0x10 /nix/store/shci5ykbsfws7kcxpqnn2qqxfw761haw-gcc-arm-embedded-12.3.rel1/bin/../lib/gcc/arm-none-eabi/12.3.1/../../../../arm-none-eabi/lib/thumb/v7e-m+fp/softfp/libc.a(libc_a-vfprintf.o)
 .rodata._vfiprintf_r.str1.4
                0x10019360       0x2f /nix/store/shci5ykbsfws7kcxpqnn2qqxfw761haw-gcc-arm-embedded-12.3.rel1/bin/../lib/gcc/arm-none-eabi/12.3.1/../../../../arm-none-eabi/lib/thumb/v7e-m+fp/softfp/libc.a(libc_a-vfiprintf.o)
 .rodata.zeroes.0
                0x10019360       0x10 /nix/store/shci5ykbsfws7kcxpqnn2qqxfw761haw-gcc-arm-embedded-12.3.rel1/bin/../lib/gcc/arm-none-eabi/12.3.1/../../../../arm-none-eabi/lib/thumb/v7e-m+fp/softfp/libc.a(libc_a-vfiprintf.o)
 .rodata.blanks.1
                0x10019370       0x10 /nix/store/shci5ykbsfws7kcxpqnn2qqxfw761haw-gcc-arm-embedded-12.3.rel1/bin/../lib/gcc/arm-none-eabi/12.3.1/../../../../arm-none-eabi/lib/thumb/v7e-m+fp/softfp/libc.a(libc_a-vfiprintf.o)
 .rodata.__assert_func.str1.4
                0x10019380       0x3f /nix/store/shci5ykbsfws7kcxpqnn2qqxfw761haw-gcc-arm-embedded-12.3.rel1/bin/../lib/gcc/arm-none-eabi/12.3.1/../../../../arm-none-eabi/lib/thumb/v7e-m+fp/softfp/libc.a(libc_a-assert.o)
                                 0x43 (size before relaxing)
 *fill*         0x100193bf        0x1 
 .rodata.__multadd.str1.4
                0x100193c0       0x5a /nix/store/shci5ykbsfws7kcxpqnn2qqxfw761haw-gcc-arm-embedded-12.3.rel1/bin/../lib/gcc/arm-none-eabi/12.3.1/../../../../arm-none-eabi/lib/thumb/v7e-m+fp/softfp/libc.a(libc_a-mprec.o)
                                 0x6e (size before relaxing)
 *fill*         0x1001941a        0x2 
 .rodata.p05.0  0x1001941c        0xc /nix/store/shci5ykbsfws7kcxpqnn2qqxfw761haw-gcc-arm-embedded-12.3.rel1/bin/../lib/gcc/arm-none-eabi/12.3.1/../../../../arm-none-eabi/lib/thumb/v7e-m+fp/softfp/libc.a(libc_a-mprec.o)
 .rodata.__mprec_bigtens
                0x10019428       0x28 /nix/store/shci5ykbsfws7kcxpqnn2qqxfw761haw-gcc-arm-embedded-12.3.rel1/bin/../lib/gcc/arm-none-eabi/12.3.1/../../../../arm-none-eabi/lib/thumb/v7e-m+fp/softfp/libc.a(libc_a-mprec.o)
                0x10019428                __mprec_bigtens
 .rodata.__mprec_tens
                0x10019450       0xc8 /nix/store/shci5ykbsfws7kcxpqnn2qqxfw761haw-gcc-arm-embedded-12.3.rel1/bin/../lib/gcc/arm-none-eabi/12.3.1/../../../../arm-none-eabi/lib/thumb/v7e-m+fp/softfp/libc.a(libc_a-mprec.o)
                0x10019450                __mprec_tens
 *(.init)
 .init          0x10019518        0x4 /nix/store/shci5ykbsfws7kcxpqnn2qqxfw761haw-gcc-arm-embedded-12.3.rel1/bin/../lib/gcc/arm-none-eabi/12.3.1/thumb/v7e-m+fp/softfp/crti.o
                0x10019518                _init
 .init          0x1001951c        0x8 /nix/store/shci5ykbsfws7kcxpqnn2qqxfw761haw-gcc-arm-embedded-12.3.rel1/bin/../lib/gcc/arm-none-eabi/12.3.1/thumb/v7e-m+fp/softfp/crtn.o
 *(.fini)
 .fini          0x10019524        0x4 /nix/store/shci5ykbsfws7kcxpqnn2qqxfw761haw-gcc-arm-embedded-12.3.rel1/bin/../lib/gcc/arm-none-eabi/12.3.1/thumb/v7e-m+fp/softfp/crti.o
                0x10019524                _fini
 .fini          0x10019528        0x8 /nix/store/shci5ykbsfws7kcxpqnn2qqxfw761haw-gcc-arm-embedded-12.3.rel1/bin/../lib/gcc/arm-none-eabi/12.3.1/thumb/v7e-m+fp/softfp/crtn.o
 *(.eh_frame*)
 .eh_frame      0x10019530        0x0 /nix/store/shci5ykbsfws7kcxpqnn2qqxfw761haw-gcc-arm-embedded-12.3.rel1/bin/../lib/gcc/arm-none-eabi/12.3.1/thumb/v7e-m+fp/softfp/crtbegin.o
 .eh_frame      0x10019530       0x50 /nix/store/shci5ykbsfws7kcxpqnn2qqxfw761haw-gcc-arm-embedded-12.3.rel1/bin/../lib/gcc/arm-none-eabi/12.3.1/../../../../arm-none-eabi/lib/thumb/v7e-m+fp/softfp/libc.a(libc_a-memchr.o)
 .eh_frame      0x10019580       0x2c /nix/store/shci5ykbsfws7kcxpqnn2qqxfw761haw-gcc-arm-embedded-12.3.rel1/bin/../lib/gcc/arm-none-eabi/12.3.1/../../../../arm-none-eabi/lib/thumb/v7e-m+fp/softfp/libc.a(libc_a-memcpy.o)
 .eh_frame      0x100195ac       0x34 /nix/store/shci5ykbsfws7kcxpqnn2qqxfw761haw-gcc-arm-embedded-12.3.rel1/bin/../lib/gcc/arm-none-eabi/12.3.1/../../../../arm-none-eabi/lib/thumb/v7e-m+fp/softfp/libc.a(libc_a-strlen.o)
 .eh_frame      0x100195e0        0x4 /nix/store/shci5ykbsfws7kcxpqnn2qqxfw761haw-gcc-arm-embedded-12.3.rel1/bin/../lib/gcc/arm-none-eabi/12.3.1/thumb/v7e-m+fp/softfp/crtend.o
                0x100195e4                        _etext = .

.glue_7         0x100195e4        0x0
 .glue_7        0x100195e4        0x0 linker stubs

.glue_7t        0x100195e4        0x0
 .glue_7t       0x100195e4        0x0 linker stubs

.vfp11_veneer   0x100195e4        0x0
 .vfp11_veneer  0x100195e4        0x0 linker stubs

.v4_bx          0x100195e4        0x0
 .v4_bx         0x100195e4        0x0 linker stubs

.iplt           0x100195e4        0x0
 .iplt          0x100195e4        0x0 /nix/store/shci5ykbsfws7kcxpqnn2qqxfw761haw-gcc-arm-embedded-12.3.rel1/bin/../lib/gcc/arm-none-eabi/12.3.1/thumb/v7e-m+fp/softfp/crtbegin.o

.bin_storage    0x100195e4        0x0
 FILL mask 0xff
                0x100195e4                        _bin_start_ = .
 *(.bin_storage_img)
                0x100195e4                        _bin_end_ = .
                0x100195e4                        . = ALIGN (0x4)

.rom_code       0x00000000        0x0
                0x00000000                        . = ALIGN (0x10)
                0x20000000                        _sran_code = .
 *(.rom_code_section)
                0x20000000                        _esran_code = .

.flash_code     0x100195e4        0xc
                0x100195f0                        . = ALIGN (0x10)
 *fill*         0x100195e4        0xc 
                0x20000000                        _sran_code = .
 *(.flash_code_section)
                0x20000000                        _esran_code = .

.sram_code      0x20000000        0x0
                0x20000000                        . = ALIGN (0x10)
                0x20000000                        _sran_code = .
 *(.sram_code_section)
                0x20000000                        _esran_code = .

.ARM.exidx      0x100195f0        0x8
                0x100195f0                        __exidx_start = .
 *(.ARM.exidx*)
 .ARM.exidx     0x100195f0        0x8 /nix/store/shci5ykbsfws7kcxpqnn2qqxfw761haw-gcc-arm-embedded-12.3.rel1/bin/../lib/gcc/arm-none-eabi/12.3.1/../../../../arm-none-eabi/lib/thumb/v7e-m+fp/softfp/libc.a(libc_a-memchr.o)
 .ARM.exidx     0x100195f8        0x0 /nix/store/shci5ykbsfws7kcxpqnn2qqxfw761haw-gcc-arm-embedded-12.3.rel1/bin/../lib/gcc/arm-none-eabi/12.3.1/../../../../arm-none-eabi/lib/thumb/v7e-m+fp/softfp/libc.a(libc_a-memcpy.o)
                                  0x8 (size before relaxing)
 .ARM.exidx     0x100195f8        0x0 /nix/store/shci5ykbsfws7kcxpqnn2qqxfw761haw-gcc-arm-embedded-12.3.rel1/bin/../lib/gcc/arm-none-eabi/12.3.1/../../../../arm-none-eabi/lib/thumb/v7e-m+fp/softfp/libc.a(libc_a-strlen.o)
                                  0x8 (size before relaxing)
 .ARM.exidx.text.__udivmoddi4
                0x100195f8        0x0 /nix/store/shci5ykbsfws7kcxpqnn2qqxfw761haw-gcc-arm-embedded-12.3.rel1/bin/../lib/gcc/arm-none-eabi/12.3.1/thumb/v7e-m+fp/softfp/libgcc.a(_udivmoddi4.o)
                                  0x8 (size before relaxing)
                0x100195f8                        __exidx_end = .

.rel.dyn        0x100195f8        0x0
 .rel.iplt      0x100195f8        0x0 /nix/store/shci5ykbsfws7kcxpqnn2qqxfw761haw-gcc-arm-embedded-12.3.rel1/bin/../lib/gcc/arm-none-eabi/12.3.1/thumb/v7e-m+fp/softfp/crtbegin.o

.data           0x20000000      0x6f8 load address 0x100195f8
                0x20000000                        _data = ALIGN (., 0x4)
 *(.data*)
 .data.I2C_REGS_LEN
                0x20000000       0x18 /Pace-2024-ectf/component/build/simple_i2c_peripheral.o
                0x20000000                I2C_REGS_LEN
 .data.I2C_REGS
                0x20000018       0x18 /Pace-2024-ectf/component/build/simple_i2c_peripheral.o
                0x20000018                I2C_REGS
 .data.ConsoleUart
                0x20000030        0x4 /Pace-2024-ectf/component/build/board.o
                0x20000030                ConsoleUart
 .data.overflows
                0x20000034        0x4 /Pace-2024-ectf/msdk/Libraries/PeriphDrivers/bin/MAX78000/softfp/libPeriphDriver_softfp.a(mxc_delay.o)
 .data.__malloc_sbrk_base
                0x20000038        0x4 /nix/store/shci5ykbsfws7kcxpqnn2qqxfw761haw-gcc-arm-embedded-12.3.rel1/bin/../lib/gcc/arm-none-eabi/12.3.1/../../../../arm-none-eabi/lib/thumb/v7e-m+fp/softfp/libc.a(libc_a-mallocr.o)
                0x20000038                __malloc_sbrk_base
 .data.__malloc_trim_threshold
                0x2000003c        0x4 /nix/store/shci5ykbsfws7kcxpqnn2qqxfw761haw-gcc-arm-embedded-12.3.rel1/bin/../lib/gcc/arm-none-eabi/12.3.1/../../../../arm-none-eabi/lib/thumb/v7e-m+fp/softfp/libc.a(libc_a-mallocr.o)
                0x2000003c                __malloc_trim_threshold
 .data.__malloc_av_
                0x20000040      0x408 /nix/store/shci5ykbsfws7kcxpqnn2qqxfw761haw-gcc-arm-embedded-12.3.rel1/bin/../lib/gcc/arm-none-eabi/12.3.1/../../../../arm-none-eabi/lib/thumb/v7e-m+fp/softfp/libc.a(libc_a-mallocr.o)
                0x20000040                __malloc_av_
 .data.__atexit_recursive_mutex
                0x20000448        0x4 /nix/store/shci5ykbsfws7kcxpqnn2qqxfw761haw-gcc-arm-embedded-12.3.rel1/bin/../lib/gcc/arm-none-eabi/12.3.1/../../../../arm-none-eabi/lib/thumb/v7e-m+fp/softfp/libc.a(libc_a-__call_atexit.o)
                0x20000448                __atexit_recursive_mutex
 .data.__global_locale
                0x2000044c      0x16c /nix/store/shci5ykbsfws7kcxpqnn2qqxfw761haw-gcc-arm-embedded-12.3.rel1/bin/../lib/gcc/arm-none-eabi/12.3.1/../../../../arm-none-eabi/lib/thumb/v7e-m+fp/softfp/libc.a(libc_a-locale.o)
                0x2000044c                __global_locale
 .data._impure_ptr
                0x200005b8        0x4 /nix/store/shci5ykbsfws7kcxpqnn2qqxfw761haw-gcc-arm-embedded-12.3.rel1/bin/../lib/gcc/arm-none-eabi/12.3.1/../../../../arm-none-eabi/lib/thumb/v7e-m+fp/softfp/libc.a(libc_a-impure.o)
                0x200005b8                _impure_ptr
 *fill*         0x200005bc        0x4 
 .data._impure_data
                0x200005c0      0x120 /nix/store/shci5ykbsfws7kcxpqnn2qqxfw761haw-gcc-arm-embedded-12.3.rel1/bin/../lib/gcc/arm-none-eabi/12.3.1/../../../../arm-none-eabi/lib/thumb/v7e-m+fp/softfp/libc.a(libc_a-impure.o)
                0x200005c0                _impure_data
 .data.__sglue  0x200006e0        0xc /nix/store/shci5ykbsfws7kcxpqnn2qqxfw761haw-gcc-arm-embedded-12.3.rel1/bin/../lib/gcc/arm-none-eabi/12.3.1/../../../../arm-none-eabi/lib/thumb/v7e-m+fp/softfp/libc.a(libc_a-findfp.o)
                0x200006e0                __sglue
 *(.flashprog*)
                0x200006ec                        . = ALIGN (0x4)
                0x200006ec                        PROVIDE (__preinit_array_start = .)
 *(.preinit_array)
                0x200006ec                        PROVIDE (__preinit_array_end = .)
                0x200006ec                        . = ALIGN (0x4)
                0x200006ec                        PROVIDE (__init_array_start = .)
 *(SORT_BY_NAME(.init_array.*))
 .init_array.00000
                0x200006ec        0x4 /nix/store/shci5ykbsfws7kcxpqnn2qqxfw761haw-gcc-arm-embedded-12.3.rel1/bin/../lib/gcc/arm-none-eabi/12.3.1/../../../../arm-none-eabi/lib/thumb/v7e-m+fp/softfp/libc.a(libc_a-__call_atexit.o)
 *(.init_array)
 .init_array    0x200006f0        0x4 /nix/store/shci5ykbsfws7kcxpqnn2qqxfw761haw-gcc-arm-embedded-12.3.rel1/bin/../lib/gcc/arm-none-eabi/12.3.1/thumb/v7e-m+fp/softfp/crtbegin.o
                0x200006f4                        PROVIDE (__init_array_end = .)
                0x200006f4                        . = ALIGN (0x4)
                0x200006f4                        PROVIDE (__fini_array_start = .)
 *(SORT_BY_NAME(.fini_array.*))
 *(.fini_array)
 .fini_array    0x200006f4        0x4 /nix/store/shci5ykbsfws7kcxpqnn2qqxfw761haw-gcc-arm-embedded-12.3.rel1/bin/../lib/gcc/arm-none-eabi/12.3.1/thumb/v7e-m+fp/softfp/crtbegin.o
                0x200006f8                        PROVIDE (__fini_array_end = .)
                0x200006f8                        _edata = ALIGN (., 0x4)
                0x100195f8                        __load_data = LOADADDR (.data)

.tm_clone_table
                0x200006f8        0x0 load address 0x10019cf0
 .tm_clone_table
                0x200006f8        0x0 /nix/store/shci5ykbsfws7kcxpqnn2qqxfw761haw-gcc-arm-embedded-12.3.rel1/bin/../lib/gcc/arm-none-eabi/12.3.1/thumb/v7e-m+fp/softfp/crtbegin.o
 .tm_clone_table
                0x200006f8        0x0 /nix/store/shci5ykbsfws7kcxpqnn2qqxfw761haw-gcc-arm-embedded-12.3.rel1/bin/../lib/gcc/arm-none-eabi/12.3.1/thumb/v7e-m+fp/softfp/crtend.o

.igot.plt       0x200006f8        0x0 load address 0x10019cf0
 .igot.plt      0x200006f8        0x0 /nix/store/shci5ykbsfws7kcxpqnn2qqxfw761haw-gcc-arm-embedded-12.3.rel1/bin/../lib/gcc/arm-none-eabi/12.3.1/thumb/v7e-m+fp/softfp/crtbegin.o

.bss            0x20000800      0xf40 load address 0x10019cf0
                0x20000800                        . = ALIGN (0x4)
                0x20000800                        _bss = .
 *(.bss*)
 .bss.completed.1
                0x20000800        0x1 /nix/store/shci5ykbsfws7kcxpqnn2qqxfw761haw-gcc-arm-embedded-12.3.rel1/bin/../lib/gcc/arm-none-eabi/12.3.1/thumb/v7e-m+fp/softfp/crtbegin.o
 *fill*         0x20000801        0x3 
 .bss.object.0  0x20000804       0x18 /nix/store/shci5ykbsfws7kcxpqnn2qqxfw761haw-gcc-arm-embedded-12.3.rel1/bin/../lib/gcc/arm-none-eabi/12.3.1/thumb/v7e-m+fp/softfp/crtbegin.o
 .bss.transmit_buffer
                0x2000081c      0x100 /Pace-2024-ectf/component/build/component.o
                0x2000081c                transmit_buffer
 .bss.receive_buffer
                0x2000091c      0x100 /Pace-2024-ectf/component/build/component.o
                0x2000091c                receive_buffer
 .bss.READ_INDEX.0
                0x20000a1c        0x4 /Pace-2024-ectf/component/build/simple_i2c_peripheral.o
 .bss.WRITE_INDEX.1
                0x20000a20        0x4 /Pace-2024-ectf/component/build/simple_i2c_peripheral.o
 .bss.ACTIVE_REG.2
                0x20000a24        0x1 /Pace-2024-ectf/component/build/simple_i2c_peripheral.o
 .bss.WRITE_START.3
                0x20000a25        0x1 /Pace-2024-ectf/component/build/simple_i2c_peripheral.o
 *fill*         0x20000a26        0x2 
 .bss.TRANSMIT_LEN_REG
                0x20000a28        0x1 /Pace-2024-ectf/component/build/simple_i2c_peripheral.o
                0x20000a28                TRANSMIT_LEN_REG
 *fill*         0x20000a29        0x3 
 .bss.TRANSMIT_DONE_REG
                0x20000a2c        0x1 /Pace-2024-ectf/component/build/simple_i2c_peripheral.o
                0x20000a2c                TRANSMIT_DONE_REG
 *fill*         0x20000a2d        0x3 
 .bss.TRANSMIT_REG
                0x20000a30      0x100 /Pace-2024-ectf/component/build/simple_i2c_peripheral.o
                0x20000a30                TRANSMIT_REG
 .bss.RECEIVE_LEN_REG
                0x20000b30        0x1 /Pace-2024-ectf/component/build/simple_i2c_peripheral.o
                0x20000b30                RECEIVE_LEN_REG
 *fill*         0x20000b31        0x3 
 .bss.RECEIVE_DONE_REG
                0x20000b34        0x1 /Pace-2024-ectf/component/build/simple_i2c_peripheral.o
                0x20000b34                RECEIVE_DONE_REG
 *fill*         0x20000b35        0x3 
 .bss.RECEIVE_REG
                0x20000b38      0x100 /Pace-2024-ectf/component/build/simple_i2c_peripheral.o
                0x20000b38                RECEIVE_REG
 .bss.heap_end  0x20000c38        0x4 /Pace-2024-ectf/component/build/heap.o
 .bss.cbFunc    0x20000c3c        0x4 /Pace-2024-ectf/msdk/Libraries/PeriphDrivers/bin/MAX78000/softfp/libPeriphDriver_softfp.a(mxc_delay.o)
 .bss.ctrl_save
                0x20000c40        0x4 /Pace-2024-ectf/msdk/Libraries/PeriphDrivers/bin/MAX78000/softfp/libPeriphDriver_softfp.a(mxc_delay.o)
 .bss.endtick   0x20000c44        0x4 /Pace-2024-ectf/msdk/Libraries/PeriphDrivers/bin/MAX78000/softfp/libPeriphDriver_softfp.a(mxc_delay.o)
 *fill*         0x20000c48      0x1b8 
 .bss.ramVectorTable
                0x20000e00      0x1e0 /Pace-2024-ectf/msdk/Libraries/PeriphDrivers/bin/MAX78000/softfp/libPeriphDriver_softfp.a(nvic_table.o)
 .bss.states    0x20000fe0       0x48 /Pace-2024-ectf/msdk/Libraries/PeriphDrivers/bin/MAX78000/softfp/libPeriphDriver_softfp.a(i2c_reva.o)
 .bss.initialized
                0x20001028        0x1 /Pace-2024-ectf/msdk/Libraries/PeriphDrivers/bin/MAX78000/softfp/libPeriphDriver_softfp.a(gpio_common.o)
 *fill*         0x20001029        0x3 
 .bss.cbparam   0x2000102c      0x200 /Pace-2024-ectf/msdk/Libraries/PeriphDrivers/bin/MAX78000/softfp/libPeriphDriver_softfp.a(gpio_common.o)
 .bss.callback  0x2000122c      0x200 /Pace-2024-ectf/msdk/Libraries/PeriphDrivers/bin/MAX78000/softfp/libPeriphDriver_softfp.a(gpio_common.o)
 .bss.__malloc_current_mallinfo
                0x2000142c       0x28 /nix/store/shci5ykbsfws7kcxpqnn2qqxfw761haw-gcc-arm-embedded-12.3.rel1/bin/../lib/gcc/arm-none-eabi/12.3.1/../../../../arm-none-eabi/lib/thumb/v7e-m+fp/softfp/libc.a(libc_a-mallocr.o)
                0x2000142c                __malloc_current_mallinfo
 .bss.__malloc_max_total_mem
                0x20001454        0x4 /nix/store/shci5ykbsfws7kcxpqnn2qqxfw761haw-gcc-arm-embedded-12.3.rel1/bin/../lib/gcc/arm-none-eabi/12.3.1/../../../../arm-none-eabi/lib/thumb/v7e-m+fp/softfp/libc.a(libc_a-mallocr.o)
                0x20001454                __malloc_max_total_mem
 .bss.__malloc_max_sbrked_mem
                0x20001458        0x4 /nix/store/shci5ykbsfws7kcxpqnn2qqxfw761haw-gcc-arm-embedded-12.3.rel1/bin/../lib/gcc/arm-none-eabi/12.3.1/../../../../arm-none-eabi/lib/thumb/v7e-m+fp/softfp/libc.a(libc_a-mallocr.o)
                0x20001458                __malloc_max_sbrked_mem
 .bss.__malloc_top_pad
                0x2000145c        0x4 /nix/store/shci5ykbsfws7kcxpqnn2qqxfw761haw-gcc-arm-embedded-12.3.rel1/bin/../lib/gcc/arm-none-eabi/12.3.1/../../../../arm-none-eabi/lib/thumb/v7e-m+fp/softfp/libc.a(libc_a-mallocr.o)
                0x2000145c                __malloc_top_pad
 .bss.__atexit  0x20001460        0x4 /nix/store/shci5ykbsfws7kcxpqnn2qqxfw761haw-gcc-arm-embedded-12.3.rel1/bin/../lib/gcc/arm-none-eabi/12.3.1/../../../../arm-none-eabi/lib/thumb/v7e-m+fp/softfp/libc.a(libc_a-__call_atexit.o)
                0x20001460                __atexit
 .bss.__lock___malloc_recursive_mutex
                0x20001464        0x1 /nix/store/shci5ykbsfws7kcxpqnn2qqxfw761haw-gcc-arm-embedded-12.3.rel1/bin/../lib/gcc/arm-none-eabi/12.3.1/../../../../arm-none-eabi/lib/thumb/v7e-m+fp/softfp/libc.a(libc_a-lock.o)
                0x20001464                __lock___malloc_recursive_mutex
 *fill*         0x20001465        0x3 
 .bss.__lock___atexit_recursive_mutex
                0x20001468        0x1 /nix/store/shci5ykbsfws7kcxpqnn2qqxfw761haw-gcc-arm-embedded-12.3.rel1/bin/../lib/gcc/arm-none-eabi/12.3.1/../../../../arm-none-eabi/lib/thumb/v7e-m+fp/softfp/libc.a(libc_a-lock.o)
                0x20001468                __lock___atexit_recursive_mutex
 *fill*         0x20001469        0x3 
 .bss.__lock___sfp_recursive_mutex
                0x2000146c        0x1 /nix/store/shci5ykbsfws7kcxpqnn2qqxfw761haw-gcc-arm-embedded-12.3.rel1/bin/../lib/gcc/arm-none-eabi/12.3.1/../../../../arm-none-eabi/lib/thumb/v7e-m+fp/softfp/libc.a(libc_a-lock.o)
                0x2000146c                __lock___sfp_recursive_mutex
 *fill*         0x2000146d        0x3 
 .bss.__sf      0x20001470      0x138 /nix/store/shci5ykbsfws7kcxpqnn2qqxfw761haw-gcc-arm-embedded-12.3.rel1/bin/../lib/gcc/arm-none-eabi/12.3.1/../../../../arm-none-eabi/lib/thumb/v7e-m+fp/softfp/libc.a(libc_a-findfp.o)
                0x20001470                __sf
 .bss.__stdio_exit_handler
                0x200015a8        0x4 /nix/store/shci5ykbsfws7kcxpqnn2qqxfw761haw-gcc-arm-embedded-12.3.rel1/bin/../lib/gcc/arm-none-eabi/12.3.1/../../../../arm-none-eabi/lib/thumb/v7e-m+fp/softfp/libc.a(libc_a-findfp.o)
                0x200015a8                __stdio_exit_handler
 .bss.__atexit0
                0x200015ac      0x190 /nix/store/shci5ykbsfws7kcxpqnn2qqxfw761haw-gcc-arm-embedded-12.3.rel1/bin/../lib/gcc/arm-none-eabi/12.3.1/../../../../arm-none-eabi/lib/thumb/v7e-m+fp/softfp/libc.a(libc_a-__atexit.o)
                0x200015ac                __atexit0
 .bss.errno     0x2000173c        0x4 /nix/store/shci5ykbsfws7kcxpqnn2qqxfw761haw-gcc-arm-embedded-12.3.rel1/bin/../lib/gcc/arm-none-eabi/12.3.1/../../../../arm-none-eabi/lib/thumb/v7e-m+fp/softfp/libc.a(libc_a-reent.o)
                0x2000173c                errno
 *(COMMON)
                0x20001740                        _ebss = ALIGN (., 0x4)

.shared         0x20001740        0x4 load address 0x10019cf0
                0x20001740                        . = ALIGN (0x4)
                0x20001740                        _shared = .
 *(.mailbox*)
                0x20001740                        . = ALIGN (0x4)
 *(.shared*)
 .shared        0x20001740        0x4 /Pace-2024-ectf/component/build/system_max78000.o
                0x20001740                SystemCoreClock
                0x20001744                        _eshared = ALIGN (., 0x4)
                0x10019cf0                        __shared_data = LOADADDR (.shared)
                0x20020000                        __StackTop = (ORIGIN (SRAM) + LENGTH (SRAM))
                0x2001f000                        __StackLimit = (__StackTop - SIZEOF (.stack_dummy))

.stack_dummy    0x20001748     0x1000 load address 0x10019cf4
 *(.stack*)
 .stack         0x20001748     0x1000 /Pace-2024-ectf/component/build/startup_firmware.o

.heap           0x20001748      0xc00 load address 0x10019cf4
                0x20001748                        . = ALIGN (0x4)
 *(.heap*)
 .heap          0x20001748      0xc00 /Pace-2024-ectf/component/build/startup_firmware.o
                0x20001748                __HeapBase